Archive member included to satisfy reference by file (symbol)

/usr/local/mcuxpressoide-10.3.1_2233/ide/plugins/com.nxp.mcuxpresso.tools.linux_10.3.0.201811011841/tools/bin/../lib/gcc/arm-none-eabi/7.3.1/../../../../arm-none-eabi/lib/thumb/v6-m/libcr_semihost.a(_cr__main.o)
                              ./src/cr_startup_lpc11xx.o (__main)
/usr/local/mcuxpressoide-10.3.1_2233/ide/plugins/com.nxp.mcuxpresso.tools.linux_10.3.0.201811011841/tools/bin/../lib/gcc/arm-none-eabi/7.3.1/../../../../arm-none-eabi/lib/thumb/v6-m/libcr_c.a(memcpy.o)
                              ./src/main.o (memcpy)
/usr/local/mcuxpressoide-10.3.1_2233/ide/plugins/com.nxp.mcuxpresso.tools.linux_10.3.0.201811011841/tools/bin/../lib/gcc/arm-none-eabi/7.3.1/../../../../arm-none-eabi/lib/thumb/v6-m/libcr_c.a(memset.o)
                              ./src/bme280.o (memset)
/usr/local/mcuxpressoide-10.3.1_2233/ide/plugins/com.nxp.mcuxpresso.tools.linux_10.3.0.201811011841/tools/bin/../lib/gcc/arm-none-eabi/7.3.1/../../../../arm-none-eabi/lib/thumb/v6-m/libcr_c.a(initio.o)
                              /usr/local/mcuxpressoide-10.3.1_2233/ide/plugins/com.nxp.mcuxpresso.tools.linux_10.3.0.201811011841/tools/bin/../lib/gcc/arm-none-eabi/7.3.1/../../../../arm-none-eabi/lib/thumb/v6-m/libcr_semihost.a(_cr__main.o) (_initio)
/usr/local/mcuxpressoide-10.3.1_2233/ide/plugins/com.nxp.mcuxpresso.tools.linux_10.3.0.201811011841/tools/bin/../lib/gcc/arm-none-eabi/7.3.1/../../../../arm-none-eabi/lib/thumb/v6-m/libcr_c.a(setvbuf.o)
                              /usr/local/mcuxpressoide-10.3.1_2233/ide/plugins/com.nxp.mcuxpresso.tools.linux_10.3.0.201811011841/tools/bin/../lib/gcc/arm-none-eabi/7.3.1/../../../../arm-none-eabi/lib/thumb/v6-m/libcr_c.a(initio.o) (setvbuf)
/usr/local/mcuxpressoide-10.3.1_2233/ide/plugins/com.nxp.mcuxpresso.tools.linux_10.3.0.201811011841/tools/bin/../lib/gcc/arm-none-eabi/7.3.1/../../../../arm-none-eabi/lib/thumb/v6-m/libcr_c.a(_fdopen.o)
                              /usr/local/mcuxpressoide-10.3.1_2233/ide/plugins/com.nxp.mcuxpresso.tools.linux_10.3.0.201811011841/tools/bin/../lib/gcc/arm-none-eabi/7.3.1/../../../../arm-none-eabi/lib/thumb/v6-m/libcr_c.a(initio.o) (_fdopen)
/usr/local/mcuxpressoide-10.3.1_2233/ide/plugins/com.nxp.mcuxpresso.tools.linux_10.3.0.201811011841/tools/bin/../lib/gcc/arm-none-eabi/7.3.1/../../../../arm-none-eabi/lib/thumb/v6-m/libcr_c.a(fclose.o)
                              /usr/local/mcuxpressoide-10.3.1_2233/ide/plugins/com.nxp.mcuxpresso.tools.linux_10.3.0.201811011841/tools/bin/../lib/gcc/arm-none-eabi/7.3.1/../../../../arm-none-eabi/lib/thumb/v6-m/libcr_c.a(initio.o) (fclose)
/usr/local/mcuxpressoide-10.3.1_2233/ide/plugins/com.nxp.mcuxpresso.tools.linux_10.3.0.201811011841/tools/bin/../lib/gcc/arm-none-eabi/7.3.1/../../../../arm-none-eabi/lib/thumb/v6-m/libcr_c.a(fflush.o)
                              /usr/local/mcuxpressoide-10.3.1_2233/ide/plugins/com.nxp.mcuxpresso.tools.linux_10.3.0.201811011841/tools/bin/../lib/gcc/arm-none-eabi/7.3.1/../../../../arm-none-eabi/lib/thumb/v6-m/libcr_c.a(fclose.o) (fflush)
/usr/local/mcuxpressoide-10.3.1_2233/ide/plugins/com.nxp.mcuxpresso.tools.linux_10.3.0.201811011841/tools/bin/../lib/gcc/arm-none-eabi/7.3.1/../../../../arm-none-eabi/lib/thumb/v6-m/libcr_c.a(fseek.o)
                              /usr/local/mcuxpressoide-10.3.1_2233/ide/plugins/com.nxp.mcuxpresso.tools.linux_10.3.0.201811011841/tools/bin/../lib/gcc/arm-none-eabi/7.3.1/../../../../arm-none-eabi/lib/thumb/v6-m/libcr_c.a(_fdopen.o) (fseek)
/usr/local/mcuxpressoide-10.3.1_2233/ide/plugins/com.nxp.mcuxpresso.tools.linux_10.3.0.201811011841/tools/bin/../lib/gcc/arm-none-eabi/7.3.1/../../../../arm-none-eabi/lib/thumb/v6-m/libcr_c.a(ftell.o)
                              /usr/local/mcuxpressoide-10.3.1_2233/ide/plugins/com.nxp.mcuxpresso.tools.linux_10.3.0.201811011841/tools/bin/../lib/gcc/arm-none-eabi/7.3.1/../../../../arm-none-eabi/lib/thumb/v6-m/libcr_c.a(fseek.o) (ftell)
/usr/local/mcuxpressoide-10.3.1_2233/ide/plugins/com.nxp.mcuxpresso.tools.linux_10.3.0.201811011841/tools/bin/../lib/gcc/arm-none-eabi/7.3.1/../../../../arm-none-eabi/lib/thumb/v6-m/libcr_c.a(remove.o)
                              /usr/local/mcuxpressoide-10.3.1_2233/ide/plugins/com.nxp.mcuxpresso.tools.linux_10.3.0.201811011841/tools/bin/../lib/gcc/arm-none-eabi/7.3.1/../../../../arm-none-eabi/lib/thumb/v6-m/libcr_c.a(fclose.o) (remove)
/usr/local/mcuxpressoide-10.3.1_2233/ide/plugins/com.nxp.mcuxpresso.tools.linux_10.3.0.201811011841/tools/bin/../lib/gcc/arm-none-eabi/7.3.1/../../../../arm-none-eabi/lib/thumb/v6-m/libcr_c.a(strlen.o)
                              /usr/local/mcuxpressoide-10.3.1_2233/ide/plugins/com.nxp.mcuxpresso.tools.linux_10.3.0.201811011841/tools/bin/../lib/gcc/arm-none-eabi/7.3.1/../../../../arm-none-eabi/lib/thumb/v6-m/libcr_c.a(remove.o) (strlen)
[...]
Memory Configuration

Name             Origin             Length             Attributes
MFlash32         0x0000000000000000 0x0000000000004000 xr
RamLoc8          0x0000000010000000 0x0000000000002000 xrw
*default*        0x0000000000000000 0xffffffffffffffff

Linker script and memory map

LOAD ./src/DS18B20.o
LOAD ./src/TLI4970.o
LOAD ./src/bme280.o
LOAD ./src/bme280_user.o
LOAD ./src/charSet.o
LOAD ./src/cr_startup_lpc11xx.o
LOAD ./src/crp.o
LOAD ./src/firmware.o
LOAD ./src/gpio.o
LOAD ./src/i2c.o
LOAD ./src/iap_driver.o
LOAD ./src/lcd_thermostat.o
LOAD ./src/main.o
LOAD ./src/modbus.o
LOAD ./src/oneWire.o
LOAD ./src/pwm.o
LOAD ./src/screenFeroFluid.o
LOAD ./src/sht30.o
LOAD ./src/ssp.o
LOAD ./src/timer16.o
LOAD ./src/timer32.o
LOAD ./src/triac.o
LOAD ./src/uart.o
START GROUP
LOAD /usr/local/mcuxpressoide-10.3.1_2233/ide/plugins/com.nxp.mcuxpresso.tools.linux_10.3.0.201811011841/tools/bin/../lib/gcc/arm-none-eabi/7.3.1/../../../../arm-none-eabi/lib/thumb/v6-m/libcr_semihost.a
LOAD /usr/local/mcuxpressoide-10.3.1_2233/ide/plugins/com.nxp.mcuxpresso.tools.linux_10.3.0.201811011841/tools/bin/../lib/gcc/arm-none-eabi/7.3.1/../../../../arm-none-eabi/lib/thumb/v6-m/libcr_c.a
LOAD /usr/local/mcuxpressoide-10.3.1_2233/ide/plugins/com.nxp.mcuxpresso.tools.linux_10.3.0.201811011841/tools/bin/../lib/gcc/arm-none-eabi/7.3.1/thumb/v6-m/libcr_eabihelpers.a
LOAD /usr/local/mcuxpressoide-10.3.1_2233/ide/plugins/com.nxp.mcuxpresso.tools.linux_10.3.0.201811011841/tools/bin/../lib/gcc/arm-none-eabi/7.3.1/thumb/v6-m/libgcc.a
END GROUP
                0x0000000000000000                __base_MFlash32 = 0x0
                0x0000000000000000                __base_Flash = 0x0
                0x0000000000004000                __top_MFlash32 = 0x4000
                0x0000000000004000                __top_Flash = 0x4000
                0x0000000010000000                __base_RamLoc8 = 0x10000000
                0x0000000010000000                __base_RAM = 0x10000000
                0x0000000010002000                __top_RamLoc8 = 0x10002000
                0x0000000010002000                __top_RAM = 0x10002000

.text           0x0000000000000000     0x2a5c
 FILL mask 0xff
                0x0000000000000000                __vectors_start__ = ABSOLUTE (.)
 *(.isr_vector)
 .isr_vector    0x0000000000000000       0xc0 ./src/cr_startup_lpc11xx.o
                0x0000000000000000                g_pfnVectors
                0x00000000000000c0                . = ALIGN (0x4)
                0x00000000000000c0                __section_table_start = .
                0x00000000000000c0                __data_section_table = .
                0x00000000000000c0        0x4 LONG 0x2a5c LOADADDR (.data)
                0x00000000000000c4        0x4 LONG 0x10000000 ADDR (.data)
                0x00000000000000c8        0x4 LONG 0x1fc SIZEOF (.data)
                0x00000000000000cc                __data_section_table_end = .
                0x00000000000000cc                __bss_section_table = .
                0x00000000000000cc        0x4 LONG 0x10000200 ADDR (.bss)
                0x00000000000000d0        0x4 LONG 0xc7c SIZEOF (.bss)
                0x00000000000000d4                __bss_section_table_end = .
                0x00000000000000d4                __section_table_end = .
 *(.after_vectors*)
 .after_vectors
                0x00000000000000d4       0x78 ./src/cr_startup_lpc11xx.o
                0x00000000000000d4                NMI_Handler
                0x00000000000000d6                HardFault_Handler
                0x00000000000000d8                SVC_Handler
                0x00000000000000da                PendSV_Handler
                0x00000000000000dc                SysTick_Handler
                0x00000000000000de                IntDefaultHandler
                0x00000000000000de                PIOINT1_IRQHandler
                0x00000000000000de                CAN_IRQHandler
                0x00000000000000de                ADC_IRQHandler
                0x00000000000000de                PIOINT2_IRQHandler
                0x00000000000000de                BOD_IRQHandler
                0x00000000000000de                WAKEUP_IRQHandler
                0x00000000000000de                WDT_IRQHandler
                0x00000000000000de                PIOINT3_IRQHandler
                0x00000000000000e0                data_init
                0x00000000000000f6                bss_init
                0x0000000000000108                ResetISR
                0x00000000000002fc                . = 0x2fc
 *fill*         0x000000000000014c      0x1b0 ff
                0x00000000000002fc                PROVIDE (__CRP_WORD_START__ = .)
 *(.crp)
 .crp           0x00000000000002fc        0x4 ./src/crp.o
                0x00000000000002fc                CRP_WORD
                0x0000000000000300                PROVIDE (__CRP_WORD_END__ = .)
                0x0000000000000001                ASSERT (! ((__CRP_WORD_START__ == __CRP_WORD_END__)), Linker CRP Enabled, but no CRP_WORD provided within application)
 *(.text*)
 .text.firmwareStore
                0x0000000000000300       0x4c ./src/firmware.o
                0x0000000000000300                firmwareStore
 .text.firmwareDecode
                0x000000000000034c       0x30 ./src/firmware.o
                0x000000000000034c                firmwareDecode
 .text.GPIOSetInterrupt
                0x000000000000037c      0x1c0 ./src/gpio.o
                0x000000000000037c                GPIOSetInterrupt
 .text.I2C_IRQHandler
                0x000000000000053c      0x1c8 ./src/i2c.o
                0x000000000000053c                I2C_IRQHandler
 .text.iapInit  0x0000000000000704       0x20 ./src/iap_driver.o
                0x0000000000000704                iapInit
 .text.modBusCallBackRead
                0x0000000000000724      0x1b8 ./src/main.o
                0x0000000000000724                modBusCallBackRead
 .text.configClock
                0x00000000000008dc       0x6c ./src/main.o
                0x00000000000008dc                configClock
 .text.configSave
                0x0000000000000948       0x5c ./src/main.o
                0x0000000000000948                configSave
 .text.modBusCallBackWrite
                0x00000000000009a4      0x13c ./src/main.o
                0x00000000000009a4                modBusCallBackWrite
 .text.main     0x0000000000000ae0      0x370 ./src/main.o
                0x0000000000000ae0                main
 .text.modeBusUartRx
                0x0000000000000e50       0xa0 ./src/modbus.o
                0x0000000000000e50                modeBusUartRx
 .text.modBusSetCallbackWrite
                0x0000000000000ef0        0xc ./src/modbus.o
                0x0000000000000ef0                modBusSetCallbackWrite
 .text.modBusSetCallbackRead
                0x0000000000000efc        0xc ./src/modbus.o
                0x0000000000000efc                modBusSetCallbackRead
 .text.modeBusInit
                0x0000000000000f08       0x54 ./src/modbus.o
                0x0000000000000f08                modeBusInit
 .text.modeBusCrc
                0x0000000000000f5c       0x30 ./src/modbus.o
                0x0000000000000f5c                modeBusCrc
 .text.modeBusSendPaquet
                0x0000000000000f8c       0xa8 ./src/modbus.o
                0x0000000000000f8c                modeBusSendPaquet
 .text.modeBusPaquetRead
                0x0000000000001034      0x1a8 ./src/modbus.o
                0x0000000000001034                modeBusPaquetRead
 .text.TIMER32_0_IRQHandler
                0x00000000000011dc       0xb4 ./src/modbus.o
                0x00000000000011dc                TIMER32_0_IRQHandler
 .text.modeBusCompute
                0x0000000000001290       0x48 ./src/modbus.o
                0x0000000000001290                modeBusCompute
 .text.TIMER16_0_IRQHandler
                0x00000000000012d8      0x22c ./src/oneWire.o
                0x00000000000012d8                TIMER16_0_IRQHandler
 .text.pwmInit  0x0000000000001504       0x24 ./src/pwm.o
                0x0000000000001504                pwmInit
 .text.setPwm   0x0000000000001528       0x74 ./src/pwm.o
                0x0000000000001528                setPwm
 .text.TIMER32_1_IRQHandler
                0x000000000000159c       0xb0 ./src/pwm.o
                0x000000000000159c                TIMER32_1_IRQHandler
 .text.screenInit
                0x000000000000164c       0x88 ./src/screenFeroFluid.o
                0x000000000000164c                screenInit
 .text.screenSend2pixel
                0x00000000000016d4       0xa8 ./src/screenFeroFluid.o
                0x00000000000016d4                screenSend2pixel
 .text.screenUpdate
                0x000000000000177c       0x40 ./src/screenFeroFluid.o
                0x000000000000177c                screenUpdate
 .text.screenBare
                0x00000000000017bc       0x40 ./src/screenFeroFluid.o
                0x00000000000017bc                screenBare
 .text.screenUpdateSmooth
                0x00000000000017fc       0x70 ./src/screenFeroFluid.o
                0x00000000000017fc                screenUpdateSmooth
 .text.screenComputeMs
                0x000000000000186c       0xac ./src/screenFeroFluid.o
                0x000000000000186c                screenComputeMs
 .text.SSP0_IRQHandler
                0x0000000000001918       0x48 ./src/ssp.o
                0x0000000000001918                SSP0_IRQHandler
 .text.SSP1_IRQHandler
                0x0000000000001960       0x48 ./src/ssp.o
                0x0000000000001960                SSP1_IRQHandler
 .text.SSP_IOConfig
                0x00000000000019a8       0x8c ./src/ssp.o
                0x00000000000019a8                SSP_IOConfig
 .text.SSP_Init
                0x0000000000001a34       0x84 ./src/ssp.o
                0x0000000000001a34                SSP_Init
 .text.SSP_Send_not_bloking
                0x0000000000001ab8       0x30 ./src/ssp.o
                0x0000000000001ab8                SSP_Send_not_bloking
 .text.SSP_Ready_for_send
                0x0000000000001ae8       0x3c ./src/ssp.o
                0x0000000000001ae8                SSP_Ready_for_send
 .text.enable_timer16
                0x0000000000001b24       0x1c ./src/timer16.o
                0x0000000000001b24                enable_timer16
 .text.disable_timer16
                0x0000000000001b40       0x1c ./src/timer16.o
                0x0000000000001b40                disable_timer16
 .text.init_timer16
                0x0000000000001b5c       0x8c ./src/timer16.o
                0x0000000000001b5c                init_timer16
 .text.enable_timer32
                0x0000000000001be8       0x1c ./src/timer32.o
                0x0000000000001be8                enable_timer32
 .text.disable_timer32
                0x0000000000001c04       0x1c ./src/timer32.o
                0x0000000000001c04                disable_timer32
 .text.reset_timer32
                0x0000000000001c20       0x24 ./src/timer32.o
                0x0000000000001c20                reset_timer32
 .text.init_timer32
                0x0000000000001c44       0x6c ./src/timer32.o
                0x0000000000001c44                init_timer32
 .text.triacInit
                0x0000000000001cb0       0x40 ./src/triac.o
                0x0000000000001cb0                triacInit
 .text.set_triac
                0x0000000000001cf0       0x1c ./src/triac.o
                0x0000000000001cf0                set_triac
 .text.PIOINT0_IRQHandler
                0x0000000000001d0c       0x90 ./src/triac.o
                0x0000000000001d0c                PIOINT0_IRQHandler
 .text.TIMER16_1_IRQHandler
                0x0000000000001d9c       0x98 ./src/triac.o
                0x0000000000001d9c                TIMER16_1_IRQHandler
 .text.UartSetCallback
                0x0000000000001e34        0xc ./src/uart.o
                0x0000000000001e34                UartSetCallback
 .text.UartIRQHandler
                0x0000000000001e40       0x8c ./src/uart.o
                0x0000000000001e40                UartIRQHandler
 .text.UartInit
                0x0000000000001ecc       0xc0 ./src/uart.o
                0x0000000000001ecc                UartInit
 .text.UartSend
                0x0000000000001f8c       0x20 ./src/uart.o
                0x0000000000001f8c                UartSend
 .text.__main   0x0000000000001fac        0xc /usr/local/mcuxpressoide-10.3.1_2233/ide/plugins/com.nxp.mcuxpresso.tools.linux_10.3.0.201811011841/tools/bin/../lib/gcc/arm-none-eabi/7.3.1/../../../../arm-none-eabi/lib/thumb/v6-m/libcr_semihost.a(_cr__main.o)
                0x0000000000001fac                __main
                0x0000000000001fac                __CR_SEMIHOST
 .text.memcpy   0x0000000000001fb8        0x8 /usr/local/mcuxpressoide-10.3.1_2233/ide/plugins/com.nxp.mcuxpresso.tools.linux_10.3.0.201811011841/tools/bin/../lib/gcc/arm-none-eabi/7.3.1/../../../../arm-none-eabi/lib/thumb/v6-m/libcr_c.a(memcpy.o)
                0x0000000000001fb8                memcpy
 .text.memset   0x0000000000001fc0        0x8 /usr/local/mcuxpressoide-10.3.1_2233/ide/plugins/com.nxp.mcuxpresso.tools.linux_10.3.0.201811011841/tools/bin/../lib/gcc/arm-none-eabi/7.3.1/../../../../arm-none-eabi/lib/thumb/v6-m/libcr_c.a(memset.o)
                0x0000000000001fc0                memset
 .text._initio  0x0000000000001fc8       0x7c /usr/local/mcuxpressoide-10.3.1_2233/ide/plugins/com.nxp.mcuxpresso.tools.linux_10.3.0.201811011841/tools/bin/../lib/gcc/arm-none-eabi/7.3.1/../../../../arm-none-eabi/lib/thumb/v6-m/libcr_c.a(initio.o)
                0x0000000000001fc8                _initio
 .text.setvbuf  0x0000000000002044       0x48 /usr/local/mcuxpressoide-10.3.1_2233/ide/plugins/com.nxp.mcuxpresso.tools.linux_10.3.0.201811011841/tools/bin/../lib/gcc/arm-none-eabi/7.3.1/../../../../arm-none-eabi/lib/thumb/v6-m/libcr_c.a(setvbuf.o)
                0x0000000000002044                setvbuf
 .text._fdopen  0x000000000000208c       0x74 /usr/local/mcuxpressoide-10.3.1_2233/ide/plugins/com.nxp.mcuxpresso.tools.linux_10.3.0.201811011841/tools/bin/../lib/gcc/arm-none-eabi/7.3.1/../../../../arm-none-eabi/lib/thumb/v6-m/libcr_c.a(_fdopen.o)
                0x000000000000208c                _fdopen
 .text.fclose   0x0000000000002100       0x5c /usr/local/mcuxpressoide-10.3.1_2233/ide/plugins/com.nxp.mcuxpresso.tools.linux_10.3.0.201811011841/tools/bin/../lib/gcc/arm-none-eabi/7.3.1/../../../../arm-none-eabi/lib/thumb/v6-m/libcr_c.a(fclose.o)
                0x0000000000002100                fclose
 .text.fflush   0x000000000000215c       0x44 /usr/local/mcuxpressoide-10.3.1_2233/ide/plugins/com.nxp.mcuxpresso.tools.linux_10.3.0.201811011841/tools/bin/../lib/gcc/arm-none-eabi/7.3.1/../../../../arm-none-eabi/lib/thumb/v6-m/libcr_c.a(fflush.o)
                0x000000000000215c                fflush
 .text.fseek    0x00000000000021a0       0xf0 /usr/local/mcuxpressoide-10.3.1_2233/ide/plugins/com.nxp.mcuxpresso.tools.linux_10.3.0.201811011841/tools/bin/../lib/gcc/arm-none-eabi/7.3.1/../../../../arm-none-eabi/lib/thumb/v6-m/libcr_c.a(fseek.o)
                0x00000000000021a0                fseek
 .text.ftell    0x0000000000002290       0x48 /usr/local/mcuxpressoide-10.3.1_2233/ide/plugins/com.nxp.mcuxpresso.tools.linux_10.3.0.201811011841/tools/bin/../lib/gcc/arm-none-eabi/7.3.1/../../../../arm-none-eabi/lib/thumb/v6-m/libcr_c.a(ftell.o)
                0x0000000000002290                ftell
 .text.remove   0x00000000000022d8       0x12 /usr/local/mcuxpressoide-10.3.1_2233/ide/plugins/com.nxp.mcuxpresso.tools.linux_10.3.0.201811011841/tools/bin/../lib/gcc/arm-none-eabi/7.3.1/../../../../arm-none-eabi/lib/thumb/v6-m/libcr_c.a(remove.o)
                0x00000000000022d8                remove
 *fill*         0x00000000000022ea        0x2 ff
 .text.strlen   0x00000000000022ec       0x58 /usr/local/mcuxpressoide-10.3.1_2233/ide/plugins/com.nxp.mcuxpresso.tools.linux_10.3.0.201811011841/tools/bin/../lib/gcc/arm-none-eabi/7.3.1/../../../../arm-none-eabi/lib/thumb/v6-m/libcr_c.a(strlen.o)
                0x00000000000022ec                strlen
 .text._do_fflush
                0x0000000000002344       0x44 /usr/local/mcuxpressoide-10.3.1_2233/ide/plugins/com.nxp.mcuxpresso.tools.linux_10.3.0.201811011841/tools/bin/../lib/gcc/arm-none-eabi/7.3.1/../../../../arm-none-eabi/lib/thumb/v6-m/libcr_c.a(_do_fflush.o)
                0x0000000000002344                _do_fflush
 .text._fflush  0x0000000000002388       0x5c /usr/local/mcuxpressoide-10.3.1_2233/ide/plugins/com.nxp.mcuxpresso.tools.linux_10.3.0.201811011841/tools/bin/../lib/gcc/arm-none-eabi/7.3.1/../../../../arm-none-eabi/lib/thumb/v6-m/libcr_c.a(_fflush.o)
                0x0000000000002388                _fflush
 .text._Cwritebuf
                0x00000000000023e4       0x68 /usr/local/mcuxpressoide-10.3.1_2233/ide/plugins/com.nxp.mcuxpresso.tools.linux_10.3.0.201811011841/tools/bin/../lib/gcc/arm-none-eabi/7.3.1/../../../../arm-none-eabi/lib/thumb/v6-m/libcr_c.a(_writebuf.o)
                0x00000000000023e4                _Cwritebuf
 .text.free     0x000000000000244c       0x2c /usr/local/mcuxpressoide-10.3.1_2233/ide/plugins/com.nxp.mcuxpresso.tools.linux_10.3.0.201811011841/tools/bin/../lib/gcc/arm-none-eabi/7.3.1/../../../../arm-none-eabi/lib/thumb/v6-m/libcr_c.a(alloc.o)
                0x000000000000244c                free
 .text._deferredlazyseek
                0x0000000000002478       0x40 /usr/local/mcuxpressoide-10.3.1_2233/ide/plugins/com.nxp.mcuxpresso.tools.linux_10.3.0.201811011841/tools/bin/../lib/gcc/arm-none-eabi/7.3.1/../../../../arm-none-eabi/lib/thumb/v6-m/libcr_c.a(_deferredlazyseek.o)
                0x0000000000002478                _deferredlazyseek
 .text.__aeabi_division_idivmod
                0x00000000000024b8       0x78 /usr/local/mcuxpressoide-10.3.1_2233/ide/plugins/com.nxp.mcuxpresso.tools.linux_10.3.0.201811011841/tools/bin/../lib/gcc/arm-none-eabi/7.3.1/thumb/v6-m/libcr_eabihelpers.a(division_32.o)
                0x00000000000024b8                __aeabi_idiv
                0x00000000000024b8                __aeabi_idivmod
                0x00000000000024be                __aeabi_uidiv
                0x00000000000024be                __aeabi_uidivmod
 .text.__aeabi_division_uldivmod
                0x0000000000002530       0x5a /usr/local/mcuxpressoide-10.3.1_2233/ide/plugins/com.nxp.mcuxpresso.tools.linux_10.3.0.201811011841/tools/bin/../lib/gcc/arm-none-eabi/7.3.1/thumb/v6-m/libcr_eabihelpers.a(division_64.o)
                0x0000000000002530                __aeabi_uldivmod
 .text.__aeabi_division_ldivmod
                0x000000000000258a       0x32 /usr/local/mcuxpressoide-10.3.1_2233/ide/plugins/com.nxp.mcuxpresso.tools.linux_10.3.0.201811011841/tools/bin/../lib/gcc/arm-none-eabi/7.3.1/thumb/v6-m/libcr_eabihelpers.a(division_64.o)
                0x000000000000258a                __aeabi_ldivmod
 .text.__aeabi_division_idiv0
                0x00000000000025bc        0x2 /usr/local/mcuxpressoide-10.3.1_2233/ide/plugins/com.nxp.mcuxpresso.tools.linux_10.3.0.201811011841/tools/bin/../lib/gcc/arm-none-eabi/7.3.1/thumb/v6-m/libcr_eabihelpers.a(division_idiv0.o)
                0x00000000000025bc                __aeabi_idiv0
 .text.__aeabi_memcpy
                0x00000000000025be       0x2c /usr/local/mcuxpressoide-10.3.1_2233/ide/plugins/com.nxp.mcuxpresso.tools.linux_10.3.0.201811011841/tools/bin/../lib/gcc/arm-none-eabi/7.3.1/thumb/v6-m/libcr_eabihelpers.a(memcpy.o)
                0x00000000000025be                __aeabi_memcpy
                0x00000000000025be                __aeabi_memcpy4
                0x00000000000025be                __aeabi_memcpy8
 .text.__aeabi_memset_lowlevel
                0x00000000000025ea       0x2a /usr/local/mcuxpressoide-10.3.1_2233/ide/plugins/com.nxp.mcuxpresso.tools.linux_10.3.0.201811011841/tools/bin/../lib/gcc/arm-none-eabi/7.3.1/thumb/v6-m/libcr_eabihelpers.a(memcpy.o)
                0x00000000000025ea                __aeabi_lowlevel_memset
 .text.__sys_close
                0x0000000000002614        0xc /usr/local/mcuxpressoide-10.3.1_2233/ide/plugins/com.nxp.mcuxpresso.tools.linux_10.3.0.201811011841/tools/bin/../lib/gcc/arm-none-eabi/7.3.1/../../../../arm-none-eabi/lib/thumb/v6-m/libcr_semihost.a(__sys_close.o)
                0x0000000000002614                __sys_close
 .text.__sys_flen
                0x0000000000002620        0xc /usr/local/mcuxpressoide-10.3.1_2233/ide/plugins/com.nxp.mcuxpresso.tools.linux_10.3.0.201811011841/tools/bin/../lib/gcc/arm-none-eabi/7.3.1/../../../../arm-none-eabi/lib/thumb/v6-m/libcr_semihost.a(__sys_flen.o)
                0x0000000000002620                __sys_flen
 .text.__sys_istty
                0x000000000000262c        0xc /usr/local/mcuxpressoide-10.3.1_2233/ide/plugins/com.nxp.mcuxpresso.tools.linux_10.3.0.201811011841/tools/bin/../lib/gcc/arm-none-eabi/7.3.1/../../../../arm-none-eabi/lib/thumb/v6-m/libcr_semihost.a(__sys_istty.o)
                0x000000000000262c                __sys_istty
 .text.__sys_remove
                0x0000000000002638        0xc /usr/local/mcuxpressoide-10.3.1_2233/ide/plugins/com.nxp.mcuxpresso.tools.linux_10.3.0.201811011841/tools/bin/../lib/gcc/arm-none-eabi/7.3.1/../../../../arm-none-eabi/lib/thumb/v6-m/libcr_semihost.a(__sys_remove.o)
                0x0000000000002638                __sys_remove
 .text.__sys_seek
                0x0000000000002644        0xc /usr/local/mcuxpressoide-10.3.1_2233/ide/plugins/com.nxp.mcuxpresso.tools.linux_10.3.0.201811011841/tools/bin/../lib/gcc/arm-none-eabi/7.3.1/../../../../arm-none-eabi/lib/thumb/v6-m/libcr_semihost.a(__sys_seek.o)
                0x0000000000002644                __sys_seek
 .text.__sys_tmpnam
                0x0000000000002650        0xc /usr/local/mcuxpressoide-10.3.1_2233/ide/plugins/com.nxp.mcuxpresso.tools.linux_10.3.0.201811011841/tools/bin/../lib/gcc/arm-none-eabi/7.3.1/../../../../arm-none-eabi/lib/thumb/v6-m/libcr_semihost.a(__sys_tmpnam.o)
                0x0000000000002650                __sys_tmpnam
 .text.__sys_write
                0x000000000000265c        0xc /usr/local/mcuxpressoide-10.3.1_2233/ide/plugins/com.nxp.mcuxpresso.tools.linux_10.3.0.201811011841/tools/bin/../lib/gcc/arm-none-eabi/7.3.1/../../../../arm-none-eabi/lib/thumb/v6-m/libcr_semihost.a(__sys_write.o)
                0x000000000000265c                __sys_write
 .text.__sys_write.__stub
                0x0000000000002668       0x40 linker stubs
 *(.rodata .rodata.* .constdata .constdata.*)
 .rodata.I2C_IRQHandler
                0x00000000000026a8      0x144 ./src/i2c.o
 .rodata.BIT_SW
                0x00000000000027ec        0x4 ./src/main.o
 .rodata.PORT_SW
                0x00000000000027f0        0x4 ./src/main.o
 .rodata.modeBusPaquetRead
                0x00000000000027f4       0x44 ./src/modbus.o
 .rodata.wCRCTable
                0x0000000000002838      0x200 ./src/modbus.o
 .rodata.TIMER16_0_IRQHandler
                0x0000000000002a38       0x18 ./src/oneWire.o
 .rodata.pwmOrder
                0x0000000000002a50        0x3 ./src/pwm.o
 .rodata._initio.str1.1
                0x0000000000002a53        0x4 /usr/local/mcuxpressoide-10.3.1_2233/ide/plugins/com.nxp.mcuxpresso.tools.linux_10.3.0.201811011841/tools/bin/../lib/gcc/arm-none-eabi/7.3.1/../../../../arm-none-eabi/lib/thumb/v6-m/libcr_c.a(initio.o)
 *fill*         0x0000000000002a57        0x1 ff
 .rodata.__num_Ciob_streams
                0x0000000000002a58        0x4 /usr/local/mcuxpressoide-10.3.1_2233/ide/plugins/com.nxp.mcuxpresso.tools.linux_10.3.0.201811011841/tools/bin/../lib/gcc/arm-none-eabi/7.3.1/../../../../arm-none-eabi/lib/thumb/v6-m/libcr_semihost.a(__ciob.o)
                0x0000000000002a58                __num_Ciob_streams
                0x0000000000002a5c                . = ALIGN (0x4)

.glue_7         0x0000000000002a5c        0x0
 .glue_7        0x0000000000002a5c        0x0 linker stubs

.glue_7t        0x0000000000002a5c        0x0
 .glue_7t       0x0000000000002a5c        0x0 linker stubs

.vfp11_veneer   0x0000000000002a5c        0x0
 .vfp11_veneer  0x0000000000002a5c        0x0 linker stubs

.v4_bx          0x0000000000002a5c        0x0
 .v4_bx         0x0000000000002a5c        0x0 linker stubs

.iplt           0x0000000000002a5c        0x0
 .iplt          0x0000000000002a5c        0x0 ./src/cr_startup_lpc11xx.o

.rel.dyn        0x0000000000002a5c        0x0
 .rel.iplt      0x0000000000002a5c        0x0 ./src/cr_startup_lpc11xx.o

.ARM.extab
 *(.ARM.extab* .gnu.linkonce.armextab.*)
                0x0000000000002a5c                __exidx_start = .

.ARM.exidx
 *(.ARM.exidx* .gnu.linkonce.armexidx.*)
                0x0000000000002a5c                __exidx_end = .
                0x0000000000002a5c                _etext = .

.uninit_RESERVED
                0x0000000010000000        0x0
 *(.bss.$RESERVED*)
                0x0000000010000000                . = ALIGN (0x4)
                0x0000000010000000                _end_uninit_RESERVED = .

.data           0x0000000010000000      0x1fc load address 0x0000000000002a5c
 FILL mask 0xff
                0x0000000010000000                _data = .
 *(vtable)
 *(.ramfunc*)
 .ramfunc.$RAM  0x0000000010000000       0xd4 ./src/firmware.o
                0x0000000010000000                firmwareFlash
 .ramfunc.$RAM  0x00000000100000d4       0x78 ./src/iap_driver.o
                0x00000000100000d4                iapEraseSector
                0x0000000010000100                iapPrepareSector
                0x0000000010000120                iapCopyRamToFlash
 *fill*         0x000000001000014c        0x4 ff
 .ramfunc.$RAM.__stub
                0x0000000010000150       0x20 linker stubs
 *(.data*)
 .data.humidityFromModbus
                0x0000000010000170        0x2 ./src/main.o
 *fill*         0x0000000010000172        0x2 ff
 .data.out      0x0000000010000174        0x8 ./src/main.o
 .data.pwmLedSwitch
                0x000000001000017c        0x4 ./src/main.o
 .data.state    0x0000000010000180        0x1 ./src/modbus.o
 .data.mode     0x0000000010000181        0x1 ./src/oneWire.o
 .data.state_1W
                0x0000000010000182        0x1 ./src/oneWire.o
 *fill*         0x0000000010000183        0x1 ff
 .data.newData  0x0000000010000184        0x4 ./src/screenFeroFluid.o
 .data.screendir
                0x0000000010000188       0x66 ./src/screenFeroFluid.o
 *fill*         0x00000000100001ee        0x2 ff
 .data.y.4790   0x00000000100001f0        0x4 ./src/screenFeroFluid.o
 .data.power    0x00000000100001f4        0x4 ./src/triac.o
 .data.UARTTxEmpty
                0x00000000100001f8        0x1 ./src/uart.o
                0x00000000100001f8                UARTTxEmpty
                0x00000000100001fc                . = ALIGN (0x4)
 *fill*         0x00000000100001f9        0x3 ff
                0x00000000100001fc                _edata = .

.igot.plt       0x00000000100001fc        0x0 load address 0x0000000000002c58
 .igot.plt      0x00000000100001fc        0x0 ./src/cr_startup_lpc11xx.o

.bss            0x0000000010000200      0xc7c load address 0x0000000000002c58
                0x0000000010000200                _bss = .
 *(.bss*)
 .bss.I2CMasterState
                0x0000000010000200        0x4 ./src/i2c.o
                0x0000000010000200                I2CMasterState
 .bss.I2CReadBuffer
                0x0000000010000204       0x40 ./src/i2c.o
                0x0000000010000204                I2CReadBuffer
 .bss.I2CReadLength
                0x0000000010000244        0x4 ./src/i2c.o
                0x0000000010000244                I2CReadLength
 .bss.I2CWriteBuffer
                0x0000000010000248       0x40 ./src/i2c.o
                0x0000000010000248                I2CWriteBuffer
 .bss.I2CWriteLength
                0x0000000010000288        0x4 ./src/i2c.o
                0x0000000010000288                I2CWriteLength
 .bss.RdIndex   0x000000001000028c        0x4 ./src/i2c.o
                0x000000001000028c                RdIndex
 .bss.WrIndex   0x0000000010000290        0x4 ./src/i2c.o
                0x0000000010000290                WrIndex
 .bss.timeout   0x0000000010000294        0x4 ./src/i2c.o
                0x0000000010000294                timeout
 .bss.SystemCoreClock_1000
                0x0000000010000298        0x4 ./src/iap_driver.o
                0x0000000010000298                SystemCoreClock_1000
 *fill*         0x000000001000029c        0x4 
 .bss.ID_DS18B20
                0x00000000100002a0        0x8 ./src/main.o
 .bss.SystemCoreClock
                0x00000000100002a8        0x4 ./src/main.o
                0x00000000100002a8                SystemCoreClock
 .bss.config    0x00000000100002ac        0x8 ./src/main.o
                0x00000000100002ac                config
 .bss.currentSensorEnable
                0x00000000100002b4        0x1 ./src/main.o
 *fill*         0x00000000100002b5        0x3 
 .bss.currentTimeFromModBus
                0x00000000100002b8        0xc ./src/main.o
 .bss.fanPower  0x00000000100002c4        0x1 ./src/main.o
 *fill*         0x00000000100002c5        0x3 
 .bss.flagPressed
                0x00000000100002c8        0x4 ./src/main.o
 .bss.flagPressedInternal
                0x00000000100002cc        0x4 ./src/main.o
 .bss.humidity  0x00000000100002d0        0x2 ./src/main.o
 *fill*         0x00000000100002d2        0x6 
 .bss.lastTimePresseSwitch
                0x00000000100002d8       0x20 ./src/main.o
 .bss.old_stateSwitch.5156
                0x00000000100002f8       0x10 ./src/main.o
 .bss.pressure  0x0000000010000308        0x2 ./src/main.o
 .bss.puissance230v
                0x000000001000030a        0x2 ./src/main.o
 .bss.stateSwitch
                0x000000001000030c        0x4 ./src/main.o
 .bss.tempDayOfWeek.5129
                0x0000000010000310        0x4 ./src/main.o
 .bss.temperature
                0x0000000010000314        0x2 ./src/main.o
 .bss.temperatureDS18B20
                0x0000000010000316        0x2 ./src/main.o
 .bss.temperatureFromModbus
                0x0000000010000318        0x2 ./src/main.o
 *fill*         0x000000001000031a        0x2 
 .bss.callBackRead
                0x000000001000031c        0x4 ./src/modbus.o
                0x000000001000031c                callBackRead
 .bss.callBackWrite
                0x0000000010000320        0x4 ./src/modbus.o
                0x0000000010000320                callBackWrite
 .bss.flagSendPaquet
                0x0000000010000324        0x1 ./src/modbus.o
                0x0000000010000324                flagSendPaquet
 *fill*         0x0000000010000325        0x3 
 .bss.numByteaddress
                0x0000000010000328        0x4 ./src/modbus.o
 .bss.paquet    0x000000001000032c      0x418 ./src/modbus.o
 .bss.paquetToSend
                0x0000000010000744      0x418 ./src/modbus.o
                0x0000000010000744                paquetToSend
 .bss.data1wireRd
                0x0000000010000b5c        0xa ./src/oneWire.o
 *fill*         0x0000000010000b66        0x2 
 .bss.data1wireWr
                0x0000000010000b68        0xa ./src/oneWire.o
 *fill*         0x0000000010000b72        0x2 
 .bss.lentgh_read
                0x0000000010000b74        0x4 ./src/oneWire.o
 .bss.lentgh_write
                0x0000000010000b78        0x4 ./src/oneWire.o
 .bss.pos_data  0x0000000010000b7c        0x4 ./src/oneWire.o
 .bss.flagNew1ms
                0x0000000010000b80        0x1 ./src/pwm.o
                0x0000000010000b80                flagNew1ms
 .bss.flagNewSec
                0x0000000010000b81        0x1 ./src/pwm.o
                0x0000000010000b81                flagNewSec
 *fill*         0x0000000010000b82        0x6 
 .bss.time      0x0000000010000b88        0x8 ./src/pwm.o
                0x0000000010000b88                time
 .bss.timeS     0x0000000010000b90        0x4 ./src/pwm.o
                0x0000000010000b90                timeS
 .bss.currentScreen
                0x0000000010000b94       0x66 ./src/screenFeroFluid.o
 *fill*         0x0000000010000bfa        0x2 
 .bss.power     0x0000000010000bfc        0x4 ./src/screenFeroFluid.o
 .bss.screen    0x0000000010000c00       0x66 ./src/screenFeroFluid.o
 *fill*         0x0000000010000c66        0x2 
 .bss.smooth    0x0000000010000c68        0x4 ./src/screenFeroFluid.o
 .bss.wait.4791
                0x0000000010000c6c        0x4 ./src/screenFeroFluid.o
 .bss.x.4789    0x0000000010000c70        0x4 ./src/screenFeroFluid.o
 .bss.interruptOverRunStat0
                0x0000000010000c74        0x4 ./src/ssp.o
                0x0000000010000c74                interruptOverRunStat0
 .bss.interruptOverRunStat1
                0x0000000010000c78        0x4 ./src/ssp.o
                0x0000000010000c78                interruptOverRunStat1
 .bss.interruptRxStat0
                0x0000000010000c7c        0x4 ./src/ssp.o
                0x0000000010000c7c                interruptRxStat0
 .bss.interruptRxStat1
                0x0000000010000c80        0x4 ./src/ssp.o
                0x0000000010000c80                interruptRxStat1
 .bss.interruptRxTimeoutStat0
                0x0000000010000c84        0x4 ./src/ssp.o
                0x0000000010000c84                interruptRxTimeoutStat0
 .bss.interruptRxTimeoutStat1
                0x0000000010000c88        0x4 ./src/ssp.o
                0x0000000010000c88                interruptRxTimeoutStat1
 .bss.flagZeroCross
                0x0000000010000c8c        0x4 ./src/triac.o
                0x0000000010000c8c                flagZeroCross
 .bss.UARTStatus
                0x0000000010000c90        0x4 ./src/uart.o
                0x0000000010000c90                UARTStatus
 .bss.uart_cb   0x0000000010000c94        0x4 ./src/uart.o
                0x0000000010000c94                uart_cb
 .bss.errno     0x0000000010000c98        0x4 /usr/local/mcuxpressoide-10.3.1_2233/ide/plugins/com.nxp.mcuxpresso.tools.linux_10.3.0.201811011841/tools/bin/../lib/gcc/arm-none-eabi/7.3.1/../../../../arm-none-eabi/lib/thumb/v6-m/libcr_c.a(errno.o)
                0x0000000010000c98                errno
 .bss.__Ciob    0x0000000010000c9c      0x1e0 /usr/local/mcuxpressoide-10.3.1_2233/ide/plugins/com.nxp.mcuxpresso.tools.linux_10.3.0.201811011841/tools/bin/../lib/gcc/arm-none-eabi/7.3.1/../../../../arm-none-eabi/lib/thumb/v6-m/libcr_semihost.a(__ciob.o)
                0x0000000010000c9c                __Ciob
 *(COMMON)
                0x0000000010000e7c                . = ALIGN (0x4)
                0x0000000010000e7c                _ebss = .
                [!provide]                        PROVIDE (end = .)

.noinit         0x0000000010000e7c        0x0 load address 0x0000000000002c58
                0x0000000010000e7c                _noinit = .
 *(.noinit*)
                0x0000000010000e7c                . = ALIGN (0x4)
                0x0000000010000e7c                _end_noinit = .
                0x0000000010000e7c                PROVIDE (_pvHeapStart = DEFINED (__user_heap_base)?__user_heap_base:.)
                0x0000000010002000                PROVIDE (_vStackTop = DEFINED (__user_stack_top)?__user_stack_top:(__top_RamLoc8 - 0x0))
                0xffffffffefffdd4b                PROVIDE (__valid_user_code_checksum = (0x0 - (((_vStackTop + (ResetISR + 0x1)) + (DEFINED (NMI_Handler)?NMI_Handler:M0_NMI_Handler + 0x1)) + (DEFINED (HardFault_Handler)?HardFault_Handler:M0_HardFault_Handler + 0x1))))
                0x0000000000000000                _image_start = LOADADDR (.text)
                0x0000000000002c58                _image_end = (LOADADDR (.data) + SIZEOF (.data))
                0x0000000000002c58                _image_size = (_image_end - _image_start)
OUTPUT(rs485.axf elf32-littlearm)

.debug_info     0x0000000000000000     0x9d87
 .debug_info    0x0000000000000000      0x238 ./src/cr_startup_lpc11xx.o
 .debug_info    0x0000000000000238       0x3f ./src/crp.o
 .debug_info    0x0000000000000277      0x933 ./src/firmware.o
 .debug_info    0x0000000000000baa      0x884 ./src/gpio.o
 .debug_info    0x000000000000142e      0xbc6 ./src/i2c.o
 .debug_info    0x0000000000001ff4      0x291 ./src/iap_driver.o
 .debug_info    0x0000000000002285     0x15e8 ./src/main.o
 .debug_info    0x000000000000386d     0x101d ./src/modbus.o
 .debug_info    0x000000000000488a      0x70e ./src/oneWire.o
 .debug_info    0x0000000000004f98      0x497 ./src/pwm.o
 .debug_info    0x000000000000542f     0x11d6 ./src/screenFeroFluid.o
 .debug_info    0x0000000000006605      0xdb3 ./src/ssp.o
 .debug_info    0x00000000000073b8      0xd44 ./src/timer16.o
 .debug_info    0x00000000000080fc      0x894 ./src/timer32.o
 .debug_info    0x0000000000008990      0x6c8 ./src/triac.o
 .debug_info    0x0000000000009058      0xd2f ./src/uart.o

.debug_abbrev   0x0000000000000000     0x23f3
 .debug_abbrev  0x0000000000000000       0xde ./src/cr_startup_lpc11xx.o
 .debug_abbrev  0x00000000000000de       0x36 ./src/crp.o
 .debug_abbrev  0x0000000000000114      0x225 ./src/firmware.o
 .debug_abbrev  0x0000000000000339      0x21f ./src/gpio.o
 .debug_abbrev  0x0000000000000558      0x26a ./src/i2c.o
 .debug_abbrev  0x00000000000007c2      0x156 ./src/iap_driver.o
 .debug_abbrev  0x0000000000000918      0x3dd ./src/main.o
 .debug_abbrev  0x0000000000000cf5      0x34e ./src/modbus.o
 .debug_abbrev  0x0000000000001043      0x24a ./src/oneWire.o
 .debug_abbrev  0x000000000000128d      0x209 ./src/pwm.o
 .debug_abbrev  0x0000000000001496      0x31a ./src/screenFeroFluid.o
 .debug_abbrev  0x00000000000017b0      0x2ab ./src/ssp.o
 .debug_abbrev  0x0000000000001a5b      0x2ad ./src/timer16.o
 .debug_abbrev  0x0000000000001d08      0x21d ./src/timer32.o
 .debug_abbrev  0x0000000000001f25      0x257 ./src/triac.o
 .debug_abbrev  0x000000000000217c      0x277 ./src/uart.o

.debug_loc      0x0000000000000000     0x219c
 .debug_loc     0x0000000000000000      0x1cc ./src/cr_startup_lpc11xx.o
 .debug_loc     0x00000000000001cc      0x245 ./src/firmware.o
 .debug_loc     0x0000000000000411      0x49c ./src/gpio.o
 .debug_loc     0x00000000000008ad      0x164 ./src/i2c.o
 .debug_loc     0x0000000000000a11      0x12f ./src/iap_driver.o
 .debug_loc     0x0000000000000b40      0x6ea ./src/main.o
 .debug_loc     0x000000000000122a      0x340 ./src/modbus.o
 .debug_loc     0x000000000000156a      0x189 ./src/oneWire.o
 .debug_loc     0x00000000000016f3       0x49 ./src/pwm.o
 .debug_loc     0x000000000000173c      0x33b ./src/screenFeroFluid.o
 .debug_loc     0x0000000000001a77      0x22c ./src/ssp.o
 .debug_loc     0x0000000000001ca3      0x1e4 ./src/timer16.o
 .debug_loc     0x0000000000001e87      0x1cd ./src/timer32.o
 .debug_loc     0x0000000000002054       0x32 ./src/triac.o
 .debug_loc     0x0000000000002086      0x116 ./src/uart.o

.debug_aranges  0x0000000000000000      0x420
 .debug_aranges
                0x0000000000000000       0x60 ./src/cr_startup_lpc11xx.o
 .debug_aranges
                0x0000000000000060       0x18 ./src/crp.o
 .debug_aranges
                0x0000000000000078       0x30 ./src/firmware.o
 .debug_aranges
                0x00000000000000a8       0x30 ./src/gpio.o
 .debug_aranges
                0x00000000000000d8       0x48 ./src/i2c.o
 .debug_aranges
                0x0000000000000120       0x38 ./src/iap_driver.o
 .debug_aranges
                0x0000000000000158       0x40 ./src/main.o
 .debug_aranges
                0x0000000000000198       0x60 ./src/modbus.o
 .debug_aranges
                0x00000000000001f8       0x38 ./src/oneWire.o
 .debug_aranges
                0x0000000000000230       0x30 ./src/pwm.o
 .debug_aranges
                0x0000000000000260       0x58 ./src/screenFeroFluid.o
 .debug_aranges
                0x00000000000002b8       0x68 ./src/ssp.o
 .debug_aranges
                0x0000000000000320       0x50 ./src/timer16.o
 .debug_aranges
                0x0000000000000370       0x40 ./src/timer32.o
 .debug_aranges
                0x00000000000003b0       0x38 ./src/triac.o
 .debug_aranges
                0x00000000000003e8       0x38 ./src/uart.o

.debug_ranges   0x0000000000000000      0x480
 .debug_ranges  0x0000000000000000       0x50 ./src/cr_startup_lpc11xx.o
 .debug_ranges  0x0000000000000050       0x38 ./src/firmware.o
 .debug_ranges  0x0000000000000088       0x20 ./src/gpio.o
 .debug_ranges  0x00000000000000a8       0x38 ./src/i2c.o
 .debug_ranges  0x00000000000000e0       0x28 ./src/iap_driver.o
 .debug_ranges  0x0000000000000108       0x60 ./src/main.o
 .debug_ranges  0x0000000000000168       0xc8 ./src/modbus.o
 .debug_ranges  0x0000000000000230       0x40 ./src/oneWire.o
 .debug_ranges  0x0000000000000270       0x20 ./src/pwm.o
 .debug_ranges  0x0000000000000290       0xd8 ./src/screenFeroFluid.o
 .debug_ranges  0x0000000000000368       0x58 ./src/ssp.o
 .debug_ranges  0x00000000000003c0       0x40 ./src/timer16.o
 .debug_ranges  0x0000000000000400       0x30 ./src/timer32.o
 .debug_ranges  0x0000000000000430       0x28 ./src/triac.o
 .debug_ranges  0x0000000000000458       0x28 ./src/uart.o

.debug_macro    0x0000000000000000     0x1186
 .debug_macro   0x0000000000000000       0x1d ./src/cr_startup_lpc11xx.o
 .debug_macro   0x000000000000001d       0x1a ./src/crp.o
 .debug_macro   0x0000000000000037       0x34 ./src/crp.o
 .debug_macro   0x000000000000006b      0x11c ./src/firmware.o
 .debug_macro   0x0000000000000187       0x82 ./src/firmware.o
 .debug_macro   0x0000000000000209       0x10 ./src/firmware.o
 .debug_macro   0x0000000000000219       0x10 ./src/firmware.o
 .debug_macro   0x0000000000000229       0xa0 ./src/firmware.o
 .debug_macro   0x00000000000002c9       0x70 ./src/firmware.o
 .debug_macro   0x0000000000000339       0x16 ./src/firmware.o
 .debug_macro   0x000000000000034f       0xd2 ./src/firmware.o
 .debug_macro   0x0000000000000421       0x8d ./src/gpio.o
 .debug_macro   0x00000000000004ae       0x22 ./src/gpio.o
 .debug_macro   0x00000000000004d0       0x9c ./src/i2c.o
 .debug_macro   0x000000000000056c       0x1c ./src/i2c.o
 .debug_macro   0x0000000000000588       0xd3 ./src/iap_driver.o
 .debug_macro   0x000000000000065b      0x221 ./src/main.o
 .debug_macro   0x000000000000087c       0x16 ./src/main.o
 .debug_macro   0x0000000000000892       0x52 ./src/main.o
 .debug_macro   0x00000000000008e4       0xc4 ./src/main.o
 .debug_macro   0x00000000000009a8       0x10 ./src/main.o
 .debug_macro   0x00000000000009b8       0x16 ./src/main.o
 .debug_macro   0x00000000000009ce      0x128 ./src/modbus.o
 .debug_macro   0x0000000000000af6       0x6a ./src/modbus.o
 .debug_macro   0x0000000000000b60       0xc2 ./src/oneWire.o
 .debug_macro   0x0000000000000c22       0xb7 ./src/pwm.o
 .debug_macro   0x0000000000000cd9      0x11c ./src/screenFeroFluid.o
 .debug_macro   0x0000000000000df5       0xd0 ./src/ssp.o
 .debug_macro   0x0000000000000ec5       0x8d ./src/timer16.o
 .debug_macro   0x0000000000000f52       0x8e ./src/timer32.o
 .debug_macro   0x0000000000000fe0       0xd6 ./src/triac.o
 .debug_macro   0x00000000000010b6       0xd0 ./src/uart.o

.debug_line     0x0000000000000000     0x32ba
 .debug_line    0x0000000000000000       0x9c ./src/cr_startup_lpc11xx.o
 .debug_line    0x000000000000009c       0xb5 ./src/crp.o
 .debug_line    0x0000000000000151      0x44d ./src/firmware.o
 .debug_line    0x000000000000059e      0x281 ./src/gpio.o
 .debug_line    0x000000000000081f      0x310 ./src/i2c.o
 .debug_line    0x0000000000000b2f      0x2df ./src/iap_driver.o
 .debug_line    0x0000000000000e0e      0x5da ./src/main.o
 .debug_line    0x00000000000013e8      0x4f8 ./src/modbus.o
 .debug_line    0x00000000000018e0      0x324 ./src/oneWire.o
 .debug_line    0x0000000000001c04      0x292 ./src/pwm.o
 .debug_line    0x0000000000001e96      0x4c7 ./src/screenFeroFluid.o
 .debug_line    0x000000000000235d      0x3cc ./src/ssp.o
 .debug_line    0x0000000000002729      0x337 ./src/timer16.o
 .debug_line    0x0000000000002a60      0x2ba ./src/timer32.o
 .debug_line    0x0000000000002d1a      0x2c0 ./src/triac.o
 .debug_line    0x0000000000002fda      0x2e0 ./src/uart.o

.debug_str      0x0000000000000000     0xaa50
 .debug_str     0x0000000000000000     0x2e45 ./src/cr_startup_lpc11xx.o
                                       0x2e58 (size before relaxing)
 .debug_str     0x0000000000002e45       0xe9 ./src/crp.o
                                       0x2da8 (size before relaxing)
 .debug_str     0x0000000000002f2e     0x456c ./src/firmware.o
                                       0x73a4 (size before relaxing)
 .debug_str     0x000000000000749a      0x2a2 ./src/gpio.o
                                       0x6832 (size before relaxing)
 .debug_str     0x000000000000773c      0x5dc ./src/i2c.o
                                       0x6d90 (size before relaxing)
 .debug_str     0x0000000000007d18      0x133 ./src/iap_driver.o
                                       0x68c8 (size before relaxing)
 .debug_str     0x0000000000007e4b     0x2294 ./src/main.o
                                       0x9a67 (size before relaxing)
 .debug_str     0x000000000000a0df      0x2dd ./src/modbus.o
                                       0x7f06 (size before relaxing)
 .debug_str     0x000000000000a3bc      0x239 ./src/oneWire.o
                                       0x7061 (size before relaxing)
 .debug_str     0x000000000000a5f5       0x3e ./src/pwm.o
                                       0x6e72 (size before relaxing)
 .debug_str     0x000000000000a633      0x12a ./src/screenFeroFluid.o
                                       0x7d09 (size before relaxing)
 .debug_str     0x000000000000a75d      0x133 ./src/ssp.o
                                       0x724b (size before relaxing)
 .debug_str     0x000000000000a890       0xaa ./src/timer16.o
                                       0x6b55 (size before relaxing)
 .debug_str     0x000000000000a93a       0x1b ./src/timer32.o
                                       0x683b (size before relaxing)
 .debug_str     0x000000000000a955       0x65 ./src/triac.o
                                       0x712f (size before relaxing)
 .debug_str     0x000000000000a9ba       0x96 ./src/uart.o
                                       0x7047 (size before relaxing)

.comment        0x0000000000000000       0x7f
 .comment       0x0000000000000000       0x7f ./src/cr_startup_lpc11xx.o
                                         0x80 (size before relaxing)
 .comment       0x000000000000007f       0x80 ./src/crp.o
 .comment       0x000000000000007f       0x80 ./src/firmware.o
 .comment       0x000000000000007f       0x80 ./src/gpio.o
 .comment       0x000000000000007f       0x80 ./src/i2c.o
 .comment       0x000000000000007f       0x80 ./src/iap_driver.o
 .comment       0x000000000000007f       0x80 ./src/main.o
 .comment       0x000000000000007f       0x80 ./src/modbus.o
 .comment       0x000000000000007f       0x80 ./src/oneWire.o
 .comment       0x000000000000007f       0x80 ./src/pwm.o
 .comment       0x000000000000007f       0x80 ./src/screenFeroFluid.o
 .comment       0x000000000000007f       0x80 ./src/ssp.o
 .comment       0x000000000000007f       0x80 ./src/timer16.o
 .comment       0x000000000000007f       0x80 ./src/timer32.o
 .comment       0x000000000000007f       0x80 ./src/triac.o
 .comment       0x000000000000007f       0x80 ./src/uart.o
 .comment       0x000000000000007f       0x80 /usr/local/mcuxpressoide-10.3.1_2233/ide/plugins/com.nxp.mcuxpresso.tools.linux_10.3.0.201811011841/tools/bin/../lib/gcc/arm-none-eabi/7.3.1/../../../../arm-none-eabi/lib/thumb/v6-m/libcr_semihost.a(_cr__main.o)
 .comment       0x000000000000007f       0x80 /usr/local/mcuxpressoide-10.3.1_2233/ide/plugins/com.nxp.mcuxpresso.tools.linux_10.3.0.201811011841/tools/bin/../lib/gcc/arm-none-eabi/7.3.1/../../../../arm-none-eabi/lib/thumb/v6-m/libcr_c.a(memcpy.o)
 .comment       0x000000000000007f       0x80 /usr/local/mcuxpressoide-10.3.1_2233/ide/plugins/com.nxp.mcuxpresso.tools.linux_10.3.0.201811011841/tools/bin/../lib/gcc/arm-none-eabi/7.3.1/../../../../arm-none-eabi/lib/thumb/v6-m/libcr_c.a(memset.o)
 .comment       0x000000000000007f       0x80 /usr/local/mcuxpressoide-10.3.1_2233/ide/plugins/com.nxp.mcuxpresso.tools.linux_10.3.0.201811011841/tools/bin/../lib/gcc/arm-none-eabi/7.3.1/../../../../arm-none-eabi/lib/thumb/v6-m/libcr_c.a(initio.o)
 .comment       0x000000000000007f       0x80 /usr/local/mcuxpressoide-10.3.1_2233/ide/plugins/com.nxp.mcuxpresso.tools.linux_10.3.0.201811011841/tools/bin/../lib/gcc/arm-none-eabi/7.3.1/../../../../arm-none-eabi/lib/thumb/v6-m/libcr_c.a(setvbuf.o)
 .comment       0x000000000000007f       0x80 /usr/local/mcuxpressoide-10.3.1_2233/ide/plugins/com.nxp.mcuxpresso.tools.linux_10.3.0.201811011841/tools/bin/../lib/gcc/arm-none-eabi/7.3.1/../../../../arm-none-eabi/lib/thumb/v6-m/libcr_c.a(_fdopen.o)
 .comment       0x000000000000007f       0x80 /usr/local/mcuxpressoide-10.3.1_2233/ide/plugins/com.nxp.mcuxpresso.tools.linux_10.3.0.201811011841/tools/bin/../lib/gcc/arm-none-eabi/7.3.1/../../../../arm-none-eabi/lib/thumb/v6-m/libcr_c.a(fclose.o)
 .comment       0x000000000000007f       0x80 /usr/local/mcuxpressoide-10.3.1_2233/ide/plugins/com.nxp.mcuxpresso.tools.linux_10.3.0.201811011841/tools/bin/../lib/gcc/arm-none-eabi/7.3.1/../../../../arm-none-eabi/lib/thumb/v6-m/libcr_c.a(fflush.o)
 .comment       0x000000000000007f       0x80 /usr/local/mcuxpressoide-10.3.1_2233/ide/plugins/com.nxp.mcuxpresso.tools.linux_10.3.0.201811011841/tools/bin/../lib/gcc/arm-none-eabi/7.3.1/../../../../arm-none-eabi/lib/thumb/v6-m/libcr_c.a(fseek.o)
 .comment       0x000000000000007f       0x80 /usr/local/mcuxpressoide-10.3.1_2233/ide/plugins/com.nxp.mcuxpresso.tools.linux_10.3.0.201811011841/tools/bin/../lib/gcc/arm-none-eabi/7.3.1/../../../../arm-none-eabi/lib/thumb/v6-m/libcr_c.a(ftell.o)
 .comment       0x000000000000007f       0x80 /usr/local/mcuxpressoide-10.3.1_2233/ide/plugins/com.nxp.mcuxpresso.tools.linux_10.3.0.201811011841/tools/bin/../lib/gcc/arm-none-eabi/7.3.1/../../../../arm-none-eabi/lib/thumb/v6-m/libcr_c.a(remove.o)
 .comment       0x000000000000007f       0x80 /usr/local/mcuxpressoide-10.3.1_2233/ide/plugins/com.nxp.mcuxpresso.tools.linux_10.3.0.201811011841/tools/bin/../lib/gcc/arm-none-eabi/7.3.1/../../../../arm-none-eabi/lib/thumb/v6-m/libcr_c.a(strlen.o)
 .comment       0x000000000000007f       0x80 /usr/local/mcuxpressoide-10.3.1_2233/ide/plugins/com.nxp.mcuxpresso.tools.linux_10.3.0.201811011841/tools/bin/../lib/gcc/arm-none-eabi/7.3.1/../../../../arm-none-eabi/lib/thumb/v6-m/libcr_c.a(_do_fflush.o)
 .comment       0x000000000000007f       0x80 /usr/local/mcuxpressoide-10.3.1_2233/ide/plugins/com.nxp.mcuxpresso.tools.linux_10.3.0.201811011841/tools/bin/../lib/gcc/arm-none-eabi/7.3.1/../../../../arm-none-eabi/lib/thumb/v6-m/libcr_c.a(_fflush.o)
 .comment       0x000000000000007f       0x80 /usr/local/mcuxpressoide-10.3.1_2233/ide/plugins/com.nxp.mcuxpresso.tools.linux_10.3.0.201811011841/tools/bin/../lib/gcc/arm-none-eabi/7.3.1/../../../../arm-none-eabi/lib/thumb/v6-m/libcr_c.a(_writebuf.o)
 .comment       0x000000000000007f       0x80 /usr/local/mcuxpressoide-10.3.1_2233/ide/plugins/com.nxp.mcuxpresso.tools.linux_10.3.0.201811011841/tools/bin/../lib/gcc/arm-none-eabi/7.3.1/../../../../arm-none-eabi/lib/thumb/v6-m/libcr_c.a(alloc.o)
 .comment       0x000000000000007f       0x80 /usr/local/mcuxpressoide-10.3.1_2233/ide/plugins/com.nxp.mcuxpresso.tools.linux_10.3.0.201811011841/tools/bin/../lib/gcc/arm-none-eabi/7.3.1/../../../../arm-none-eabi/lib/thumb/v6-m/libcr_c.a(errno.o)
 .comment       0x000000000000007f       0x80 /usr/local/mcuxpressoide-10.3.1_2233/ide/plugins/com.nxp.mcuxpresso.tools.linux_10.3.0.201811011841/tools/bin/../lib/gcc/arm-none-eabi/7.3.1/../../../../arm-none-eabi/lib/thumb/v6-m/libcr_c.a(_deferredlazyseek.o)
 .comment       0x000000000000007f       0x80 /usr/local/mcuxpressoide-10.3.1_2233/ide/plugins/com.nxp.mcuxpresso.tools.linux_10.3.0.201811011841/tools/bin/../lib/gcc/arm-none-eabi/7.3.1/../../../../arm-none-eabi/lib/thumb/v6-m/libcr_semihost.a(__ciob.o)

.ARM.attributes
                0x0000000000000000       0x2f
 .ARM.attributes
                0x0000000000000000       0x31 ./src/cr_startup_lpc11xx.o
 .ARM.attributes
                0x0000000000000031       0x31 ./src/crp.o
 .ARM.attributes
                0x0000000000000062       0x31 ./src/firmware.o
 .ARM.attributes
                0x0000000000000093       0x31 ./src/gpio.o
 .ARM.attributes
                0x00000000000000c4       0x31 ./src/i2c.o
 .ARM.attributes
                0x00000000000000f5       0x31 ./src/iap_driver.o
 .ARM.attributes
                0x0000000000000126       0x31 ./src/main.o
 .ARM.attributes
                0x0000000000000157       0x31 ./src/modbus.o
 .ARM.attributes
                0x0000000000000188       0x31 ./src/oneWire.o
 .ARM.attributes
                0x00000000000001b9       0x31 ./src/pwm.o
 .ARM.attributes
                0x00000000000001ea       0x31 ./src/screenFeroFluid.o
 .ARM.attributes
                0x000000000000021b       0x31 ./src/ssp.o
 .ARM.attributes
                0x000000000000024c       0x31 ./src/timer16.o
 .ARM.attributes
                0x000000000000027d       0x31 ./src/timer32.o
 .ARM.attributes
                0x00000000000002ae       0x31 ./src/triac.o
 .ARM.attributes
                0x00000000000002df       0x31 ./src/uart.o
 .ARM.attributes
                0x0000000000000310       0x31 /usr/local/mcuxpressoide-10.3.1_2233/ide/plugins/com.nxp.mcuxpresso.tools.linux_10.3.0.201811011841/tools/bin/../lib/gcc/arm-none-eabi/7.3.1/../../../../arm-none-eabi/lib/thumb/v6-m/libcr_semihost.a(_cr__main.o)
 .ARM.attributes
                0x0000000000000341       0x31 /usr/local/mcuxpressoide-10.3.1_2233/ide/plugins/com.nxp.mcuxpresso.tools.linux_10.3.0.201811011841/tools/bin/../lib/gcc/arm-none-eabi/7.3.1/../../../../arm-none-eabi/lib/thumb/v6-m/libcr_c.a(memcpy.o)
 .ARM.attributes
                0x0000000000000372       0x31 /usr/local/mcuxpressoide-10.3.1_2233/ide/plugins/com.nxp.mcuxpresso.tools.linux_10.3.0.201811011841/tools/bin/../lib/gcc/arm-none-eabi/7.3.1/../../../../arm-none-eabi/lib/thumb/v6-m/libcr_c.a(memset.o)
 .ARM.attributes
                0x00000000000003a3       0x31 /usr/local/mcuxpressoide-10.3.1_2233/ide/plugins/com.nxp.mcuxpresso.tools.linux_10.3.0.201811011841/tools/bin/../lib/gcc/arm-none-eabi/7.3.1/../../../../arm-none-eabi/lib/thumb/v6-m/libcr_c.a(initio.o)
 .ARM.attributes
                0x00000000000003d4       0x31 /usr/local/mcuxpressoide-10.3.1_2233/ide/plugins/com.nxp.mcuxpresso.tools.linux_10.3.0.201811011841/tools/bin/../lib/gcc/arm-none-eabi/7.3.1/../../../../arm-none-eabi/lib/thumb/v6-m/libcr_c.a(setvbuf.o)
 .ARM.attributes
                0x0000000000000405       0x31 /usr/local/mcuxpressoide-10.3.1_2233/ide/plugins/com.nxp.mcuxpresso.tools.linux_10.3.0.201811011841/tools/bin/../lib/gcc/arm-none-eabi/7.3.1/../../../../arm-none-eabi/lib/thumb/v6-m/libcr_c.a(_fdopen.o)
 .ARM.attributes
                0x0000000000000436       0x31 /usr/local/mcuxpressoide-10.3.1_2233/ide/plugins/com.nxp.mcuxpresso.tools.linux_10.3.0.201811011841/tools/bin/../lib/gcc/arm-none-eabi/7.3.1/../../../../arm-none-eabi/lib/thumb/v6-m/libcr_c.a(fclose.o)
 .ARM.attributes
                0x0000000000000467       0x31 /usr/local/mcuxpressoide-10.3.1_2233/ide/plugins/com.nxp.mcuxpresso.tools.linux_10.3.0.201811011841/tools/bin/../lib/gcc/arm-none-eabi/7.3.1/../../../../arm-none-eabi/lib/thumb/v6-m/libcr_c.a(fflush.o)
 .ARM.attributes
                0x0000000000000498       0x31 /usr/local/mcuxpressoide-10.3.1_2233/ide/plugins/com.nxp.mcuxpresso.tools.linux_10.3.0.201811011841/tools/bin/../lib/gcc/arm-none-eabi/7.3.1/../../../../arm-none-eabi/lib/thumb/v6-m/libcr_c.a(fseek.o)
 .ARM.attributes
                0x00000000000004c9       0x31 /usr/local/mcuxpressoide-10.3.1_2233/ide/plugins/com.nxp.mcuxpresso.tools.linux_10.3.0.201811011841/tools/bin/../lib/gcc/arm-none-eabi/7.3.1/../../../../arm-none-eabi/lib/thumb/v6-m/libcr_c.a(ftell.o)
 .ARM.attributes
                0x00000000000004fa       0x31 /usr/local/mcuxpressoide-10.3.1_2233/ide/plugins/com.nxp.mcuxpresso.tools.linux_10.3.0.201811011841/tools/bin/../lib/gcc/arm-none-eabi/7.3.1/../../../../arm-none-eabi/lib/thumb/v6-m/libcr_c.a(remove.o)
 .ARM.attributes
                0x000000000000052b       0x31 /usr/local/mcuxpressoide-10.3.1_2233/ide/plugins/com.nxp.mcuxpresso.tools.linux_10.3.0.201811011841/tools/bin/../lib/gcc/arm-none-eabi/7.3.1/../../../../arm-none-eabi/lib/thumb/v6-m/libcr_c.a(strlen.o)
 .ARM.attributes
                0x000000000000055c       0x31 /usr/local/mcuxpressoide-10.3.1_2233/ide/plugins/com.nxp.mcuxpresso.tools.linux_10.3.0.201811011841/tools/bin/../lib/gcc/arm-none-eabi/7.3.1/../../../../arm-none-eabi/lib/thumb/v6-m/libcr_c.a(_do_fflush.o)
 .ARM.attributes
                0x000000000000058d       0x31 /usr/local/mcuxpressoide-10.3.1_2233/ide/plugins/com.nxp.mcuxpresso.tools.linux_10.3.0.201811011841/tools/bin/../lib/gcc/arm-none-eabi/7.3.1/../../../../arm-none-eabi/lib/thumb/v6-m/libcr_c.a(_fflush.o)
 .ARM.attributes
                0x00000000000005be       0x31 /usr/local/mcuxpressoide-10.3.1_2233/ide/plugins/com.nxp.mcuxpresso.tools.linux_10.3.0.201811011841/tools/bin/../lib/gcc/arm-none-eabi/7.3.1/../../../../arm-none-eabi/lib/thumb/v6-m/libcr_c.a(_writebuf.o)
 .ARM.attributes
                0x00000000000005ef       0x31 /usr/local/mcuxpressoide-10.3.1_2233/ide/plugins/com.nxp.mcuxpresso.tools.linux_10.3.0.201811011841/tools/bin/../lib/gcc/arm-none-eabi/7.3.1/../../../../arm-none-eabi/lib/thumb/v6-m/libcr_c.a(alloc.o)
 .ARM.attributes
                0x0000000000000620       0x31 /usr/local/mcuxpressoide-10.3.1_2233/ide/plugins/com.nxp.mcuxpresso.tools.linux_10.3.0.201811011841/tools/bin/../lib/gcc/arm-none-eabi/7.3.1/../../../../arm-none-eabi/lib/thumb/v6-m/libcr_c.a(errno.o)
 .ARM.attributes
                0x0000000000000651       0x31 /usr/local/mcuxpressoide-10.3.1_2233/ide/plugins/com.nxp.mcuxpresso.tools.linux_10.3.0.201811011841/tools/bin/../lib/gcc/arm-none-eabi/7.3.1/../../../../arm-none-eabi/lib/thumb/v6-m/libcr_c.a(_deferredlazyseek.o)
 .ARM.attributes
                0x0000000000000682       0x21 /usr/local/mcuxpressoide-10.3.1_2233/ide/plugins/com.nxp.mcuxpresso.tools.linux_10.3.0.201811011841/tools/bin/../lib/gcc/arm-none-eabi/7.3.1/thumb/v6-m/libcr_eabihelpers.a(division_32.o)
 .ARM.attributes
                0x00000000000006a3       0x21 /usr/local/mcuxpressoide-10.3.1_2233/ide/plugins/com.nxp.mcuxpresso.tools.linux_10.3.0.201811011841/tools/bin/../lib/gcc/arm-none-eabi/7.3.1/thumb/v6-m/libcr_eabihelpers.a(division_64.o)
 .ARM.attributes
                0x00000000000006c4       0x21 /usr/local/mcuxpressoide-10.3.1_2233/ide/plugins/com.nxp.mcuxpresso.tools.linux_10.3.0.201811011841/tools/bin/../lib/gcc/arm-none-eabi/7.3.1/thumb/v6-m/libcr_eabihelpers.a(division_idiv0.o)
 .ARM.attributes
                0x00000000000006e5       0x21 /usr/local/mcuxpressoide-10.3.1_2233/ide/plugins/com.nxp.mcuxpresso.tools.linux_10.3.0.201811011841/tools/bin/../lib/gcc/arm-none-eabi/7.3.1/thumb/v6-m/libcr_eabihelpers.a(memcpy.o)
 .ARM.attributes
                0x0000000000000706       0x31 /usr/local/mcuxpressoide-10.3.1_2233/ide/plugins/com.nxp.mcuxpresso.tools.linux_10.3.0.201811011841/tools/bin/../lib/gcc/arm-none-eabi/7.3.1/../../../../arm-none-eabi/lib/thumb/v6-m/libcr_semihost.a(__ciob.o)
 .ARM.attributes
                0x0000000000000737       0x21 /usr/local/mcuxpressoide-10.3.1_2233/ide/plugins/com.nxp.mcuxpresso.tools.linux_10.3.0.201811011841/tools/bin/../lib/gcc/arm-none-eabi/7.3.1/../../../../arm-none-eabi/lib/thumb/v6-m/libcr_semihost.a(__sys_close.o)
 .ARM.attributes
                0x0000000000000758       0x21 /usr/local/mcuxpressoide-10.3.1_2233/ide/plugins/com.nxp.mcuxpresso.tools.linux_10.3.0.201811011841/tools/bin/../lib/gcc/arm-none-eabi/7.3.1/../../../../arm-none-eabi/lib/thumb/v6-m/libcr_semihost.a(__sys_flen.o)
 .ARM.attributes
                0x0000000000000779       0x21 /usr/local/mcuxpressoide-10.3.1_2233/ide/plugins/com.nxp.mcuxpresso.tools.linux_10.3.0.201811011841/tools/bin/../lib/gcc/arm-none-eabi/7.3.1/../../../../arm-none-eabi/lib/thumb/v6-m/libcr_semihost.a(__sys_istty.o)
 .ARM.attributes
                0x000000000000079a       0x21 /usr/local/mcuxpressoide-10.3.1_2233/ide/plugins/com.nxp.mcuxpresso.tools.linux_10.3.0.201811011841/tools/bin/../lib/gcc/arm-none-eabi/7.3.1/../../../../arm-none-eabi/lib/thumb/v6-m/libcr_semihost.a(__sys_remove.o)
 .ARM.attributes
                0x00000000000007bb       0x21 /usr/local/mcuxpressoide-10.3.1_2233/ide/plugins/com.nxp.mcuxpresso.tools.linux_10.3.0.201811011841/tools/bin/../lib/gcc/arm-none-eabi/7.3.1/../../../../arm-none-eabi/lib/thumb/v6-m/libcr_semihost.a(__sys_seek.o)
 .ARM.attributes
                0x00000000000007dc       0x21 /usr/local/mcuxpressoide-10.3.1_2233/ide/plugins/com.nxp.mcuxpresso.tools.linux_10.3.0.201811011841/tools/bin/../lib/gcc/arm-none-eabi/7.3.1/../../../../arm-none-eabi/lib/thumb/v6-m/libcr_semihost.a(__sys_tmpnam.o)
 .ARM.attributes
                0x00000000000007fd       0x21 /usr/local/mcuxpressoide-10.3.1_2233/ide/plugins/com.nxp.mcuxpresso.tools.linux_10.3.0.201811011841/tools/bin/../lib/gcc/arm-none-eabi/7.3.1/../../../../arm-none-eabi/lib/thumb/v6-m/libcr_semihost.a(__sys_write.o)

.debug_frame    0x0000000000000000      0x884
 .debug_frame   0x0000000000000000       0xb0 ./src/cr_startup_lpc11xx.o
 .debug_frame   0x00000000000000b0       0x68 ./src/firmware.o
 .debug_frame   0x0000000000000118       0x54 ./src/gpio.o
 .debug_frame   0x000000000000016c       0x90 ./src/i2c.o
 .debug_frame   0x00000000000001fc       0x70 ./src/iap_driver.o
 .debug_frame   0x000000000000026c       0xa0 ./src/main.o
 .debug_frame   0x000000000000030c      0x108 ./src/modbus.o
 .debug_frame   0x0000000000000414       0x68 ./src/oneWire.o
 .debug_frame   0x000000000000047c       0x5c ./src/pwm.o
 .debug_frame   0x00000000000004d8       0xe8 ./src/screenFeroFluid.o
 .debug_frame   0x00000000000005c0       0xe4 ./src/ssp.o
 .debug_frame   0x00000000000006a4       0xa8 ./src/timer16.o
 .debug_frame   0x000000000000074c       0x78 ./src/timer32.o
 .debug_frame   0x00000000000007c4       0x58 ./src/triac.o
 .debug_frame   0x000000000000081c       0x68 ./src/uart.o
