Archive member included to satisfy reference by file (symbol)

/usr/local/mcuxpressoide-10.3.0_2200/ide/plugins/com.nxp.mcuxpresso.tools.linux_10.3.0.201811011841/tools/bin/../lib/gcc/arm-none-eabi/7.3.1/../../../../arm-none-eabi/lib/thumb/v6-m/libcr_semihost.a(_cr__main.o)
                              ./src/cr_startup_lpc11xx.o (__main)
/usr/local/mcuxpressoide-10.3.0_2200/ide/plugins/com.nxp.mcuxpresso.tools.linux_10.3.0.201811011841/tools/bin/../lib/gcc/arm-none-eabi/7.3.1/../../../../arm-none-eabi/lib/thumb/v6-m/libcr_c.a(memcpy.o)
                              ./src/modbus.o (memcpy)
/usr/local/mcuxpressoide-10.3.0_2200/ide/plugins/com.nxp.mcuxpresso.tools.linux_10.3.0.201811011841/tools/bin/../lib/gcc/arm-none-eabi/7.3.1/../../../../arm-none-eabi/lib/thumb/v6-m/libcr_c.a(memset.o)
                              ./src/bme280.o (memset)
/usr/local/mcuxpressoide-10.3.0_2200/ide/plugins/com.nxp.mcuxpresso.tools.linux_10.3.0.201811011841/tools/bin/../lib/gcc/arm-none-eabi/7.3.1/../../../../arm-none-eabi/lib/thumb/v6-m/libcr_c.a(initio.o)
                              /usr/local/mcuxpressoide-10.3.0_2200/ide/plugins/com.nxp.mcuxpresso.tools.linux_10.3.0.201811011841/tools/bin/../lib/gcc/arm-none-eabi/7.3.1/../../../../arm-none-eabi/lib/thumb/v6-m/libcr_semihost.a(_cr__main.o) (_initio)
/usr/local/mcuxpressoide-10.3.0_2200/ide/plugins/com.nxp.mcuxpresso.tools.linux_10.3.0.201811011841/tools/bin/../lib/gcc/arm-none-eabi/7.3.1/../../../../arm-none-eabi/lib/thumb/v6-m/libcr_c.a(setvbuf.o)
                              /usr/local/mcuxpressoide-10.3.0_2200/ide/plugins/com.nxp.mcuxpresso.tools.linux_10.3.0.201811011841/tools/bin/../lib/gcc/arm-none-eabi/7.3.1/../../../../arm-none-eabi/lib/thumb/v6-m/libcr_c.a(initio.o) (setvbuf)
/usr/local/mcuxpressoide-10.3.0_2200/ide/plugins/com.nxp.mcuxpresso.tools.linux_10.3.0.201811011841/tools/bin/../lib/gcc/arm-none-eabi/7.3.1/../../../../arm-none-eabi/lib/thumb/v6-m/libcr_c.a(_fdopen.o)
                              /usr/local/mcuxpressoide-10.3.0_2200/ide/plugins/com.nxp.mcuxpresso.tools.linux_10.3.0.201811011841/tools/bin/../lib/gcc/arm-none-eabi/7.3.1/../../../../arm-none-eabi/lib/thumb/v6-m/libcr_c.a(initio.o) (_fdopen)
/usr/local/mcuxpressoide-10.3.0_2200/ide/plugins/com.nxp.mcuxpresso.tools.linux_10.3.0.201811011841/tools/bin/../lib/gcc/arm-none-eabi/7.3.1/../../../../arm-none-eabi/lib/thumb/v6-m/libcr_c.a(fclose.o)
                              /usr/local/mcuxpressoide-10.3.0_2200/ide/plugins/com.nxp.mcuxpresso.tools.linux_10.3.0.201811011841/tools/bin/../lib/gcc/arm-none-eabi/7.3.1/../../../../arm-none-eabi/lib/thumb/v6-m/libcr_c.a(initio.o) (fclose)
/usr/local/mcuxpressoide-10.3.0_2200/ide/plugins/com.nxp.mcuxpresso.tools.linux_10.3.0.201811011841/tools/bin/../lib/gcc/arm-none-eabi/7.3.1/../../../../arm-none-eabi/lib/thumb/v6-m/libcr_c.a(fflush.o)
                              /usr/local/mcuxpressoide-10.3.0_2200/ide/plugins/com.nxp.mcuxpresso.tools.linux_10.3.0.201811011841/tools/bin/../lib/gcc/arm-none-eabi/7.3.1/../../../../arm-none-eabi/lib/thumb/v6-m/libcr_c.a(fclose.o) (fflush)
/usr/local/mcuxpressoide-10.3.0_2200/ide/plugins/com.nxp.mcuxpresso.tools.linux_10.3.0.201811011841/tools/bin/../lib/gcc/arm-none-eabi/7.3.1/../../../../arm-none-eabi/lib/thumb/v6-m/libcr_c.a(fseek.o)
                              /usr/local/mcuxpressoide-10.3.0_2200/ide/plugins/com.nxp.mcuxpresso.tools.linux_10.3.0.201811011841/tools/bin/../lib/gcc/arm-none-eabi/7.3.1/../../../../arm-none-eabi/lib/thumb/v6-m/libcr_c.a(_fdopen.o) (fseek)
/usr/local/mcuxpressoide-10.3.0_2200/ide/plugins/com.nxp.mcuxpresso.tools.linux_10.3.0.201811011841/tools/bin/../lib/gcc/arm-none-eabi/7.3.1/../../../../arm-none-eabi/lib/thumb/v6-m/libcr_c.a(ftell.o)
                              /usr/local/mcuxpressoide-10.3.0_2200/ide/plugins/com.nxp.mcuxpresso.tools.linux_10.3.0.201811011841/tools/bin/../lib/gcc/arm-none-eabi/7.3.1/../../../../arm-none-eabi/lib/thumb/v6-m/libcr_c.a(fseek.o) (ftell)
/usr/local/mcuxpressoide-10.3.0_2200/ide/plugins/com.nxp.mcuxpresso.tools.linux_10.3.0.201811011841/tools/bin/../lib/gcc/arm-none-eabi/7.3.1/../../../../arm-none-eabi/lib/thumb/v6-m/libcr_c.a(remove.o)
                              /usr/local/mcuxpressoide-10.3.0_2200/ide/plugins/com.nxp.mcuxpresso.tools.linux_10.3.0.201811011841/tools/bin/../lib/gcc/arm-none-eabi/7.3.1/../../../../arm-none-eabi/lib/thumb/v6-m/libcr_c.a(fclose.o) (remove)
/usr/local/mcuxpressoide-10.3.0_2200/ide/plugins/com.nxp.mcuxpresso.tools.linux_10.3.0.201811011841/tools/bin/../lib/gcc/arm-none-eabi/7.3.1/../../../../arm-none-eabi/lib/thumb/v6-m/libcr_c.a(strlen.o)
                              /usr/local/mcuxpressoide-10.3.0_2200/ide/plugins/com.nxp.mcuxpresso.tools.linux_10.3.0.201811011841/tools/bin/../lib/gcc/arm-none-eabi/7.3.1/../../../../arm-none-eabi/lib/thumb/v6-m/libcr_c.a(remove.o) (strlen)
[...]
Memory Configuration

Name             Origin             Length             Attributes
MFlash32         0x0000000000000000 0x0000000000004000 xr
RamLoc8          0x0000000010000000 0x0000000000002000 xrw
*default*        0x0000000000000000 0xffffffffffffffff

Linker script and memory map

LOAD ./src/DS18B20.o
LOAD ./src/I2C.o
LOAD ./src/TLI4970.o
LOAD ./src/bme280.o
LOAD ./src/bme280_user.o
LOAD ./src/cr_startup_lpc11xx.o
LOAD ./src/crp.o
LOAD ./src/firmware.o
LOAD ./src/gpio.o
LOAD ./src/iap_driver.o
LOAD ./src/lcd_thermostat.o
LOAD ./src/main.o
LOAD ./src/modbus.o
LOAD ./src/oneWire.o
LOAD ./src/pwm.o
LOAD ./src/sht30.o
LOAD ./src/ssp.o
LOAD ./src/timer16.o
LOAD ./src/timer32.o
LOAD ./src/triac.o
LOAD ./src/uart.o
START GROUP
LOAD /usr/local/mcuxpressoide-10.3.0_2200/ide/plugins/com.nxp.mcuxpresso.tools.linux_10.3.0.201811011841/tools/bin/../lib/gcc/arm-none-eabi/7.3.1/../../../../arm-none-eabi/lib/thumb/v6-m/libcr_semihost.a
LOAD /usr/local/mcuxpressoide-10.3.0_2200/ide/plugins/com.nxp.mcuxpresso.tools.linux_10.3.0.201811011841/tools/bin/../lib/gcc/arm-none-eabi/7.3.1/../../../../arm-none-eabi/lib/thumb/v6-m/libcr_c.a
LOAD /usr/local/mcuxpressoide-10.3.0_2200/ide/plugins/com.nxp.mcuxpresso.tools.linux_10.3.0.201811011841/tools/bin/../lib/gcc/arm-none-eabi/7.3.1/thumb/v6-m/libcr_eabihelpers.a
END GROUP
                0x0000000000000000                __base_MFlash32 = 0x0
                0x0000000000000000                __base_Flash = 0x0
                0x0000000000004000                __top_MFlash32 = 0x4000
                0x0000000000004000                __top_Flash = 0x4000
                0x0000000010000000                __base_RamLoc8 = 0x10000000
                0x0000000010000000                __base_RAM = 0x10000000
                0x0000000010002000                __top_RamLoc8 = 0x10002000
                0x0000000010002000                __top_RAM = 0x10002000

.text           0x0000000000000000     0x2aa4
 FILL mask 0xff
                0x0000000000000000                __vectors_start__ = ABSOLUTE (.)
 *(.isr_vector)
 .isr_vector    0x0000000000000000       0xc0 ./src/cr_startup_lpc11xx.o
                0x0000000000000000                g_pfnVectors
                0x00000000000000c0                . = ALIGN (0x4)
                0x00000000000000c0                __section_table_start = .
                0x00000000000000c0                __data_section_table = .
                0x00000000000000c0        0x4 LONG 0x2aa4 LOADADDR (.data)
                0x00000000000000c4        0x4 LONG 0x10000000 ADDR (.data)
                0x00000000000000c8        0x4 LONG 0x18c SIZEOF (.data)
                0x00000000000000cc                __data_section_table_end = .
                0x00000000000000cc                __bss_section_table = .
                0x00000000000000cc        0x4 LONG 0x10000190 ADDR (.bss)
                0x00000000000000d0        0x4 LONG 0xad0 SIZEOF (.bss)
                0x00000000000000d4                __bss_section_table_end = .
                0x00000000000000d4                __section_table_end = .
 *(.after_vectors*)
 .after_vectors
                0x00000000000000d4       0x78 ./src/cr_startup_lpc11xx.o
                0x00000000000000d4                NMI_Handler
                0x00000000000000d6                HardFault_Handler
                0x00000000000000d8                SVC_Handler
                0x00000000000000da                PendSV_Handler
                0x00000000000000dc                SysTick_Handler
                0x00000000000000de                IntDefaultHandler
                0x00000000000000de                PIOINT1_IRQHandler
                0x00000000000000de                CAN_IRQHandler
                0x00000000000000de                ADC_IRQHandler
                0x00000000000000de                PIOINT2_IRQHandler
                0x00000000000000de                BOD_IRQHandler
                0x00000000000000de                WAKEUP_IRQHandler
                0x00000000000000de                I2C_IRQHandler
                0x00000000000000de                WDT_IRQHandler
                0x00000000000000de                PIOINT3_IRQHandler
                0x00000000000000e0                data_init
                0x00000000000000f6                bss_init
                0x0000000000000108                ResetISR
                0x00000000000002fc                . = 0x2fc
 *fill*         0x000000000000014c      0x1b0 ff
                0x00000000000002fc                PROVIDE (__CRP_WORD_START__ = .)
 *(.crp)
 .crp           0x00000000000002fc        0x4 ./src/crp.o
                0x00000000000002fc                CRP_WORD
                0x0000000000000300                PROVIDE (__CRP_WORD_END__ = .)
                0x0000000000000001                ASSERT (! ((__CRP_WORD_START__ == __CRP_WORD_END__)), Linker CRP Enabled, but no CRP_WORD provided within application)
 *(.text*)
 .text.initDS18B20
                0x0000000000000300       0x30 ./src/DS18B20.o
                0x0000000000000300                initDS18B20
 .text.getIdDS18B20
                0x0000000000000330       0x4a ./src/DS18B20.o
                0x0000000000000330                getIdDS18B20
 *fill*         0x000000000000037a        0x2 ff
 .text.RunDS18B20
                0x000000000000037c       0x20 ./src/DS18B20.o
                0x000000000000037c                RunDS18B20
 .text.readDS18B20
                0x000000000000039c       0x20 ./src/DS18B20.o
                0x000000000000039c                readDS18B20
 .text.getDS18B20
                0x00000000000003bc       0x30 ./src/DS18B20.o
                0x00000000000003bc                getDS18B20
 .text.initTLI4970
                0x00000000000003ec       0x14 ./src/TLI4970.o
                0x00000000000003ec                initTLI4970
 .text.readTLI4970
                0x0000000000000400       0x54 ./src/TLI4970.o
                0x0000000000000400                readTLI4970
 .text.firmwareStore
                0x0000000000000454       0x58 ./src/firmware.o
                0x0000000000000454                firmwareStore
 .text.firmwareDecode
                0x00000000000004ac       0x30 ./src/firmware.o
                0x00000000000004ac                firmwareDecode
 .text.GPIOSetInterrupt
                0x00000000000004dc      0x1c0 ./src/gpio.o
                0x00000000000004dc                GPIOSetInterrupt
 .text.iapInit  0x000000000000069c       0x20 ./src/iap_driver.o
                0x000000000000069c                iapInit
 .text.modBusCallBackRead
                0x00000000000006bc      0x1b8 ./src/main.o
                0x00000000000006bc                modBusCallBackRead
 .text.modBusCallBackWrite
                0x0000000000000874       0x90 ./src/main.o
                0x0000000000000874                modBusCallBackWrite
 .text.configClock
                0x0000000000000904       0x6c ./src/main.o
                0x0000000000000904                configClock
 .text.main     0x0000000000000970      0x5b0 ./src/main.o
                0x0000000000000970                main
 .text.modeBusUartRx
                0x0000000000000f20       0xa0 ./src/modbus.o
                0x0000000000000f20                modeBusUartRx
 .text.modBusSetCallbackWrite
                0x0000000000000fc0        0xc ./src/modbus.o
                0x0000000000000fc0                modBusSetCallbackWrite
 .text.modBusSetCallbackRead
                0x0000000000000fcc        0xc ./src/modbus.o
                0x0000000000000fcc                modBusSetCallbackRead
 .text.modeBusInit
                0x0000000000000fd8       0x60 ./src/modbus.o
                0x0000000000000fd8                modeBusInit
 .text.modeBusSetAdresse
                0x0000000000001038       0x58 ./src/modbus.o
                0x0000000000001038                modeBusSetAdresse
 .text.modeBusCrc
                0x0000000000001090       0x30 ./src/modbus.o
                0x0000000000001090                modeBusCrc
 .text.modeBusSendPaquet
                0x00000000000010c0       0xa8 ./src/modbus.o
                0x00000000000010c0                modeBusSendPaquet
 .text.modeBusPaquetRead
                0x0000000000001168      0x1cc ./src/modbus.o
                0x0000000000001168                modeBusPaquetRead
 .text.TIMER32_0_IRQHandler
                0x0000000000001334       0xb4 ./src/modbus.o
                0x0000000000001334                TIMER32_0_IRQHandler
 .text.modeBusCompute
                0x00000000000013e8       0x48 ./src/modbus.o
                0x00000000000013e8                modeBusCompute
 .text.SendReadOneWire
                0x0000000000001430       0x88 ./src/oneWire.o
                0x0000000000001430                SendReadOneWire
 .text.getDataOneWire
                0x00000000000014b8       0x28 ./src/oneWire.o
                0x00000000000014b8                getDataOneWire
 .text.initOneWire
                0x00000000000014e0       0x30 ./src/oneWire.o
                0x00000000000014e0                initOneWire
 .text.TIMER16_0_IRQHandler
                0x0000000000001510      0x22c ./src/oneWire.o
                0x0000000000001510                TIMER16_0_IRQHandler
 .text.pwmInit  0x000000000000173c       0x24 ./src/pwm.o
                0x000000000000173c                pwmInit
 .text.setPwm   0x0000000000001760       0x74 ./src/pwm.o
                0x0000000000001760                setPwm
 .text.TIMER32_1_IRQHandler
                0x00000000000017d4       0xc8 ./src/pwm.o
                0x00000000000017d4                TIMER32_1_IRQHandler
 .text.SSP0_IRQHandler
                0x000000000000189c       0x48 ./src/ssp.o
                0x000000000000189c                SSP0_IRQHandler
 .text.SSP1_IRQHandler
                0x00000000000018e4       0x48 ./src/ssp.o
                0x00000000000018e4                SSP1_IRQHandler
 .text.SSP_IOConfig
                0x000000000000192c       0x8c ./src/ssp.o
                0x000000000000192c                SSP_IOConfig
 .text.SSP_Init
                0x00000000000019b8       0x84 ./src/ssp.o
                0x00000000000019b8                SSP_Init
 .text.SSP_Receive
                0x0000000000001a3c       0x50 ./src/ssp.o
                0x0000000000001a3c                SSP_Receive
 .text.enable_timer16
                0x0000000000001a8c       0x1c ./src/timer16.o
                0x0000000000001a8c                enable_timer16
 .text.disable_timer16
                0x0000000000001aa8       0x1c ./src/timer16.o
                0x0000000000001aa8                disable_timer16
 .text.reset_timer16
                0x0000000000001ac4       0x24 ./src/timer16.o
                0x0000000000001ac4                reset_timer16
 .text.init_timer16
                0x0000000000001ae8       0x8c ./src/timer16.o
                0x0000000000001ae8                init_timer16
 .text.enable_timer32
                0x0000000000001b74       0x1c ./src/timer32.o
                0x0000000000001b74                enable_timer32
 .text.disable_timer32
                0x0000000000001b90       0x1c ./src/timer32.o
                0x0000000000001b90                disable_timer32
 .text.reset_timer32
                0x0000000000001bac       0x24 ./src/timer32.o
                0x0000000000001bac                reset_timer32
 .text.init_timer32
                0x0000000000001bd0       0x60 ./src/timer32.o
                0x0000000000001bd0                init_timer32
 .text.triacInit
                0x0000000000001c30       0x40 ./src/triac.o
                0x0000000000001c30                triacInit
 .text.set_triac
                0x0000000000001c70       0x1c ./src/triac.o
                0x0000000000001c70                set_triac
 .text.PIOINT0_IRQHandler
                0x0000000000001c8c       0x90 ./src/triac.o
                0x0000000000001c8c                PIOINT0_IRQHandler
 .text.TIMER16_1_IRQHandler
                0x0000000000001d1c       0x98 ./src/triac.o
                0x0000000000001d1c                TIMER16_1_IRQHandler
 .text.UartSetCallback
                0x0000000000001db4        0xc ./src/uart.o
                0x0000000000001db4                UartSetCallback
 .text.UartIRQHandler
                0x0000000000001dc0       0x8c ./src/uart.o
                0x0000000000001dc0                UartIRQHandler
 .text.UartInit
                0x0000000000001e4c       0xc0 ./src/uart.o
                0x0000000000001e4c                UartInit
 .text.UartSend
                0x0000000000001f0c       0x20 ./src/uart.o
                0x0000000000001f0c                UartSend
 .text.__main   0x0000000000001f2c        0xc /usr/local/mcuxpressoide-10.3.0_2200/ide/plugins/com.nxp.mcuxpresso.tools.linux_10.3.0.201811011841/tools/bin/../lib/gcc/arm-none-eabi/7.3.1/../../../../arm-none-eabi/lib/thumb/v6-m/libcr_semihost.a(_cr__main.o)
                0x0000000000001f2c                __main
                0x0000000000001f2c                __CR_SEMIHOST
 .text.memcpy   0x0000000000001f38        0x8 /usr/local/mcuxpressoide-10.3.0_2200/ide/plugins/com.nxp.mcuxpresso.tools.linux_10.3.0.201811011841/tools/bin/../lib/gcc/arm-none-eabi/7.3.1/../../../../arm-none-eabi/lib/thumb/v6-m/libcr_c.a(memcpy.o)
                0x0000000000001f38                memcpy
 .text.memset   0x0000000000001f40        0x8 /usr/local/mcuxpressoide-10.3.0_2200/ide/plugins/com.nxp.mcuxpresso.tools.linux_10.3.0.201811011841/tools/bin/../lib/gcc/arm-none-eabi/7.3.1/../../../../arm-none-eabi/lib/thumb/v6-m/libcr_c.a(memset.o)
                0x0000000000001f40                memset
 .text._initio  0x0000000000001f48       0x7c /usr/local/mcuxpressoide-10.3.0_2200/ide/plugins/com.nxp.mcuxpresso.tools.linux_10.3.0.201811011841/tools/bin/../lib/gcc/arm-none-eabi/7.3.1/../../../../arm-none-eabi/lib/thumb/v6-m/libcr_c.a(initio.o)
                0x0000000000001f48                _initio
 .text.setvbuf  0x0000000000001fc4       0x48 /usr/local/mcuxpressoide-10.3.0_2200/ide/plugins/com.nxp.mcuxpresso.tools.linux_10.3.0.201811011841/tools/bin/../lib/gcc/arm-none-eabi/7.3.1/../../../../arm-none-eabi/lib/thumb/v6-m/libcr_c.a(setvbuf.o)
                0x0000000000001fc4                setvbuf
 .text._fdopen  0x000000000000200c       0x74 /usr/local/mcuxpressoide-10.3.0_2200/ide/plugins/com.nxp.mcuxpresso.tools.linux_10.3.0.201811011841/tools/bin/../lib/gcc/arm-none-eabi/7.3.1/../../../../arm-none-eabi/lib/thumb/v6-m/libcr_c.a(_fdopen.o)
                0x000000000000200c                _fdopen
 .text.fclose   0x0000000000002080       0x5c /usr/local/mcuxpressoide-10.3.0_2200/ide/plugins/com.nxp.mcuxpresso.tools.linux_10.3.0.201811011841/tools/bin/../lib/gcc/arm-none-eabi/7.3.1/../../../../arm-none-eabi/lib/thumb/v6-m/libcr_c.a(fclose.o)
                0x0000000000002080                fclose
 .text.fflush   0x00000000000020dc       0x44 /usr/local/mcuxpressoide-10.3.0_2200/ide/plugins/com.nxp.mcuxpresso.tools.linux_10.3.0.201811011841/tools/bin/../lib/gcc/arm-none-eabi/7.3.1/../../../../arm-none-eabi/lib/thumb/v6-m/libcr_c.a(fflush.o)
                0x00000000000020dc                fflush
 .text.fseek    0x0000000000002120       0xf0 /usr/local/mcuxpressoide-10.3.0_2200/ide/plugins/com.nxp.mcuxpresso.tools.linux_10.3.0.201811011841/tools/bin/../lib/gcc/arm-none-eabi/7.3.1/../../../../arm-none-eabi/lib/thumb/v6-m/libcr_c.a(fseek.o)
                0x0000000000002120                fseek
 .text.ftell    0x0000000000002210       0x48 /usr/local/mcuxpressoide-10.3.0_2200/ide/plugins/com.nxp.mcuxpresso.tools.linux_10.3.0.201811011841/tools/bin/../lib/gcc/arm-none-eabi/7.3.1/../../../../arm-none-eabi/lib/thumb/v6-m/libcr_c.a(ftell.o)
                0x0000000000002210                ftell
 .text.remove   0x0000000000002258       0x12 /usr/local/mcuxpressoide-10.3.0_2200/ide/plugins/com.nxp.mcuxpresso.tools.linux_10.3.0.201811011841/tools/bin/../lib/gcc/arm-none-eabi/7.3.1/../../../../arm-none-eabi/lib/thumb/v6-m/libcr_c.a(remove.o)
                0x0000000000002258                remove
 *fill*         0x000000000000226a        0x2 ff
 .text.strlen   0x000000000000226c       0x58 /usr/local/mcuxpressoide-10.3.0_2200/ide/plugins/com.nxp.mcuxpresso.tools.linux_10.3.0.201811011841/tools/bin/../lib/gcc/arm-none-eabi/7.3.1/../../../../arm-none-eabi/lib/thumb/v6-m/libcr_c.a(strlen.o)
                0x000000000000226c                strlen
 .text._do_fflush
                0x00000000000022c4       0x44 /usr/local/mcuxpressoide-10.3.0_2200/ide/plugins/com.nxp.mcuxpresso.tools.linux_10.3.0.201811011841/tools/bin/../lib/gcc/arm-none-eabi/7.3.1/../../../../arm-none-eabi/lib/thumb/v6-m/libcr_c.a(_do_fflush.o)
                0x00000000000022c4                _do_fflush
 .text._fflush  0x0000000000002308       0x5c /usr/local/mcuxpressoide-10.3.0_2200/ide/plugins/com.nxp.mcuxpresso.tools.linux_10.3.0.201811011841/tools/bin/../lib/gcc/arm-none-eabi/7.3.1/../../../../arm-none-eabi/lib/thumb/v6-m/libcr_c.a(_fflush.o)
                0x0000000000002308                _fflush
 .text._Cwritebuf
                0x0000000000002364       0x68 /usr/local/mcuxpressoide-10.3.0_2200/ide/plugins/com.nxp.mcuxpresso.tools.linux_10.3.0.201811011841/tools/bin/../lib/gcc/arm-none-eabi/7.3.1/../../../../arm-none-eabi/lib/thumb/v6-m/libcr_c.a(_writebuf.o)
                0x0000000000002364                _Cwritebuf
 .text.free     0x00000000000023cc       0x2c /usr/local/mcuxpressoide-10.3.0_2200/ide/plugins/com.nxp.mcuxpresso.tools.linux_10.3.0.201811011841/tools/bin/../lib/gcc/arm-none-eabi/7.3.1/../../../../arm-none-eabi/lib/thumb/v6-m/libcr_c.a(alloc.o)
                0x00000000000023cc                free
 .text._deferredlazyseek
                0x00000000000023f8       0x40 /usr/local/mcuxpressoide-10.3.0_2200/ide/plugins/com.nxp.mcuxpresso.tools.linux_10.3.0.201811011841/tools/bin/../lib/gcc/arm-none-eabi/7.3.1/../../../../arm-none-eabi/lib/thumb/v6-m/libcr_c.a(_deferredlazyseek.o)
                0x00000000000023f8                _deferredlazyseek
 .text.__aeabi_division_idivmod
                0x0000000000002438       0x78 /usr/local/mcuxpressoide-10.3.0_2200/ide/plugins/com.nxp.mcuxpresso.tools.linux_10.3.0.201811011841/tools/bin/../lib/gcc/arm-none-eabi/7.3.1/thumb/v6-m/libcr_eabihelpers.a(division_32.o)
                0x0000000000002438                __aeabi_idiv
                0x0000000000002438                __aeabi_idivmod
                0x000000000000243e                __aeabi_uidiv
                0x000000000000243e                __aeabi_uidivmod
 .text.__aeabi_division_uldivmod
                0x00000000000024b0       0x5a /usr/local/mcuxpressoide-10.3.0_2200/ide/plugins/com.nxp.mcuxpresso.tools.linux_10.3.0.201811011841/tools/bin/../lib/gcc/arm-none-eabi/7.3.1/thumb/v6-m/libcr_eabihelpers.a(division_64.o)
                0x00000000000024b0                __aeabi_uldivmod
 .text.__aeabi_division_ldivmod
                0x000000000000250a       0x32 /usr/local/mcuxpressoide-10.3.0_2200/ide/plugins/com.nxp.mcuxpresso.tools.linux_10.3.0.201811011841/tools/bin/../lib/gcc/arm-none-eabi/7.3.1/thumb/v6-m/libcr_eabihelpers.a(division_64.o)
                0x000000000000250a                __aeabi_ldivmod
 .text.__aeabi_division_idiv0
                0x000000000000253c        0x2 /usr/local/mcuxpressoide-10.3.0_2200/ide/plugins/com.nxp.mcuxpresso.tools.linux_10.3.0.201811011841/tools/bin/../lib/gcc/arm-none-eabi/7.3.1/thumb/v6-m/libcr_eabihelpers.a(division_idiv0.o)
                0x000000000000253c                __aeabi_idiv0
 *fill*         0x000000000000253e        0x2 ff
 .text.__aeabi_ddiv
                0x0000000000002540      0x148 /usr/local/mcuxpressoide-10.3.0_2200/ide/plugins/com.nxp.mcuxpresso.tools.linux_10.3.0.201811011841/tools/bin/../lib/gcc/arm-none-eabi/7.3.1/thumb/v6-m/libcr_eabihelpers.a(double.o)
                0x0000000000002540                __aeabi_ddiv
 .text.__aeabi_d2uiz
                0x0000000000002688       0x34 /usr/local/mcuxpressoide-10.3.0_2200/ide/plugins/com.nxp.mcuxpresso.tools.linux_10.3.0.201811011841/tools/bin/../lib/gcc/arm-none-eabi/7.3.1/thumb/v6-m/libcr_eabihelpers.a(double.o)
                0x0000000000002688                __aeabi_d2uiz
 .text.__bhs_ui2d
                0x00000000000026bc       0x5e /usr/local/mcuxpressoide-10.3.0_2200/ide/plugins/com.nxp.mcuxpresso.tools.linux_10.3.0.201811011841/tools/bin/../lib/gcc/arm-none-eabi/7.3.1/thumb/v6-m/libcr_eabihelpers.a(double.o)
                0x00000000000026bc                __bhs_ui2d
 .text.__aeabi_ui2d
                0x000000000000271a        0xc /usr/local/mcuxpressoide-10.3.0_2200/ide/plugins/com.nxp.mcuxpresso.tools.linux_10.3.0.201811011841/tools/bin/../lib/gcc/arm-none-eabi/7.3.1/thumb/v6-m/libcr_eabihelpers.a(double.o)
                0x000000000000271a                __aeabi_ui2d
 .text.__aeabi_memcpy
                0x0000000000002726       0x2c /usr/local/mcuxpressoide-10.3.0_2200/ide/plugins/com.nxp.mcuxpresso.tools.linux_10.3.0.201811011841/tools/bin/../lib/gcc/arm-none-eabi/7.3.1/thumb/v6-m/libcr_eabihelpers.a(memcpy.o)
                0x0000000000002726                __aeabi_memcpy
                0x0000000000002726                __aeabi_memcpy4
                0x0000000000002726                __aeabi_memcpy8
 .text.__aeabi_memset_lowlevel
                0x0000000000002752       0x2a /usr/local/mcuxpressoide-10.3.0_2200/ide/plugins/com.nxp.mcuxpresso.tools.linux_10.3.0.201811011841/tools/bin/../lib/gcc/arm-none-eabi/7.3.1/thumb/v6-m/libcr_eabihelpers.a(memcpy.o)
                0x0000000000002752                __aeabi_lowlevel_memset
 .text.__sys_close
                0x000000000000277c        0xc /usr/local/mcuxpressoide-10.3.0_2200/ide/plugins/com.nxp.mcuxpresso.tools.linux_10.3.0.201811011841/tools/bin/../lib/gcc/arm-none-eabi/7.3.1/../../../../arm-none-eabi/lib/thumb/v6-m/libcr_semihost.a(__sys_close.o)
                0x000000000000277c                __sys_close
 .text.__sys_flen
                0x0000000000002788        0xc /usr/local/mcuxpressoide-10.3.0_2200/ide/plugins/com.nxp.mcuxpresso.tools.linux_10.3.0.201811011841/tools/bin/../lib/gcc/arm-none-eabi/7.3.1/../../../../arm-none-eabi/lib/thumb/v6-m/libcr_semihost.a(__sys_flen.o)
                0x0000000000002788                __sys_flen
 .text.__sys_istty
                0x0000000000002794        0xc /usr/local/mcuxpressoide-10.3.0_2200/ide/plugins/com.nxp.mcuxpresso.tools.linux_10.3.0.201811011841/tools/bin/../lib/gcc/arm-none-eabi/7.3.1/../../../../arm-none-eabi/lib/thumb/v6-m/libcr_semihost.a(__sys_istty.o)
                0x0000000000002794                __sys_istty
 .text.__sys_remove
                0x00000000000027a0        0xc /usr/local/mcuxpressoide-10.3.0_2200/ide/plugins/com.nxp.mcuxpresso.tools.linux_10.3.0.201811011841/tools/bin/../lib/gcc/arm-none-eabi/7.3.1/../../../../arm-none-eabi/lib/thumb/v6-m/libcr_semihost.a(__sys_remove.o)
                0x00000000000027a0                __sys_remove
 .text.__sys_seek
                0x00000000000027ac        0xc /usr/local/mcuxpressoide-10.3.0_2200/ide/plugins/com.nxp.mcuxpresso.tools.linux_10.3.0.201811011841/tools/bin/../lib/gcc/arm-none-eabi/7.3.1/../../../../arm-none-eabi/lib/thumb/v6-m/libcr_semihost.a(__sys_seek.o)
                0x00000000000027ac                __sys_seek
 .text.__sys_tmpnam
                0x00000000000027b8        0xc /usr/local/mcuxpressoide-10.3.0_2200/ide/plugins/com.nxp.mcuxpresso.tools.linux_10.3.0.201811011841/tools/bin/../lib/gcc/arm-none-eabi/7.3.1/../../../../arm-none-eabi/lib/thumb/v6-m/libcr_semihost.a(__sys_tmpnam.o)
                0x00000000000027b8                __sys_tmpnam
 .text.__sys_write
                0x00000000000027c4        0xc /usr/local/mcuxpressoide-10.3.0_2200/ide/plugins/com.nxp.mcuxpresso.tools.linux_10.3.0.201811011841/tools/bin/../lib/gcc/arm-none-eabi/7.3.1/../../../../arm-none-eabi/lib/thumb/v6-m/libcr_semihost.a(__sys_write.o)
                0x00000000000027c4                __sys_write
 .text.__sys_write.__stub
                0x00000000000027d0       0x40 linker stubs
 *(.rodata .rodata.* .constdata .constdata.*)
 .rodata        0x0000000000002810        0xe ./src/DS18B20.o
 *fill*         0x000000000000281e        0x2 ff
 .rodata.BIT_SW
                0x0000000000002820        0x4 ./src/main.o
 .rodata.PORT_SW
                0x0000000000002824        0x4 ./src/main.o
 .rodata.SIN    0x0000000000002828       0x14 ./src/main.o
                0x0000000000002828                SIN
 .rodata.modeBusPaquetRead
                0x000000000000283c       0x44 ./src/modbus.o
 .rodata.wCRCTable
                0x0000000000002880      0x200 ./src/modbus.o
 .rodata.TIMER16_0_IRQHandler
                0x0000000000002a80       0x18 ./src/oneWire.o
 .rodata.pwmOrder
                0x0000000000002a98        0x3 ./src/pwm.o
 .rodata._initio.str1.1
                0x0000000000002a9b        0x4 /usr/local/mcuxpressoide-10.3.0_2200/ide/plugins/com.nxp.mcuxpresso.tools.linux_10.3.0.201811011841/tools/bin/../lib/gcc/arm-none-eabi/7.3.1/../../../../arm-none-eabi/lib/thumb/v6-m/libcr_c.a(initio.o)
 *fill*         0x0000000000002a9f        0x1 ff
 .rodata.__num_Ciob_streams
                0x0000000000002aa0        0x4 /usr/local/mcuxpressoide-10.3.0_2200/ide/plugins/com.nxp.mcuxpresso.tools.linux_10.3.0.201811011841/tools/bin/../lib/gcc/arm-none-eabi/7.3.1/../../../../arm-none-eabi/lib/thumb/v6-m/libcr_semihost.a(__ciob.o)
                0x0000000000002aa0                __num_Ciob_streams
                0x0000000000002aa4                . = ALIGN (0x4)

.glue_7         0x0000000000002aa4        0x0
 .glue_7        0x0000000000002aa4        0x0 linker stubs

.glue_7t        0x0000000000002aa4        0x0
 .glue_7t       0x0000000000002aa4        0x0 linker stubs

.vfp11_veneer   0x0000000000002aa4        0x0
 .vfp11_veneer  0x0000000000002aa4        0x0 linker stubs

.v4_bx          0x0000000000002aa4        0x0
 .v4_bx         0x0000000000002aa4        0x0 linker stubs

.iplt           0x0000000000002aa4        0x0
 .iplt          0x0000000000002aa4        0x0 ./src/DS18B20.o

.rel.dyn        0x0000000000002aa4        0x0
 .rel.iplt      0x0000000000002aa4        0x0 ./src/DS18B20.o

.ARM.extab
 *(.ARM.extab* .gnu.linkonce.armextab.*)
                0x0000000000002aa4                __exidx_start = .

.ARM.exidx
 *(.ARM.exidx* .gnu.linkonce.armexidx.*)
                0x0000000000002aa4                __exidx_end = .
                0x0000000000002aa4                _etext = .

.uninit_RESERVED
                0x0000000010000000        0x0
 *(.bss.$RESERVED*)
                0x0000000010000000                . = ALIGN (0x4)
                0x0000000010000000                _end_uninit_RESERVED = .

.data           0x0000000010000000      0x18c load address 0x0000000000002aa4
 FILL mask 0xff
                0x0000000010000000                _data = .
 *(vtable)
 *(.ramfunc*)
 .ramfunc.$RAM  0x0000000010000000       0xdc ./src/firmware.o
                0x0000000010000000                firmwareFlash
 .ramfunc.$RAM  0x00000000100000dc       0x78 ./src/iap_driver.o
                0x00000000100000dc                iapEraseSector
                0x0000000010000108                iapPrepareSector
                0x0000000010000128                iapCopyRamToFlash
 *fill*         0x0000000010000154        0x4 ff
 .ramfunc.$RAM.__stub
                0x0000000010000158       0x20 linker stubs
 *(.data*)
 .data.out      0x0000000010000178        0x8 ./src/main.o
 .data.modeBusaddress
                0x0000000010000180        0x1 ./src/modbus.o
                0x0000000010000180                modeBusaddress
 .data.state    0x0000000010000181        0x1 ./src/modbus.o
 .data.mode     0x0000000010000182        0x1 ./src/oneWire.o
 .data.state_1W
                0x0000000010000183        0x1 ./src/oneWire.o
 .data.power    0x0000000010000184        0x4 ./src/triac.o
 .data.UARTTxEmpty
                0x0000000010000188        0x1 ./src/uart.o
                0x0000000010000188                UARTTxEmpty
                0x000000001000018c                . = ALIGN (0x4)
 *fill*         0x0000000010000189        0x3 ff
                0x000000001000018c                _edata = .

.igot.plt       0x000000001000018c        0x0 load address 0x0000000000002c30
 .igot.plt      0x000000001000018c        0x0 ./src/DS18B20.o

.bss            0x0000000010000190      0xad0 load address 0x0000000000002c30
                0x0000000010000190                _bss = .
 *(.bss*)
 .bss.SystemCoreClock_1000
                0x0000000010000190        0x4 ./src/iap_driver.o
                0x0000000010000190                SystemCoreClock_1000
 *fill*         0x0000000010000194        0x4 
 .bss.ID_DS18B20
                0x0000000010000198        0x8 ./src/main.o
 .bss.StateDS18B20.5004
                0x00000000100001a0        0x1 ./src/main.o
 *fill*         0x00000000100001a1        0x3 
 .bss.SystemCoreClock
                0x00000000100001a4        0x4 ./src/main.o
                0x00000000100001a4                SystemCoreClock
 .bss.current_sensor_enable
                0x00000000100001a8        0x1 ./src/main.o
 *fill*         0x00000000100001a9        0x3 
 .bss.flag_pressed
                0x00000000100001ac        0x4 ./src/main.o
 .bss.humidity  0x00000000100001b0        0x2 ./src/main.o
 *fill*         0x00000000100001b2        0x6 
 .bss.moy_p.5008
                0x00000000100001b8        0x8 ./src/main.o
 .bss.numSample.5007
                0x00000000100001c0        0x4 ./src/main.o
 .bss.old_current_sensor_enable.5010
                0x00000000100001c4        0x1 ./src/main.o
 *fill*         0x00000000100001c5        0x1 
 .bss.pressure  0x00000000100001c6        0x2 ./src/main.o
 .bss.puissance230v
                0x00000000100001c8        0x2 ./src/main.o
 *fill*         0x00000000100001ca        0x2 
 .bss.pwm_led_switch.5012
                0x00000000100001cc        0x4 ./src/main.o
 .bss.state_switch
                0x00000000100001d0        0x4 ./src/main.o
 .bss.temperature_DS18B20
                0x00000000100001d4        0x2 ./src/main.o
 .bss.temperature_ext
                0x00000000100001d6        0x2 ./src/main.o
 .bss.timeFromZeroCross.5006
                0x00000000100001d8        0x4 ./src/main.o
 .bss.u.5009    0x00000000100001dc        0x4 ./src/main.o
 .bss.callBackRead
                0x00000000100001e0        0x4 ./src/modbus.o
                0x00000000100001e0                callBackRead
 .bss.callBackWrite
                0x00000000100001e4        0x4 ./src/modbus.o
                0x00000000100001e4                callBackWrite
 .bss.flagSendPaquet
                0x00000000100001e8        0x1 ./src/modbus.o
                0x00000000100001e8                flagSendPaquet
 *fill*         0x00000000100001e9        0x3 
 .bss.numByteaddress
                0x00000000100001ec        0x4 ./src/modbus.o
 .bss.paquet    0x00000000100001f0      0x418 ./src/modbus.o
 .bss.paquetToSend
                0x0000000010000608      0x418 ./src/modbus.o
                0x0000000010000608                paquetToSend
 .bss.data1wireRd
                0x0000000010000a20        0xa ./src/oneWire.o
 *fill*         0x0000000010000a2a        0x2 
 .bss.data1wireWr
                0x0000000010000a2c        0xa ./src/oneWire.o
 *fill*         0x0000000010000a36        0x2 
 .bss.lentgh_read
                0x0000000010000a38        0x4 ./src/oneWire.o
 .bss.lentgh_write
                0x0000000010000a3c        0x4 ./src/oneWire.o
 .bss.pos_data  0x0000000010000a40        0x4 ./src/oneWire.o
 .bss.flag_new_1ms
                0x0000000010000a44        0x1 ./src/pwm.o
                0x0000000010000a44                flag_new_1ms
 .bss.flag_new_sec
                0x0000000010000a45        0x1 ./src/pwm.o
                0x0000000010000a45                flag_new_sec
 *fill*         0x0000000010000a46        0x2 
 .bss.time      0x0000000010000a48        0x8 ./src/pwm.o
                0x0000000010000a48                time
 .bss.time_s    0x0000000010000a50        0x8 ./src/pwm.o
                0x0000000010000a50                time_s
 .bss.interruptOverRunStat0
                0x0000000010000a58        0x4 ./src/ssp.o
                0x0000000010000a58                interruptOverRunStat0
 .bss.interruptOverRunStat1
                0x0000000010000a5c        0x4 ./src/ssp.o
                0x0000000010000a5c                interruptOverRunStat1
 .bss.interruptRxStat0
                0x0000000010000a60        0x4 ./src/ssp.o
                0x0000000010000a60                interruptRxStat0
 .bss.interruptRxStat1
                0x0000000010000a64        0x4 ./src/ssp.o
                0x0000000010000a64                interruptRxStat1
 .bss.interruptRxTimeoutStat0
                0x0000000010000a68        0x4 ./src/ssp.o
                0x0000000010000a68                interruptRxTimeoutStat0
 .bss.interruptRxTimeoutStat1
                0x0000000010000a6c        0x4 ./src/ssp.o
                0x0000000010000a6c                interruptRxTimeoutStat1
 .bss.flagZeroCross
                0x0000000010000a70        0x4 ./src/triac.o
                0x0000000010000a70                flagZeroCross
 .bss.UARTStatus
                0x0000000010000a74        0x4 ./src/uart.o
                0x0000000010000a74                UARTStatus
 .bss.uart_cb   0x0000000010000a78        0x4 ./src/uart.o
                0x0000000010000a78                uart_cb
 .bss.errno     0x0000000010000a7c        0x4 /usr/local/mcuxpressoide-10.3.0_2200/ide/plugins/com.nxp.mcuxpresso.tools.linux_10.3.0.201811011841/tools/bin/../lib/gcc/arm-none-eabi/7.3.1/../../../../arm-none-eabi/lib/thumb/v6-m/libcr_c.a(errno.o)
                0x0000000010000a7c                errno
 .bss.__Ciob    0x0000000010000a80      0x1e0 /usr/local/mcuxpressoide-10.3.0_2200/ide/plugins/com.nxp.mcuxpresso.tools.linux_10.3.0.201811011841/tools/bin/../lib/gcc/arm-none-eabi/7.3.1/../../../../arm-none-eabi/lib/thumb/v6-m/libcr_semihost.a(__ciob.o)
                0x0000000010000a80                __Ciob
 *(COMMON)
                0x0000000010000c60                . = ALIGN (0x4)
                0x0000000010000c60                _ebss = .
                [!provide]                        PROVIDE (end = .)

.noinit         0x0000000010000c60        0x0 load address 0x0000000000002c30
                0x0000000010000c60                _noinit = .
 *(.noinit*)
                0x0000000010000c60                . = ALIGN (0x4)
                0x0000000010000c60                _end_noinit = .
                0x0000000010000c60                PROVIDE (_pvHeapStart = DEFINED (__user_heap_base)?__user_heap_base:.)
                0x0000000010002000                PROVIDE (_vStackTop = DEFINED (__user_stack_top)?__user_stack_top:(__top_RamLoc8 - 0x0))
                0xffffffffefffdd4b                PROVIDE (__valid_user_code_checksum = (0x0 - (((_vStackTop + (ResetISR + 0x1)) + (DEFINED (NMI_Handler)?NMI_Handler:M0_NMI_Handler + 0x1)) + (DEFINED (HardFault_Handler)?HardFault_Handler:M0_HardFault_Handler + 0x1))))
                0x0000000000000000                _image_start = LOADADDR (.text)
                0x0000000000002c30                _image_end = (LOADADDR (.data) + SIZEOF (.data))
                0x0000000000002c30                _image_size = (_image_end - _image_start)
OUTPUT(rs485.axf elf32-littlearm)

.debug_info     0x0000000000000000     0x8525
 .debug_info    0x0000000000000000      0x392 ./src/DS18B20.o
 .debug_info    0x0000000000000392      0x38b ./src/TLI4970.o
 .debug_info    0x000000000000071d      0x238 ./src/cr_startup_lpc11xx.o
 .debug_info    0x0000000000000955       0x3f ./src/crp.o
 .debug_info    0x0000000000000994      0x92d ./src/firmware.o
 .debug_info    0x00000000000012c1      0x884 ./src/gpio.o
 .debug_info    0x0000000000001b45      0x291 ./src/iap_driver.o
 .debug_info    0x0000000000001dd6     0x14ca ./src/main.o
 .debug_info    0x00000000000032a0     0x1109 ./src/modbus.o
 .debug_info    0x00000000000043a9      0x70e ./src/oneWire.o
 .debug_info    0x0000000000004ab7      0x482 ./src/pwm.o
 .debug_info    0x0000000000004f39      0xc67 ./src/ssp.o
 .debug_info    0x0000000000005ba0      0xd44 ./src/timer16.o
 .debug_info    0x00000000000068e4      0x886 ./src/timer32.o
 .debug_info    0x000000000000716a      0x6c8 ./src/triac.o
 .debug_info    0x0000000000007832      0xcf3 ./src/uart.o

.debug_abbrev   0x0000000000000000     0x20ec
 .debug_abbrev  0x0000000000000000      0x159 ./src/DS18B20.o
 .debug_abbrev  0x0000000000000159      0x1a1 ./src/TLI4970.o
 .debug_abbrev  0x00000000000002fa       0xde ./src/cr_startup_lpc11xx.o
 .debug_abbrev  0x00000000000003d8       0x36 ./src/crp.o
 .debug_abbrev  0x000000000000040e      0x218 ./src/firmware.o
 .debug_abbrev  0x0000000000000626      0x21f ./src/gpio.o
 .debug_abbrev  0x0000000000000845      0x156 ./src/iap_driver.o
 .debug_abbrev  0x000000000000099b      0x396 ./src/main.o
 .debug_abbrev  0x0000000000000d31      0x368 ./src/modbus.o
 .debug_abbrev  0x0000000000001099      0x24a ./src/oneWire.o
 .debug_abbrev  0x00000000000012e3      0x1fa ./src/pwm.o
 .debug_abbrev  0x00000000000014dd      0x280 ./src/ssp.o
 .debug_abbrev  0x000000000000175d      0x2ad ./src/timer16.o
 .debug_abbrev  0x0000000000001a0a      0x214 ./src/timer32.o
 .debug_abbrev  0x0000000000001c1e      0x257 ./src/triac.o
 .debug_abbrev  0x0000000000001e75      0x277 ./src/uart.o

.debug_loc      0x0000000000000000     0x1d75
 .debug_loc     0x0000000000000000       0x55 ./src/DS18B20.o
 .debug_loc     0x0000000000000055       0x64 ./src/TLI4970.o
 .debug_loc     0x00000000000000b9      0x1cc ./src/cr_startup_lpc11xx.o
 .debug_loc     0x0000000000000285      0x245 ./src/firmware.o
 .debug_loc     0x00000000000004ca      0x49c ./src/gpio.o
 .debug_loc     0x0000000000000966      0x12f ./src/iap_driver.o
 .debug_loc     0x0000000000000a95      0x74d ./src/main.o
 .debug_loc     0x00000000000011e2      0x3d8 ./src/modbus.o
 .debug_loc     0x00000000000015ba      0x189 ./src/oneWire.o
 .debug_loc     0x0000000000001743       0x49 ./src/pwm.o
 .debug_loc     0x000000000000178c      0x1b3 ./src/ssp.o
 .debug_loc     0x000000000000193f      0x1e4 ./src/timer16.o
 .debug_loc     0x0000000000001b23      0x10a ./src/timer32.o
 .debug_loc     0x0000000000001c2d       0x32 ./src/triac.o
 .debug_loc     0x0000000000001c5f      0x116 ./src/uart.o

.debug_aranges  0x0000000000000000      0x3d0
 .debug_aranges
                0x0000000000000000       0x48 ./src/DS18B20.o
 .debug_aranges
                0x0000000000000048       0x28 ./src/TLI4970.o
 .debug_aranges
                0x0000000000000070       0x60 ./src/cr_startup_lpc11xx.o
 .debug_aranges
                0x00000000000000d0       0x18 ./src/crp.o
 .debug_aranges
                0x00000000000000e8       0x30 ./src/firmware.o
 .debug_aranges
                0x0000000000000118       0x30 ./src/gpio.o
 .debug_aranges
                0x0000000000000148       0x38 ./src/iap_driver.o
 .debug_aranges
                0x0000000000000180       0x38 ./src/main.o
 .debug_aranges
                0x00000000000001b8       0x68 ./src/modbus.o
 .debug_aranges
                0x0000000000000220       0x38 ./src/oneWire.o
 .debug_aranges
                0x0000000000000258       0x30 ./src/pwm.o
 .debug_aranges
                0x0000000000000288       0x48 ./src/ssp.o
 .debug_aranges
                0x00000000000002d0       0x50 ./src/timer16.o
 .debug_aranges
                0x0000000000000320       0x40 ./src/timer32.o
 .debug_aranges
                0x0000000000000360       0x38 ./src/triac.o
 .debug_aranges
                0x0000000000000398       0x38 ./src/uart.o

.debug_ranges   0x0000000000000000      0x3b8
 .debug_ranges  0x0000000000000000       0x38 ./src/DS18B20.o
 .debug_ranges  0x0000000000000038       0x18 ./src/TLI4970.o
 .debug_ranges  0x0000000000000050       0x50 ./src/cr_startup_lpc11xx.o
 .debug_ranges  0x00000000000000a0       0x38 ./src/firmware.o
 .debug_ranges  0x00000000000000d8       0x20 ./src/gpio.o
 .debug_ranges  0x00000000000000f8       0x28 ./src/iap_driver.o
 .debug_ranges  0x0000000000000120       0x70 ./src/main.o
 .debug_ranges  0x0000000000000190       0xd0 ./src/modbus.o
 .debug_ranges  0x0000000000000260       0x40 ./src/oneWire.o
 .debug_ranges  0x00000000000002a0       0x20 ./src/pwm.o
 .debug_ranges  0x00000000000002c0       0x38 ./src/ssp.o
 .debug_ranges  0x00000000000002f8       0x40 ./src/timer16.o
 .debug_ranges  0x0000000000000338       0x30 ./src/timer32.o
 .debug_ranges  0x0000000000000368       0x28 ./src/triac.o
 .debug_ranges  0x0000000000000390       0x28 ./src/uart.o

.debug_macro    0x0000000000000000     0x2373
 .debug_macro   0x0000000000000000       0x63 ./src/DS18B20.o
 .debug_macro   0x0000000000000063      0xa84 ./src/DS18B20.o
 .debug_macro   0x0000000000000ae7       0x10 ./src/DS18B20.o
 .debug_macro   0x0000000000000af7      0x12d ./src/DS18B20.o
 .debug_macro   0x0000000000000c24      0x5b2 ./src/DS18B20.o
 .debug_macro   0x00000000000011d6       0x16 ./src/DS18B20.o
 .debug_macro   0x00000000000011ec       0xdf ./src/TLI4970.o
 .debug_macro   0x00000000000012cb       0x22 ./src/TLI4970.o
 .debug_macro   0x00000000000012ed       0xd8 ./src/TLI4970.o
 .debug_macro   0x00000000000013c5       0x1c ./src/TLI4970.o
 .debug_macro   0x00000000000013e1      0x118 ./src/TLI4970.o
 .debug_macro   0x00000000000014f9       0x1d ./src/cr_startup_lpc11xx.o
 .debug_macro   0x0000000000001516       0x1a ./src/crp.o
 .debug_macro   0x0000000000001530       0x34 ./src/crp.o
 .debug_macro   0x0000000000001564       0xf2 ./src/firmware.o
 .debug_macro   0x0000000000001656       0x82 ./src/firmware.o
 .debug_macro   0x00000000000016d8       0x10 ./src/firmware.o
 .debug_macro   0x00000000000016e8       0x10 ./src/firmware.o
 .debug_macro   0x00000000000016f8       0xa0 ./src/firmware.o
 .debug_macro   0x0000000000001798       0x2e ./src/firmware.o
 .debug_macro   0x00000000000017c6       0x16 ./src/firmware.o
 .debug_macro   0x00000000000017dc       0xd2 ./src/firmware.o
 .debug_macro   0x00000000000018ae       0x8d ./src/gpio.o
 .debug_macro   0x000000000000193b       0x22 ./src/gpio.o
 .debug_macro   0x000000000000195d       0xd3 ./src/iap_driver.o
 .debug_macro   0x0000000000001a30      0x1c7 ./src/main.o
 .debug_macro   0x0000000000001bf7       0x16 ./src/main.o
 .debug_macro   0x0000000000001c0d       0x52 ./src/main.o
 .debug_macro   0x0000000000001c5f       0xc4 ./src/main.o
 .debug_macro   0x0000000000001d23       0x10 ./src/main.o
 .debug_macro   0x0000000000001d33       0x10 ./src/main.o
 .debug_macro   0x0000000000001d43      0x11a ./src/modbus.o
 .debug_macro   0x0000000000001e5d       0x28 ./src/modbus.o
 .debug_macro   0x0000000000001e85       0xc2 ./src/oneWire.o
 .debug_macro   0x0000000000001f47       0xb7 ./src/pwm.o
 .debug_macro   0x0000000000001ffe       0xc2 ./src/ssp.o
 .debug_macro   0x00000000000020c0       0x8d ./src/timer16.o
 .debug_macro   0x000000000000214d       0x8e ./src/timer32.o
 .debug_macro   0x00000000000021db       0xd6 ./src/triac.o
 .debug_macro   0x00000000000022b1       0xc2 ./src/uart.o

.debug_line     0x0000000000000000     0x2eb5
 .debug_line    0x0000000000000000      0x232 ./src/DS18B20.o
 .debug_line    0x0000000000000232      0x281 ./src/TLI4970.o
 .debug_line    0x00000000000004b3       0x9c ./src/cr_startup_lpc11xx.o
 .debug_line    0x000000000000054f       0xb5 ./src/crp.o
 .debug_line    0x0000000000000604      0x42b ./src/firmware.o
 .debug_line    0x0000000000000a2f      0x281 ./src/gpio.o
 .debug_line    0x0000000000000cb0      0x2df ./src/iap_driver.o
 .debug_line    0x0000000000000f8f      0x59b ./src/main.o
 .debug_line    0x000000000000152a      0x510 ./src/modbus.o
 .debug_line    0x0000000000001a3a      0x324 ./src/oneWire.o
 .debug_line    0x0000000000001d5e      0x291 ./src/pwm.o
 .debug_line    0x0000000000001fef      0x343 ./src/ssp.o
 .debug_line    0x0000000000002332      0x337 ./src/timer16.o
 .debug_line    0x0000000000002669      0x2b8 ./src/timer32.o
 .debug_line    0x0000000000002921      0x2c0 ./src/triac.o
 .debug_line    0x0000000000002be1      0x2d4 ./src/uart.o

.debug_str      0x0000000000000000     0xa2ab
 .debug_str     0x0000000000000000     0x444a ./src/DS18B20.o
                                       0x44f4 (size before relaxing)
 .debug_str     0x000000000000444a     0x2fda ./src/TLI4970.o
                                       0x73ba (size before relaxing)
 .debug_str     0x0000000000007424      0x193 ./src/cr_startup_lpc11xx.o
                                       0x2e5f (size before relaxing)
 .debug_str     0x00000000000075b7       0xe9 ./src/crp.o
                                       0x2daf (size before relaxing)
 .debug_str     0x00000000000076a0      0xa51 ./src/firmware.o
                                       0x71ef (size before relaxing)
 .debug_str     0x00000000000080f1      0x283 ./src/gpio.o
                                       0x6839 (size before relaxing)
 .debug_str     0x0000000000008374      0x133 ./src/iap_driver.o
                                       0x68cf (size before relaxing)
 .debug_str     0x00000000000084a7     0x1618 ./src/main.o
                                       0x94aa (size before relaxing)
 .debug_str     0x0000000000009abf      0x2e9 ./src/modbus.o
                                       0x7d9d (size before relaxing)
 .debug_str     0x0000000000009da8      0x20e ./src/oneWire.o
                                       0x6fd8 (size before relaxing)
 .debug_str     0x0000000000009fb6       0x32 ./src/pwm.o
                                       0x6de2 (size before relaxing)
 .debug_str     0x0000000000009fe8       0xfd ./src/ssp.o
                                       0x71ad (size before relaxing)
 .debug_str     0x000000000000a0e5       0xaa ./src/timer16.o
                                       0x6b5c (size before relaxing)
 .debug_str     0x000000000000a18f       0x1b ./src/timer32.o
                                       0x6837 (size before relaxing)
 .debug_str     0x000000000000a1aa       0x65 ./src/triac.o
                                       0x70ab (size before relaxing)
 .debug_str     0x000000000000a20f       0x9c ./src/uart.o
                                       0x6fff (size before relaxing)

.comment        0x0000000000000000       0x7f
 .comment       0x0000000000000000       0x7f ./src/DS18B20.o
                                         0x80 (size before relaxing)
 .comment       0x000000000000007f       0x80 ./src/TLI4970.o
 .comment       0x000000000000007f       0x80 ./src/cr_startup_lpc11xx.o
 .comment       0x000000000000007f       0x80 ./src/crp.o
 .comment       0x000000000000007f       0x80 ./src/firmware.o
 .comment       0x000000000000007f       0x80 ./src/gpio.o
 .comment       0x000000000000007f       0x80 ./src/iap_driver.o
 .comment       0x000000000000007f       0x80 ./src/main.o
 .comment       0x000000000000007f       0x80 ./src/modbus.o
 .comment       0x000000000000007f       0x80 ./src/oneWire.o
 .comment       0x000000000000007f       0x80 ./src/pwm.o
 .comment       0x000000000000007f       0x80 ./src/ssp.o
 .comment       0x000000000000007f       0x80 ./src/timer16.o
 .comment       0x000000000000007f       0x80 ./src/timer32.o
 .comment       0x000000000000007f       0x80 ./src/triac.o
 .comment       0x000000000000007f       0x80 ./src/uart.o
 .comment       0x000000000000007f       0x80 /usr/local/mcuxpressoide-10.3.0_2200/ide/plugins/com.nxp.mcuxpresso.tools.linux_10.3.0.201811011841/tools/bin/../lib/gcc/arm-none-eabi/7.3.1/../../../../arm-none-eabi/lib/thumb/v6-m/libcr_semihost.a(_cr__main.o)
 .comment       0x000000000000007f       0x80 /usr/local/mcuxpressoide-10.3.0_2200/ide/plugins/com.nxp.mcuxpresso.tools.linux_10.3.0.201811011841/tools/bin/../lib/gcc/arm-none-eabi/7.3.1/../../../../arm-none-eabi/lib/thumb/v6-m/libcr_c.a(memcpy.o)
 .comment       0x000000000000007f       0x80 /usr/local/mcuxpressoide-10.3.0_2200/ide/plugins/com.nxp.mcuxpresso.tools.linux_10.3.0.201811011841/tools/bin/../lib/gcc/arm-none-eabi/7.3.1/../../../../arm-none-eabi/lib/thumb/v6-m/libcr_c.a(memset.o)
 .comment       0x000000000000007f       0x80 /usr/local/mcuxpressoide-10.3.0_2200/ide/plugins/com.nxp.mcuxpresso.tools.linux_10.3.0.201811011841/tools/bin/../lib/gcc/arm-none-eabi/7.3.1/../../../../arm-none-eabi/lib/thumb/v6-m/libcr_c.a(initio.o)
 .comment       0x000000000000007f       0x80 /usr/local/mcuxpressoide-10.3.0_2200/ide/plugins/com.nxp.mcuxpresso.tools.linux_10.3.0.201811011841/tools/bin/../lib/gcc/arm-none-eabi/7.3.1/../../../../arm-none-eabi/lib/thumb/v6-m/libcr_c.a(setvbuf.o)
 .comment       0x000000000000007f       0x80 /usr/local/mcuxpressoide-10.3.0_2200/ide/plugins/com.nxp.mcuxpresso.tools.linux_10.3.0.201811011841/tools/bin/../lib/gcc/arm-none-eabi/7.3.1/../../../../arm-none-eabi/lib/thumb/v6-m/libcr_c.a(_fdopen.o)
 .comment       0x000000000000007f       0x80 /usr/local/mcuxpressoide-10.3.0_2200/ide/plugins/com.nxp.mcuxpresso.tools.linux_10.3.0.201811011841/tools/bin/../lib/gcc/arm-none-eabi/7.3.1/../../../../arm-none-eabi/lib/thumb/v6-m/libcr_c.a(fclose.o)
 .comment       0x000000000000007f       0x80 /usr/local/mcuxpressoide-10.3.0_2200/ide/plugins/com.nxp.mcuxpresso.tools.linux_10.3.0.201811011841/tools/bin/../lib/gcc/arm-none-eabi/7.3.1/../../../../arm-none-eabi/lib/thumb/v6-m/libcr_c.a(fflush.o)
 .comment       0x000000000000007f       0x80 /usr/local/mcuxpressoide-10.3.0_2200/ide/plugins/com.nxp.mcuxpresso.tools.linux_10.3.0.201811011841/tools/bin/../lib/gcc/arm-none-eabi/7.3.1/../../../../arm-none-eabi/lib/thumb/v6-m/libcr_c.a(fseek.o)
 .comment       0x000000000000007f       0x80 /usr/local/mcuxpressoide-10.3.0_2200/ide/plugins/com.nxp.mcuxpresso.tools.linux_10.3.0.201811011841/tools/bin/../lib/gcc/arm-none-eabi/7.3.1/../../../../arm-none-eabi/lib/thumb/v6-m/libcr_c.a(ftell.o)
 .comment       0x000000000000007f       0x80 /usr/local/mcuxpressoide-10.3.0_2200/ide/plugins/com.nxp.mcuxpresso.tools.linux_10.3.0.201811011841/tools/bin/../lib/gcc/arm-none-eabi/7.3.1/../../../../arm-none-eabi/lib/thumb/v6-m/libcr_c.a(remove.o)
 .comment       0x000000000000007f       0x80 /usr/local/mcuxpressoide-10.3.0_2200/ide/plugins/com.nxp.mcuxpresso.tools.linux_10.3.0.201811011841/tools/bin/../lib/gcc/arm-none-eabi/7.3.1/../../../../arm-none-eabi/lib/thumb/v6-m/libcr_c.a(strlen.o)
 .comment       0x000000000000007f       0x80 /usr/local/mcuxpressoide-10.3.0_2200/ide/plugins/com.nxp.mcuxpresso.tools.linux_10.3.0.201811011841/tools/bin/../lib/gcc/arm-none-eabi/7.3.1/../../../../arm-none-eabi/lib/thumb/v6-m/libcr_c.a(_do_fflush.o)
 .comment       0x000000000000007f       0x80 /usr/local/mcuxpressoide-10.3.0_2200/ide/plugins/com.nxp.mcuxpresso.tools.linux_10.3.0.201811011841/tools/bin/../lib/gcc/arm-none-eabi/7.3.1/../../../../arm-none-eabi/lib/thumb/v6-m/libcr_c.a(_fflush.o)
 .comment       0x000000000000007f       0x80 /usr/local/mcuxpressoide-10.3.0_2200/ide/plugins/com.nxp.mcuxpresso.tools.linux_10.3.0.201811011841/tools/bin/../lib/gcc/arm-none-eabi/7.3.1/../../../../arm-none-eabi/lib/thumb/v6-m/libcr_c.a(_writebuf.o)
 .comment       0x000000000000007f       0x80 /usr/local/mcuxpressoide-10.3.0_2200/ide/plugins/com.nxp.mcuxpresso.tools.linux_10.3.0.201811011841/tools/bin/../lib/gcc/arm-none-eabi/7.3.1/../../../../arm-none-eabi/lib/thumb/v6-m/libcr_c.a(alloc.o)
 .comment       0x000000000000007f       0x80 /usr/local/mcuxpressoide-10.3.0_2200/ide/plugins/com.nxp.mcuxpresso.tools.linux_10.3.0.201811011841/tools/bin/../lib/gcc/arm-none-eabi/7.3.1/../../../../arm-none-eabi/lib/thumb/v6-m/libcr_c.a(errno.o)
 .comment       0x000000000000007f       0x80 /usr/local/mcuxpressoide-10.3.0_2200/ide/plugins/com.nxp.mcuxpresso.tools.linux_10.3.0.201811011841/tools/bin/../lib/gcc/arm-none-eabi/7.3.1/../../../../arm-none-eabi/lib/thumb/v6-m/libcr_c.a(_deferredlazyseek.o)
 .comment       0x000000000000007f       0x80 /usr/local/mcuxpressoide-10.3.0_2200/ide/plugins/com.nxp.mcuxpresso.tools.linux_10.3.0.201811011841/tools/bin/../lib/gcc/arm-none-eabi/7.3.1/thumb/v6-m/libcr_eabihelpers.a(double.o)
 .comment       0x000000000000007f       0x80 /usr/local/mcuxpressoide-10.3.0_2200/ide/plugins/com.nxp.mcuxpresso.tools.linux_10.3.0.201811011841/tools/bin/../lib/gcc/arm-none-eabi/7.3.1/../../../../arm-none-eabi/lib/thumb/v6-m/libcr_semihost.a(__ciob.o)

.ARM.attributes
                0x0000000000000000       0x2f
 .ARM.attributes
                0x0000000000000000       0x31 ./src/DS18B20.o
 .ARM.attributes
                0x0000000000000031       0x31 ./src/TLI4970.o
 .ARM.attributes
                0x0000000000000062       0x31 ./src/cr_startup_lpc11xx.o
 .ARM.attributes
                0x0000000000000093       0x31 ./src/crp.o
 .ARM.attributes
                0x00000000000000c4       0x31 ./src/firmware.o
 .ARM.attributes
                0x00000000000000f5       0x31 ./src/gpio.o
 .ARM.attributes
                0x0000000000000126       0x31 ./src/iap_driver.o
 .ARM.attributes
                0x0000000000000157       0x31 ./src/main.o
 .ARM.attributes
                0x0000000000000188       0x31 ./src/modbus.o
 .ARM.attributes
                0x00000000000001b9       0x31 ./src/oneWire.o
 .ARM.attributes
                0x00000000000001ea       0x31 ./src/pwm.o
 .ARM.attributes
                0x000000000000021b       0x31 ./src/ssp.o
 .ARM.attributes
                0x000000000000024c       0x31 ./src/timer16.o
 .ARM.attributes
                0x000000000000027d       0x31 ./src/timer32.o
 .ARM.attributes
                0x00000000000002ae       0x31 ./src/triac.o
 .ARM.attributes
                0x00000000000002df       0x31 ./src/uart.o
 .ARM.attributes
                0x0000000000000310       0x31 /usr/local/mcuxpressoide-10.3.0_2200/ide/plugins/com.nxp.mcuxpresso.tools.linux_10.3.0.201811011841/tools/bin/../lib/gcc/arm-none-eabi/7.3.1/../../../../arm-none-eabi/lib/thumb/v6-m/libcr_semihost.a(_cr__main.o)
 .ARM.attributes
                0x0000000000000341       0x31 /usr/local/mcuxpressoide-10.3.0_2200/ide/plugins/com.nxp.mcuxpresso.tools.linux_10.3.0.201811011841/tools/bin/../lib/gcc/arm-none-eabi/7.3.1/../../../../arm-none-eabi/lib/thumb/v6-m/libcr_c.a(memcpy.o)
 .ARM.attributes
                0x0000000000000372       0x31 /usr/local/mcuxpressoide-10.3.0_2200/ide/plugins/com.nxp.mcuxpresso.tools.linux_10.3.0.201811011841/tools/bin/../lib/gcc/arm-none-eabi/7.3.1/../../../../arm-none-eabi/lib/thumb/v6-m/libcr_c.a(memset.o)
 .ARM.attributes
                0x00000000000003a3       0x31 /usr/local/mcuxpressoide-10.3.0_2200/ide/plugins/com.nxp.mcuxpresso.tools.linux_10.3.0.201811011841/tools/bin/../lib/gcc/arm-none-eabi/7.3.1/../../../../arm-none-eabi/lib/thumb/v6-m/libcr_c.a(initio.o)
 .ARM.attributes
                0x00000000000003d4       0x31 /usr/local/mcuxpressoide-10.3.0_2200/ide/plugins/com.nxp.mcuxpresso.tools.linux_10.3.0.201811011841/tools/bin/../lib/gcc/arm-none-eabi/7.3.1/../../../../arm-none-eabi/lib/thumb/v6-m/libcr_c.a(setvbuf.o)
 .ARM.attributes
                0x0000000000000405       0x31 /usr/local/mcuxpressoide-10.3.0_2200/ide/plugins/com.nxp.mcuxpresso.tools.linux_10.3.0.201811011841/tools/bin/../lib/gcc/arm-none-eabi/7.3.1/../../../../arm-none-eabi/lib/thumb/v6-m/libcr_c.a(_fdopen.o)
 .ARM.attributes
                0x0000000000000436       0x31 /usr/local/mcuxpressoide-10.3.0_2200/ide/plugins/com.nxp.mcuxpresso.tools.linux_10.3.0.201811011841/tools/bin/../lib/gcc/arm-none-eabi/7.3.1/../../../../arm-none-eabi/lib/thumb/v6-m/libcr_c.a(fclose.o)
 .ARM.attributes
                0x0000000000000467       0x31 /usr/local/mcuxpressoide-10.3.0_2200/ide/plugins/com.nxp.mcuxpresso.tools.linux_10.3.0.201811011841/tools/bin/../lib/gcc/arm-none-eabi/7.3.1/../../../../arm-none-eabi/lib/thumb/v6-m/libcr_c.a(fflush.o)
 .ARM.attributes
                0x0000000000000498       0x31 /usr/local/mcuxpressoide-10.3.0_2200/ide/plugins/com.nxp.mcuxpresso.tools.linux_10.3.0.201811011841/tools/bin/../lib/gcc/arm-none-eabi/7.3.1/../../../../arm-none-eabi/lib/thumb/v6-m/libcr_c.a(fseek.o)
 .ARM.attributes
                0x00000000000004c9       0x31 /usr/local/mcuxpressoide-10.3.0_2200/ide/plugins/com.nxp.mcuxpresso.tools.linux_10.3.0.201811011841/tools/bin/../lib/gcc/arm-none-eabi/7.3.1/../../../../arm-none-eabi/lib/thumb/v6-m/libcr_c.a(ftell.o)
 .ARM.attributes
                0x00000000000004fa       0x31 /usr/local/mcuxpressoide-10.3.0_2200/ide/plugins/com.nxp.mcuxpresso.tools.linux_10.3.0.201811011841/tools/bin/../lib/gcc/arm-none-eabi/7.3.1/../../../../arm-none-eabi/lib/thumb/v6-m/libcr_c.a(remove.o)
 .ARM.attributes
                0x000000000000052b       0x31 /usr/local/mcuxpressoide-10.3.0_2200/ide/plugins/com.nxp.mcuxpresso.tools.linux_10.3.0.201811011841/tools/bin/../lib/gcc/arm-none-eabi/7.3.1/../../../../arm-none-eabi/lib/thumb/v6-m/libcr_c.a(strlen.o)
 .ARM.attributes
                0x000000000000055c       0x31 /usr/local/mcuxpressoide-10.3.0_2200/ide/plugins/com.nxp.mcuxpresso.tools.linux_10.3.0.201811011841/tools/bin/../lib/gcc/arm-none-eabi/7.3.1/../../../../arm-none-eabi/lib/thumb/v6-m/libcr_c.a(_do_fflush.o)
 .ARM.attributes
                0x000000000000058d       0x31 /usr/local/mcuxpressoide-10.3.0_2200/ide/plugins/com.nxp.mcuxpresso.tools.linux_10.3.0.201811011841/tools/bin/../lib/gcc/arm-none-eabi/7.3.1/../../../../arm-none-eabi/lib/thumb/v6-m/libcr_c.a(_fflush.o)
 .ARM.attributes
                0x00000000000005be       0x31 /usr/local/mcuxpressoide-10.3.0_2200/ide/plugins/com.nxp.mcuxpresso.tools.linux_10.3.0.201811011841/tools/bin/../lib/gcc/arm-none-eabi/7.3.1/../../../../arm-none-eabi/lib/thumb/v6-m/libcr_c.a(_writebuf.o)
 .ARM.attributes
                0x00000000000005ef       0x31 /usr/local/mcuxpressoide-10.3.0_2200/ide/plugins/com.nxp.mcuxpresso.tools.linux_10.3.0.201811011841/tools/bin/../lib/gcc/arm-none-eabi/7.3.1/../../../../arm-none-eabi/lib/thumb/v6-m/libcr_c.a(alloc.o)
 .ARM.attributes
                0x0000000000000620       0x31 /usr/local/mcuxpressoide-10.3.0_2200/ide/plugins/com.nxp.mcuxpresso.tools.linux_10.3.0.201811011841/tools/bin/../lib/gcc/arm-none-eabi/7.3.1/../../../../arm-none-eabi/lib/thumb/v6-m/libcr_c.a(errno.o)
 .ARM.attributes
                0x0000000000000651       0x31 /usr/local/mcuxpressoide-10.3.0_2200/ide/plugins/com.nxp.mcuxpresso.tools.linux_10.3.0.201811011841/tools/bin/../lib/gcc/arm-none-eabi/7.3.1/../../../../arm-none-eabi/lib/thumb/v6-m/libcr_c.a(_deferredlazyseek.o)
 .ARM.attributes
                0x0000000000000682       0x21 /usr/local/mcuxpressoide-10.3.0_2200/ide/plugins/com.nxp.mcuxpresso.tools.linux_10.3.0.201811011841/tools/bin/../lib/gcc/arm-none-eabi/7.3.1/thumb/v6-m/libcr_eabihelpers.a(division_32.o)
 .ARM.attributes
                0x00000000000006a3       0x21 /usr/local/mcuxpressoide-10.3.0_2200/ide/plugins/com.nxp.mcuxpresso.tools.linux_10.3.0.201811011841/tools/bin/../lib/gcc/arm-none-eabi/7.3.1/thumb/v6-m/libcr_eabihelpers.a(division_64.o)
 .ARM.attributes
                0x00000000000006c4       0x21 /usr/local/mcuxpressoide-10.3.0_2200/ide/plugins/com.nxp.mcuxpresso.tools.linux_10.3.0.201811011841/tools/bin/../lib/gcc/arm-none-eabi/7.3.1/thumb/v6-m/libcr_eabihelpers.a(division_idiv0.o)
 .ARM.attributes
                0x00000000000006e5       0x31 /usr/local/mcuxpressoide-10.3.0_2200/ide/plugins/com.nxp.mcuxpresso.tools.linux_10.3.0.201811011841/tools/bin/../lib/gcc/arm-none-eabi/7.3.1/thumb/v6-m/libcr_eabihelpers.a(double.o)
 .ARM.attributes
                0x0000000000000716       0x21 /usr/local/mcuxpressoide-10.3.0_2200/ide/plugins/com.nxp.mcuxpresso.tools.linux_10.3.0.201811011841/tools/bin/../lib/gcc/arm-none-eabi/7.3.1/thumb/v6-m/libcr_eabihelpers.a(memcpy.o)
 .ARM.attributes
                0x0000000000000737       0x31 /usr/local/mcuxpressoide-10.3.0_2200/ide/plugins/com.nxp.mcuxpresso.tools.linux_10.3.0.201811011841/tools/bin/../lib/gcc/arm-none-eabi/7.3.1/../../../../arm-none-eabi/lib/thumb/v6-m/libcr_semihost.a(__ciob.o)
 .ARM.attributes
                0x0000000000000768       0x21 /usr/local/mcuxpressoide-10.3.0_2200/ide/plugins/com.nxp.mcuxpresso.tools.linux_10.3.0.201811011841/tools/bin/../lib/gcc/arm-none-eabi/7.3.1/../../../../arm-none-eabi/lib/thumb/v6-m/libcr_semihost.a(__sys_close.o)
 .ARM.attributes
                0x0000000000000789       0x21 /usr/local/mcuxpressoide-10.3.0_2200/ide/plugins/com.nxp.mcuxpresso.tools.linux_10.3.0.201811011841/tools/bin/../lib/gcc/arm-none-eabi/7.3.1/../../../../arm-none-eabi/lib/thumb/v6-m/libcr_semihost.a(__sys_flen.o)
 .ARM.attributes
                0x00000000000007aa       0x21 /usr/local/mcuxpressoide-10.3.0_2200/ide/plugins/com.nxp.mcuxpresso.tools.linux_10.3.0.201811011841/tools/bin/../lib/gcc/arm-none-eabi/7.3.1/../../../../arm-none-eabi/lib/thumb/v6-m/libcr_semihost.a(__sys_istty.o)
 .ARM.attributes
                0x00000000000007cb       0x21 /usr/local/mcuxpressoide-10.3.0_2200/ide/plugins/com.nxp.mcuxpresso.tools.linux_10.3.0.201811011841/tools/bin/../lib/gcc/arm-none-eabi/7.3.1/../../../../arm-none-eabi/lib/thumb/v6-m/libcr_semihost.a(__sys_remove.o)
 .ARM.attributes
                0x00000000000007ec       0x21 /usr/local/mcuxpressoide-10.3.0_2200/ide/plugins/com.nxp.mcuxpresso.tools.linux_10.3.0.201811011841/tools/bin/../lib/gcc/arm-none-eabi/7.3.1/../../../../arm-none-eabi/lib/thumb/v6-m/libcr_semihost.a(__sys_seek.o)
 .ARM.attributes
                0x000000000000080d       0x21 /usr/local/mcuxpressoide-10.3.0_2200/ide/plugins/com.nxp.mcuxpresso.tools.linux_10.3.0.201811011841/tools/bin/../lib/gcc/arm-none-eabi/7.3.1/../../../../arm-none-eabi/lib/thumb/v6-m/libcr_semihost.a(__sys_tmpnam.o)
 .ARM.attributes
                0x000000000000082e       0x21 /usr/local/mcuxpressoide-10.3.0_2200/ide/plugins/com.nxp.mcuxpresso.tools.linux_10.3.0.201811011841/tools/bin/../lib/gcc/arm-none-eabi/7.3.1/../../../../arm-none-eabi/lib/thumb/v6-m/libcr_semihost.a(__sys_write.o)

.debug_frame    0x0000000000000000      0x7b4
 .debug_frame   0x0000000000000000       0xa8 ./src/DS18B20.o
 .debug_frame   0x00000000000000a8       0x44 ./src/TLI4970.o
 .debug_frame   0x00000000000000ec       0xb0 ./src/cr_startup_lpc11xx.o
 .debug_frame   0x000000000000019c       0x68 ./src/firmware.o
 .debug_frame   0x0000000000000204       0x54 ./src/gpio.o
 .debug_frame   0x0000000000000258       0x70 ./src/iap_driver.o
 .debug_frame   0x00000000000002c8       0x80 ./src/main.o
 .debug_frame   0x0000000000000348      0x128 ./src/modbus.o
 .debug_frame   0x0000000000000470       0x68 ./src/oneWire.o
 .debug_frame   0x00000000000004d8       0x5c ./src/pwm.o
 .debug_frame   0x0000000000000534       0xa4 ./src/ssp.o
 .debug_frame   0x00000000000005d8       0xa8 ./src/timer16.o
 .debug_frame   0x0000000000000680       0x74 ./src/timer32.o
 .debug_frame   0x00000000000006f4       0x58 ./src/triac.o
 .debug_frame   0x000000000000074c       0x68 ./src/uart.o
