Archive member included to satisfy reference by file (symbol)

/home/simon/Sync/Domotic/rs485/firmware/CMSIS_CORE_LPC17xx/Debug/libCMSIS_CORE_LPC17xx.a(system_LPC17xx.o)
                              ./src/cr_startup_lpc175x_6x.o (SystemInit)
/usr/local/mcuxpressoide-10.3.0_2200/ide/plugins/com.nxp.mcuxpresso.tools.linux_10.3.0.201811011841/tools/bin/../lib/gcc/arm-none-eabi/7.3.1/../../../../arm-none-eabi/lib/thumb/v7-m/libcr_semihost.a(_cr__main.o)
                              ./src/cr_startup_lpc175x_6x.o (__main)
/usr/local/mcuxpressoide-10.3.0_2200/ide/plugins/com.nxp.mcuxpresso.tools.linux_10.3.0.201811011841/tools/bin/../lib/gcc/arm-none-eabi/7.3.1/../../../../arm-none-eabi/lib/thumb/v7-m/libcr_c.a(fpprintf.o)
                              ./src/testHorloge.o (printf)
/usr/local/mcuxpressoide-10.3.0_2200/ide/plugins/com.nxp.mcuxpresso.tools.linux_10.3.0.201811011841/tools/bin/../lib/gcc/arm-none-eabi/7.3.1/../../../../arm-none-eabi/lib/thumb/v7-m/libcr_c.a(initio.o)
                              /usr/local/mcuxpressoide-10.3.0_2200/ide/plugins/com.nxp.mcuxpresso.tools.linux_10.3.0.201811011841/tools/bin/../lib/gcc/arm-none-eabi/7.3.1/../../../../arm-none-eabi/lib/thumb/v7-m/libcr_semihost.a(_cr__main.o) (_initio)
/usr/local/mcuxpressoide-10.3.0_2200/ide/plugins/com.nxp.mcuxpresso.tools.linux_10.3.0.201811011841/tools/bin/../lib/gcc/arm-none-eabi/7.3.1/../../../../arm-none-eabi/lib/thumb/v7-m/libcr_c.a(printf.o)
                              /usr/local/mcuxpressoide-10.3.0_2200/ide/plugins/com.nxp.mcuxpresso.tools.linux_10.3.0.201811011841/tools/bin/../lib/gcc/arm-none-eabi/7.3.1/../../../../arm-none-eabi/lib/thumb/v7-m/libcr_c.a(fpprintf.o) (__vfprintf)
/usr/local/mcuxpressoide-10.3.0_2200/ide/plugins/com.nxp.mcuxpresso.tools.linux_10.3.0.201811011841/tools/bin/../lib/gcc/arm-none-eabi/7.3.1/../../../../arm-none-eabi/lib/thumb/v7-m/libcr_c.a(setvbuf.o)
                              /usr/local/mcuxpressoide-10.3.0_2200/ide/plugins/com.nxp.mcuxpresso.tools.linux_10.3.0.201811011841/tools/bin/../lib/gcc/arm-none-eabi/7.3.1/../../../../arm-none-eabi/lib/thumb/v7-m/libcr_c.a(initio.o) (setvbuf)
/usr/local/mcuxpressoide-10.3.0_2200/ide/plugins/com.nxp.mcuxpresso.tools.linux_10.3.0.201811011841/tools/bin/../lib/gcc/arm-none-eabi/7.3.1/../../../../arm-none-eabi/lib/thumb/v7-m/libcr_c.a(strlen.o)
                              /usr/local/mcuxpressoide-10.3.0_2200/ide/plugins/com.nxp.mcuxpresso.tools.linux_10.3.0.201811011841/tools/bin/../lib/gcc/arm-none-eabi/7.3.1/../../../../arm-none-eabi/lib/thumb/v7-m/libcr_c.a(printf.o) (strlen)
/usr/local/mcuxpressoide-10.3.0_2200/ide/plugins/com.nxp.mcuxpresso.tools.linux_10.3.0.201811011841/tools/bin/../lib/gcc/arm-none-eabi/7.3.1/../../../../arm-none-eabi/lib/thumb/v7-m/libcr_c.a(memset.o)
                              /usr/local/mcuxpressoide-10.3.0_2200/ide/plugins/com.nxp.mcuxpresso.tools.linux_10.3.0.201811011841/tools/bin/../lib/gcc/arm-none-eabi/7.3.1/../../../../arm-none-eabi/lib/thumb/v7-m/libcr_c.a(fpprintf.o) (memset)
/usr/local/mcuxpressoide-10.3.0_2200/ide/plugins/com.nxp.mcuxpresso.tools.linux_10.3.0.201811011841/tools/bin/../lib/gcc/arm-none-eabi/7.3.1/../../../../arm-none-eabi/lib/thumb/v7-m/libcr_c.a(_deferredlazyseek.o)
                              /usr/local/mcuxpressoide-10.3.0_2200/ide/plugins/com.nxp.mcuxpresso.tools.linux_10.3.0.201811011841/tools/bin/../lib/gcc/arm-none-eabi/7.3.1/../../../../arm-none-eabi/lib/thumb/v7-m/libcr_c.a(fpprintf.o) (__flsbuf)
/usr/local/mcuxpressoide-10.3.0_2200/ide/plugins/com.nxp.mcuxpresso.tools.linux_10.3.0.201811011841/tools/bin/../lib/gcc/arm-none-eabi/7.3.1/../../../../arm-none-eabi/lib/thumb/v7-m/libcr_c.a(_fdopen.o)
                              /usr/local/mcuxpressoide-10.3.0_2200/ide/plugins/com.nxp.mcuxpresso.tools.linux_10.3.0.201811011841/tools/bin/../lib/gcc/arm-none-eabi/7.3.1/../../../../arm-none-eabi/lib/thumb/v7-m/libcr_c.a(initio.o) (_fdopen)
/usr/local/mcuxpressoide-10.3.0_2200/ide/plugins/com.nxp.mcuxpresso.tools.linux_10.3.0.201811011841/tools/bin/../lib/gcc/arm-none-eabi/7.3.1/../../../../arm-none-eabi/lib/thumb/v7-m/libcr_c.a(_fflush.o)
                              /usr/local/mcuxpressoide-10.3.0_2200/ide/plugins/com.nxp.mcuxpresso.tools.linux_10.3.0.201811011841/tools/bin/../lib/gcc/arm-none-eabi/7.3.1/../../../../arm-none-eabi/lib/thumb/v7-m/libcr_c.a(_deferredlazyseek.o) (_fflush)
/usr/local/mcuxpressoide-10.3.0_2200/ide/plugins/com.nxp.mcuxpresso.tools.linux_10.3.0.201811011841/tools/bin/../lib/gcc/arm-none-eabi/7.3.1/../../../../arm-none-eabi/lib/thumb/v7-m/libcr_c.a(_frexpl.o)
                              /usr/local/mcuxpressoide-10.3.0_2200/ide/plugins/com.nxp.mcuxpresso.tools.linux_10.3.0.201811011841/tools/bin/../lib/gcc/arm-none-eabi/7.3.1/../../../../arm-none-eabi/lib/thumb/v7-m/libcr_c.a(fpprintf.o) (_frexpl)
[...]
Memory Configuration

Name             Origin             Length             Attributes
MFlash512        0x0000000000000000 0x0000000000080000 xr
RamLoc32         0x0000000010000000 0x0000000000008000 xrw
RamAHB32         0x000000002007c000 0x0000000000008000 xrw
*default*        0x0000000000000000 0xffffffffffffffff

Linker script and memory map

LOAD ./src/charSet.o
LOAD ./src/cr_startup_lpc175x_6x.o
LOAD ./src/crp.o
LOAD ./src/screen.o
LOAD ./src/ssp.o
LOAD ./src/testHorloge.o
LOAD /home/simon/Sync/Domotic/rs485/firmware/CMSIS_CORE_LPC17xx/Debug/libCMSIS_CORE_LPC17xx.a
START GROUP
LOAD /usr/local/mcuxpressoide-10.3.0_2200/ide/plugins/com.nxp.mcuxpresso.tools.linux_10.3.0.201811011841/tools/bin/../lib/gcc/arm-none-eabi/7.3.1/../../../../arm-none-eabi/lib/thumb/v7-m/libcr_semihost.a
LOAD /usr/local/mcuxpressoide-10.3.0_2200/ide/plugins/com.nxp.mcuxpresso.tools.linux_10.3.0.201811011841/tools/bin/../lib/gcc/arm-none-eabi/7.3.1/../../../../arm-none-eabi/lib/thumb/v7-m/libcr_c.a
LOAD /usr/local/mcuxpressoide-10.3.0_2200/ide/plugins/com.nxp.mcuxpresso.tools.linux_10.3.0.201811011841/tools/bin/../lib/gcc/arm-none-eabi/7.3.1/thumb/v7-m/libcr_eabihelpers.a
END GROUP
                0x0000000000000000                __base_MFlash512 = 0x0
                0x0000000000000000                __base_Flash = 0x0
                0x0000000000080000                __top_MFlash512 = 0x80000
                0x0000000000080000                __top_Flash = 0x80000
                0x0000000010000000                __base_RamLoc32 = 0x10000000
                0x0000000010000000                __base_RAM = 0x10000000
                0x0000000010008000                __top_RamLoc32 = 0x10008000
                0x0000000010008000                __top_RAM = 0x10008000
                0x000000002007c000                __base_RamAHB32 = 0x2007c000
                0x000000002007c000                __base_RAM2 = 0x2007c000
                0x0000000020084000                __top_RamAHB32 = 0x20084000
                0x0000000020084000                __top_RAM2 = 0x20084000

.text           0x0000000000000000     0x3364
 FILL mask 0xff
                0x0000000000000000                __vectors_start__ = ABSOLUTE (.)
 *(.isr_vector)
 .isr_vector    0x0000000000000000       0xcc ./src/cr_startup_lpc175x_6x.o
                0x0000000000000000                g_pfnVectors
                0x00000000000000cc                . = ALIGN (0x4)
                0x00000000000000cc                __section_table_start = .
                0x00000000000000cc                __data_section_table = .
                0x00000000000000cc        0x4 LONG 0x3364 LOADADDR (.data)
                0x00000000000000d0        0x4 LONG 0x10000000 ADDR (.data)
                0x00000000000000d4        0x4 LONG 0x0 SIZEOF (.data)
                0x00000000000000d8        0x4 LONG 0x3364 LOADADDR (.data_RAM2)
                0x00000000000000dc        0x4 LONG 0x2007c000 ADDR (.data_RAM2)
                0x00000000000000e0        0x4 LONG 0x0 SIZEOF (.data_RAM2)
                0x00000000000000e4                __data_section_table_end = .
                0x00000000000000e4                __bss_section_table = .
                0x00000000000000e4        0x4 LONG 0x10000000 ADDR (.bss)
                0x00000000000000e8        0x4 LONG 0x21c SIZEOF (.bss)
                0x00000000000000ec        0x4 LONG 0x2007c000 ADDR (.bss_RAM2)
                0x00000000000000f0        0x4 LONG 0x0 SIZEOF (.bss_RAM2)
                0x00000000000000f4                __bss_section_table_end = .
                0x00000000000000f4                __section_table_end = .
 *(.after_vectors*)
 .after_vectors
                0x00000000000000f4      0x12c ./src/cr_startup_lpc175x_6x.o
                0x00000000000000f4                data_init
                0x0000000000000136                bss_init
                0x000000000000016c                ResetISR
                0x00000000000001e4                NMI_Handler
                0x00000000000001ea                HardFault_Handler
                0x00000000000001f0                MemManage_Handler
                0x00000000000001f6                BusFault_Handler
                0x00000000000001fc                UsageFault_Handler
                0x0000000000000202                SVC_Handler
                0x0000000000000208                DebugMon_Handler
                0x000000000000020e                PendSV_Handler
                0x0000000000000214                SysTick_Handler
                0x000000000000021a                TIMER2_IRQHandler
                0x000000000000021a                RIT_IRQHandler
                0x000000000000021a                I2C0_IRQHandler
                0x000000000000021a                USBActivity_IRQHandler
                0x000000000000021a                PWM1_IRQHandler
                0x000000000000021a                I2C1_IRQHandler
                0x000000000000021a                EINT2_IRQHandler
                0x000000000000021a                UART1_IRQHandler
                0x000000000000021a                EINT3_IRQHandler
                0x000000000000021a                CANActivity_IRQHandler
                0x000000000000021a                TIMER3_IRQHandler
                0x000000000000021a                UART0_IRQHandler
                0x000000000000021a                IntDefaultHandler
                0x000000000000021a                PLL0_IRQHandler
                0x000000000000021a                CAN_IRQHandler
                0x000000000000021a                PLL1_IRQHandler
                0x000000000000021a                I2S_IRQHandler
                0x000000000000021a                I2C2_IRQHandler
                0x000000000000021a                RTC_IRQHandler
                0x000000000000021a                TIMER0_IRQHandler
                0x000000000000021a                SPI_IRQHandler
                0x000000000000021a                EINT1_IRQHandler
                0x000000000000021a                TIMER1_IRQHandler
                0x000000000000021a                UART2_IRQHandler
                0x000000000000021a                ADC_IRQHandler
                0x000000000000021a                USB_IRQHandler
                0x000000000000021a                BOD_IRQHandler
                0x000000000000021a                WDT_IRQHandler
                0x000000000000021a                QEI_IRQHandler
                0x000000000000021a                EINT0_IRQHandler
                0x000000000000021a                DMA_IRQHandler
                0x000000000000021a                UART3_IRQHandler
                0x000000000000021a                MCPWM_IRQHandler
                0x000000000000021a                ENET_IRQHandler
                0x00000000000002fc                . = 0x2fc
 *fill*         0x0000000000000220       0xdc ff
                0x00000000000002fc                PROVIDE (__CRP_WORD_START__ = .)
 *(.crp)
 .crp           0x00000000000002fc        0x4 ./src/crp.o
                0x00000000000002fc                CRP_WORD
                0x0000000000000300                PROVIDE (__CRP_WORD_END__ = .)
                0x0000000000000001                ASSERT (! ((__CRP_WORD_START__ == __CRP_WORD_END__)), Linker CRP Enabled, but no CRP_WORD provided within application)
 *(.text*)
 .text.NVIC_EnableIRQ
                0x0000000000000300       0x30 ./src/ssp.o
 .text.SSP0_IRQHandler
                0x0000000000000330       0x70 ./src/ssp.o
                0x0000000000000330                SSP0_IRQHandler
 .text.SSP1_IRQHandler
                0x00000000000003a0       0x70 ./src/ssp.o
                0x00000000000003a0                SSP1_IRQHandler
 .text.SSP0Init
                0x0000000000000410       0xc0 ./src/ssp.o
                0x0000000000000410                SSP0Init
 .text.SSPSend  0x00000000000004d0       0xa0 ./src/ssp.o
                0x00000000000004d0                SSPSend
 .text.delay    0x0000000000000570       0x3c ./src/testHorloge.o
                0x0000000000000570                delay
 .text.updateScreen
                0x00000000000005ac      0x11c ./src/testHorloge.o
                0x00000000000005ac                updateScreen
 .text.updateScreenSmooth
                0x00000000000006c8      0x1f0 ./src/testHorloge.o
                0x00000000000006c8                updateScreenSmooth
 .text.initClockOut
                0x00000000000008b8       0x74 ./src/testHorloge.o
                0x00000000000008b8                initClockOut
 .text.main     0x000000000000092c      0x2d0 ./src/testHorloge.o
                0x000000000000092c                main
 .text.SystemInit
                0x0000000000000bfc       0xdc /home/simon/Sync/Domotic/rs485/firmware/CMSIS_CORE_LPC17xx/Debug/libCMSIS_CORE_LPC17xx.a(system_LPC17xx.o)
                0x0000000000000bfc                SystemInit
 .text.__main   0x0000000000000cd8        0xe /usr/local/mcuxpressoide-10.3.0_2200/ide/plugins/com.nxp.mcuxpresso.tools.linux_10.3.0.201811011841/tools/bin/../lib/gcc/arm-none-eabi/7.3.1/../../../../arm-none-eabi/lib/thumb/v7-m/libcr_semihost.a(_cr__main.o)
                0x0000000000000cd8                __main
                0x0000000000000cd8                __CR_SEMIHOST
 .text.fp_round
                0x0000000000000ce6       0x4c /usr/local/mcuxpressoide-10.3.0_2200/ide/plugins/com.nxp.mcuxpresso.tools.linux_10.3.0.201811011841/tools/bin/../lib/gcc/arm-none-eabi/7.3.1/../../../../arm-none-eabi/lib/thumb/v7-m/libcr_c.a(fpprintf.o)
 .text.pr_dec.constprop.1
                0x0000000000000d32       0x26 /usr/local/mcuxpressoide-10.3.0_2200/ide/plugins/com.nxp.mcuxpresso.tools.linux_10.3.0.201811011841/tools/bin/../lib/gcc/arm-none-eabi/7.3.1/../../../../arm-none-eabi/lib/thumb/v7-m/libcr_c.a(fpprintf.o)
 .text.sprintf  0x0000000000000d58       0x6c /usr/local/mcuxpressoide-10.3.0_2200/ide/plugins/com.nxp.mcuxpresso.tools.linux_10.3.0.201811011841/tools/bin/../lib/gcc/arm-none-eabi/7.3.1/../../../../arm-none-eabi/lib/thumb/v7-m/libcr_c.a(fpprintf.o)
                0x0000000000000d58                sprintf
 *fill*         0x0000000000000dc4        0x4 ff
 .text.fp_display
                0x0000000000000dc8      0x96c /usr/local/mcuxpressoide-10.3.0_2200/ide/plugins/com.nxp.mcuxpresso.tools.linux_10.3.0.201811011841/tools/bin/../lib/gcc/arm-none-eabi/7.3.1/../../../../arm-none-eabi/lib/thumb/v7-m/libcr_c.a(fpprintf.o)
 .text.vsnprintf
                0x0000000000001734       0x68 /usr/local/mcuxpressoide-10.3.0_2200/ide/plugins/com.nxp.mcuxpresso.tools.linux_10.3.0.201811011841/tools/bin/../lib/gcc/arm-none-eabi/7.3.1/../../../../arm-none-eabi/lib/thumb/v7-m/libcr_c.a(fpprintf.o)
                0x0000000000001734                vsnprintf
 .text.printf   0x000000000000179c       0x54 /usr/local/mcuxpressoide-10.3.0_2200/ide/plugins/com.nxp.mcuxpresso.tools.linux_10.3.0.201811011841/tools/bin/../lib/gcc/arm-none-eabi/7.3.1/../../../../arm-none-eabi/lib/thumb/v7-m/libcr_c.a(fpprintf.o)
                0x000000000000179c                printf
 .text._initio  0x00000000000017f0       0x78 /usr/local/mcuxpressoide-10.3.0_2200/ide/plugins/com.nxp.mcuxpresso.tools.linux_10.3.0.201811011841/tools/bin/../lib/gcc/arm-none-eabi/7.3.1/../../../../arm-none-eabi/lib/thumb/v7-m/libcr_c.a(initio.o)
                0x00000000000017f0                _initio
 .text.__vfprintf
                0x0000000000001868      0xb8c /usr/local/mcuxpressoide-10.3.0_2200/ide/plugins/com.nxp.mcuxpresso.tools.linux_10.3.0.201811011841/tools/bin/../lib/gcc/arm-none-eabi/7.3.1/../../../../arm-none-eabi/lib/thumb/v7-m/libcr_c.a(printf.o)
                0x0000000000001868                __vfprintf
 .text.setvbuf  0x00000000000023f4       0x40 /usr/local/mcuxpressoide-10.3.0_2200/ide/plugins/com.nxp.mcuxpresso.tools.linux_10.3.0.201811011841/tools/bin/../lib/gcc/arm-none-eabi/7.3.1/../../../../arm-none-eabi/lib/thumb/v7-m/libcr_c.a(setvbuf.o)
                0x00000000000023f4                setvbuf
 .text.strlen   0x0000000000002434       0x4a /usr/local/mcuxpressoide-10.3.0_2200/ide/plugins/com.nxp.mcuxpresso.tools.linux_10.3.0.201811011841/tools/bin/../lib/gcc/arm-none-eabi/7.3.1/../../../../arm-none-eabi/lib/thumb/v7-m/libcr_c.a(strlen.o)
                0x0000000000002434                strlen
 .text.memset   0x000000000000247e        0x4 /usr/local/mcuxpressoide-10.3.0_2200/ide/plugins/com.nxp.mcuxpresso.tools.linux_10.3.0.201811011841/tools/bin/../lib/gcc/arm-none-eabi/7.3.1/../../../../arm-none-eabi/lib/thumb/v7-m/libcr_c.a(memset.o)
                0x000000000000247e                memset
 .text._deferredlazyseek
                0x0000000000002482       0x40 /usr/local/mcuxpressoide-10.3.0_2200/ide/plugins/com.nxp.mcuxpresso.tools.linux_10.3.0.201811011841/tools/bin/../lib/gcc/arm-none-eabi/7.3.1/../../../../arm-none-eabi/lib/thumb/v7-m/libcr_c.a(_deferredlazyseek.o)
                0x0000000000002482                _deferredlazyseek
 .text.__flsbuf
                0x00000000000024c2      0x140 /usr/local/mcuxpressoide-10.3.0_2200/ide/plugins/com.nxp.mcuxpresso.tools.linux_10.3.0.201811011841/tools/bin/../lib/gcc/arm-none-eabi/7.3.1/../../../../arm-none-eabi/lib/thumb/v7-m/libcr_c.a(_deferredlazyseek.o)
                0x00000000000024c2                __flsbuf
 .text._fdopen  0x0000000000002602       0x68 /usr/local/mcuxpressoide-10.3.0_2200/ide/plugins/com.nxp.mcuxpresso.tools.linux_10.3.0.201811011841/tools/bin/../lib/gcc/arm-none-eabi/7.3.1/../../../../arm-none-eabi/lib/thumb/v7-m/libcr_c.a(_fdopen.o)
                0x0000000000002602                _fdopen
 .text._fflush  0x000000000000266a       0x52 /usr/local/mcuxpressoide-10.3.0_2200/ide/plugins/com.nxp.mcuxpresso.tools.linux_10.3.0.201811011841/tools/bin/../lib/gcc/arm-none-eabi/7.3.1/../../../../arm-none-eabi/lib/thumb/v7-m/libcr_c.a(_fflush.o)
                0x000000000000266a                _fflush
 .text._frexpl  0x00000000000026bc       0x56 /usr/local/mcuxpressoide-10.3.0_2200/ide/plugins/com.nxp.mcuxpresso.tools.linux_10.3.0.201811011841/tools/bin/../lib/gcc/arm-none-eabi/7.3.1/../../../../arm-none-eabi/lib/thumb/v7-m/libcr_c.a(_frexpl.o)
                0x00000000000026bc                _frexpl
 *fill*         0x0000000000002712        0x2 ff
 .text._ldexpl  0x0000000000002714       0x4c /usr/local/mcuxpressoide-10.3.0_2200/ide/plugins/com.nxp.mcuxpresso.tools.linux_10.3.0.201811011841/tools/bin/../lib/gcc/arm-none-eabi/7.3.1/../../../../arm-none-eabi/lib/thumb/v7-m/libcr_c.a(_ldexpl.o)
                0x0000000000002714                _ldexpl
 .text._Cwritebuf
                0x0000000000002760       0x6c /usr/local/mcuxpressoide-10.3.0_2200/ide/plugins/com.nxp.mcuxpresso.tools.linux_10.3.0.201811011841/tools/bin/../lib/gcc/arm-none-eabi/7.3.1/../../../../arm-none-eabi/lib/thumb/v7-m/libcr_c.a(_writebuf.o)
                0x0000000000002760                _Cwritebuf
 .text.malloc   0x00000000000027cc       0xc8 /usr/local/mcuxpressoide-10.3.0_2200/ide/plugins/com.nxp.mcuxpresso.tools.linux_10.3.0.201811011841/tools/bin/../lib/gcc/arm-none-eabi/7.3.1/../../../../arm-none-eabi/lib/thumb/v7-m/libcr_c.a(alloc.o)
                0x00000000000027cc                malloc
 .text.free     0x0000000000002894       0x30 /usr/local/mcuxpressoide-10.3.0_2200/ide/plugins/com.nxp.mcuxpresso.tools.linux_10.3.0.201811011841/tools/bin/../lib/gcc/arm-none-eabi/7.3.1/../../../../arm-none-eabi/lib/thumb/v7-m/libcr_c.a(alloc.o)
                0x0000000000002894                free
 .text._Csys_alloc
                0x00000000000028c4       0x20 /usr/local/mcuxpressoide-10.3.0_2200/ide/plugins/com.nxp.mcuxpresso.tools.linux_10.3.0.201811011841/tools/bin/../lib/gcc/arm-none-eabi/7.3.1/../../../../arm-none-eabi/lib/thumb/v7-m/libcr_c.a(alloc.o)
                0x00000000000028c4                _Csys_alloc
 .text.fclose   0x00000000000028e4       0x58 /usr/local/mcuxpressoide-10.3.0_2200/ide/plugins/com.nxp.mcuxpresso.tools.linux_10.3.0.201811011841/tools/bin/../lib/gcc/arm-none-eabi/7.3.1/../../../../arm-none-eabi/lib/thumb/v7-m/libcr_c.a(fclose.o)
                0x00000000000028e4                fclose
 .text.fflush   0x000000000000293c       0x44 /usr/local/mcuxpressoide-10.3.0_2200/ide/plugins/com.nxp.mcuxpresso.tools.linux_10.3.0.201811011841/tools/bin/../lib/gcc/arm-none-eabi/7.3.1/../../../../arm-none-eabi/lib/thumb/v7-m/libcr_c.a(fflush.o)
                0x000000000000293c                fflush
 .text.fseek    0x0000000000002980      0x100 /usr/local/mcuxpressoide-10.3.0_2200/ide/plugins/com.nxp.mcuxpresso.tools.linux_10.3.0.201811011841/tools/bin/../lib/gcc/arm-none-eabi/7.3.1/../../../../arm-none-eabi/lib/thumb/v7-m/libcr_c.a(fseek.o)
                0x0000000000002980                fseek
 .text.ftell    0x0000000000002a80       0x44 /usr/local/mcuxpressoide-10.3.0_2200/ide/plugins/com.nxp.mcuxpresso.tools.linux_10.3.0.201811011841/tools/bin/../lib/gcc/arm-none-eabi/7.3.1/../../../../arm-none-eabi/lib/thumb/v7-m/libcr_c.a(ftell.o)
                0x0000000000002a80                ftell
 .text.remove   0x0000000000002ac4       0x14 /usr/local/mcuxpressoide-10.3.0_2200/ide/plugins/com.nxp.mcuxpresso.tools.linux_10.3.0.201811011841/tools/bin/../lib/gcc/arm-none-eabi/7.3.1/../../../../arm-none-eabi/lib/thumb/v7-m/libcr_c.a(remove.o)
                0x0000000000002ac4                remove
 .text._sbrk    0x0000000000002ad8       0x3c /usr/local/mcuxpressoide-10.3.0_2200/ide/plugins/com.nxp.mcuxpresso.tools.linux_10.3.0.201811011841/tools/bin/../lib/gcc/arm-none-eabi/7.3.1/../../../../arm-none-eabi/lib/thumb/v7-m/libcr_c.a(_cr_sbrk.o)
                0x0000000000002ad8                _sbrk
 .text._do_fflush
                0x0000000000002b14       0x40 /usr/local/mcuxpressoide-10.3.0_2200/ide/plugins/com.nxp.mcuxpresso.tools.linux_10.3.0.201811011841/tools/bin/../lib/gcc/arm-none-eabi/7.3.1/../../../../arm-none-eabi/lib/thumb/v7-m/libcr_c.a(_do_fflush.o)
                0x0000000000002b14                _do_fflush
 .text.__check_heap_overflow
                0x0000000000002b54       0x18 /usr/local/mcuxpressoide-10.3.0_2200/ide/plugins/com.nxp.mcuxpresso.tools.linux_10.3.0.201811011841/tools/bin/../lib/gcc/arm-none-eabi/7.3.1/../../../../arm-none-eabi/lib/thumb/v7-m/libcr_c.a(_cr_check_heap.o)
                0x0000000000002b54                __check_heap_overflow
 .text.__aeabi_dmul
                0x0000000000002b6c      0x10c /usr/local/mcuxpressoide-10.3.0_2200/ide/plugins/com.nxp.mcuxpresso.tools.linux_10.3.0.201811011841/tools/bin/../lib/gcc/arm-none-eabi/7.3.1/thumb/v7-m/libcr_eabihelpers.a(double.o)
                0x0000000000002b6c                __aeabi_dmul
 .text.__aeabi_ddiv
                0x0000000000002c78      0x130 /usr/local/mcuxpressoide-10.3.0_2200/ide/plugins/com.nxp.mcuxpresso.tools.linux_10.3.0.201811011841/tools/bin/../lib/gcc/arm-none-eabi/7.3.1/thumb/v7-m/libcr_eabihelpers.a(double.o)
                0x0000000000002c78                __aeabi_ddiv
 .text.__aeabi_dsub
                0x0000000000002da8      0x1b0 /usr/local/mcuxpressoide-10.3.0_2200/ide/plugins/com.nxp.mcuxpresso.tools.linux_10.3.0.201811011841/tools/bin/../lib/gcc/arm-none-eabi/7.3.1/thumb/v7-m/libcr_eabihelpers.a(double.o)
                0x0000000000002da8                __aeabi_dsub
 .text.__aeabi_dadd
                0x0000000000002f58      0x10c /usr/local/mcuxpressoide-10.3.0_2200/ide/plugins/com.nxp.mcuxpresso.tools.linux_10.3.0.201811011841/tools/bin/../lib/gcc/arm-none-eabi/7.3.1/thumb/v7-m/libcr_eabihelpers.a(double.o)
                0x0000000000002f58                __aeabi_dadd
 .text.__aeabi_d2iz
                0x0000000000003064       0x40 /usr/local/mcuxpressoide-10.3.0_2200/ide/plugins/com.nxp.mcuxpresso.tools.linux_10.3.0.201811011841/tools/bin/../lib/gcc/arm-none-eabi/7.3.1/thumb/v7-m/libcr_eabihelpers.a(double.o)
                0x0000000000003064                __aeabi_d2iz
 .text.__bhs_ui2d
                0x00000000000030a4       0x46 /usr/local/mcuxpressoide-10.3.0_2200/ide/plugins/com.nxp.mcuxpresso.tools.linux_10.3.0.201811011841/tools/bin/../lib/gcc/arm-none-eabi/7.3.1/thumb/v7-m/libcr_eabihelpers.a(double.o)
                0x00000000000030a4                __bhs_ui2d
 .text.__aeabi_i2d
                0x00000000000030ea       0x12 /usr/local/mcuxpressoide-10.3.0_2200/ide/plugins/com.nxp.mcuxpresso.tools.linux_10.3.0.201811011841/tools/bin/../lib/gcc/arm-none-eabi/7.3.1/thumb/v7-m/libcr_eabihelpers.a(double.o)
                0x00000000000030ea                __aeabi_i2d
 .text.__aeabi_dcmpeq
                0x00000000000030fc       0x2c /usr/local/mcuxpressoide-10.3.0_2200/ide/plugins/com.nxp.mcuxpresso.tools.linux_10.3.0.201811011841/tools/bin/../lib/gcc/arm-none-eabi/7.3.1/thumb/v7-m/libcr_eabihelpers.a(double.o)
                0x00000000000030fc                __aeabi_dcmpeq
 .text.__aeabi_dcmplt
                0x0000000000003128       0x54 /usr/local/mcuxpressoide-10.3.0_2200/ide/plugins/com.nxp.mcuxpresso.tools.linux_10.3.0.201811011841/tools/bin/../lib/gcc/arm-none-eabi/7.3.1/thumb/v7-m/libcr_eabihelpers.a(double.o)
                0x0000000000003128                __aeabi_dcmplt
 .text.__aeabi_dcmple
                0x000000000000317c       0x54 /usr/local/mcuxpressoide-10.3.0_2200/ide/plugins/com.nxp.mcuxpresso.tools.linux_10.3.0.201811011841/tools/bin/../lib/gcc/arm-none-eabi/7.3.1/thumb/v7-m/libcr_eabihelpers.a(double.o)
                0x000000000000317c                __aeabi_dcmple
 .text.__aeabi_dcmpge
                0x00000000000031d0       0x54 /usr/local/mcuxpressoide-10.3.0_2200/ide/plugins/com.nxp.mcuxpresso.tools.linux_10.3.0.201811011841/tools/bin/../lib/gcc/arm-none-eabi/7.3.1/thumb/v7-m/libcr_eabihelpers.a(double.o)
                0x00000000000031d0                __aeabi_dcmpge
 .text.__aeabi_memset_lowlevel
                0x0000000000003224       0x32 /usr/local/mcuxpressoide-10.3.0_2200/ide/plugins/com.nxp.mcuxpresso.tools.linux_10.3.0.201811011841/tools/bin/../lib/gcc/arm-none-eabi/7.3.1/thumb/v7-m/libcr_eabihelpers.a(memcpy.o)
                0x0000000000003224                __aeabi_lowlevel_memset
 *fill*         0x0000000000003256        0x2 ff
 .text.__sys_appexit
                0x0000000000003258        0xc /usr/local/mcuxpressoide-10.3.0_2200/ide/plugins/com.nxp.mcuxpresso.tools.linux_10.3.0.201811011841/tools/bin/../lib/gcc/arm-none-eabi/7.3.1/../../../../arm-none-eabi/lib/thumb/v7-m/libcr_semihost.a(__sys_appexit.o)
                0x0000000000003258                __exit
                0x0000000000003258                __sys_appexit
 .text.__sys_close
                0x0000000000003264        0xc /usr/local/mcuxpressoide-10.3.0_2200/ide/plugins/com.nxp.mcuxpresso.tools.linux_10.3.0.201811011841/tools/bin/../lib/gcc/arm-none-eabi/7.3.1/../../../../arm-none-eabi/lib/thumb/v7-m/libcr_semihost.a(__sys_close.o)
                0x0000000000003264                __sys_close
 .text.__sys_flen
                0x0000000000003270        0xc /usr/local/mcuxpressoide-10.3.0_2200/ide/plugins/com.nxp.mcuxpresso.tools.linux_10.3.0.201811011841/tools/bin/../lib/gcc/arm-none-eabi/7.3.1/../../../../arm-none-eabi/lib/thumb/v7-m/libcr_semihost.a(__sys_flen.o)
                0x0000000000003270                __sys_flen
 .text.__sys_istty
                0x000000000000327c        0xc /usr/local/mcuxpressoide-10.3.0_2200/ide/plugins/com.nxp.mcuxpresso.tools.linux_10.3.0.201811011841/tools/bin/../lib/gcc/arm-none-eabi/7.3.1/../../../../arm-none-eabi/lib/thumb/v7-m/libcr_semihost.a(__sys_istty.o)
                0x000000000000327c                __sys_istty
 .text.__sys_remove
                0x0000000000003288        0xc /usr/local/mcuxpressoide-10.3.0_2200/ide/plugins/com.nxp.mcuxpresso.tools.linux_10.3.0.201811011841/tools/bin/../lib/gcc/arm-none-eabi/7.3.1/../../../../arm-none-eabi/lib/thumb/v7-m/libcr_semihost.a(__sys_remove.o)
                0x0000000000003288                __sys_remove
 .text.__sys_seek
                0x0000000000003294        0xc /usr/local/mcuxpressoide-10.3.0_2200/ide/plugins/com.nxp.mcuxpresso.tools.linux_10.3.0.201811011841/tools/bin/../lib/gcc/arm-none-eabi/7.3.1/../../../../arm-none-eabi/lib/thumb/v7-m/libcr_semihost.a(__sys_seek.o)
                0x0000000000003294                __sys_seek
 .text.__sys_tmpnam
                0x00000000000032a0        0xc /usr/local/mcuxpressoide-10.3.0_2200/ide/plugins/com.nxp.mcuxpresso.tools.linux_10.3.0.201811011841/tools/bin/../lib/gcc/arm-none-eabi/7.3.1/../../../../arm-none-eabi/lib/thumb/v7-m/libcr_semihost.a(__sys_tmpnam.o)
                0x00000000000032a0                __sys_tmpnam
 .text.__sys_write
                0x00000000000032ac        0xc /usr/local/mcuxpressoide-10.3.0_2200/ide/plugins/com.nxp.mcuxpresso.tools.linux_10.3.0.201811011841/tools/bin/../lib/gcc/arm-none-eabi/7.3.1/../../../../arm-none-eabi/lib/thumb/v7-m/libcr_semihost.a(__sys_write.o)
                0x00000000000032ac                __sys_write
 *(.rodata .rodata.* .constdata .constdata.*)
 .rodata        0x00000000000032b8       0x19 ./src/testHorloge.o
 .rodata.fp_display.str1.1
                0x00000000000032d1       0x34 /usr/local/mcuxpressoide-10.3.0_2200/ide/plugins/com.nxp.mcuxpresso.tools.linux_10.3.0.201811011841/tools/bin/../lib/gcc/arm-none-eabi/7.3.1/../../../../arm-none-eabi/lib/thumb/v7-m/libcr_c.a(fpprintf.o)
                                         0x35 (size before relaxing)
 .rodata._initio.str1.1
                0x0000000000003305        0x4 /usr/local/mcuxpressoide-10.3.0_2200/ide/plugins/com.nxp.mcuxpresso.tools.linux_10.3.0.201811011841/tools/bin/../lib/gcc/arm-none-eabi/7.3.1/../../../../arm-none-eabi/lib/thumb/v7-m/libcr_c.a(initio.o)
 .rodata.__vfprintf.str1.1
                0x0000000000003309       0x31 /usr/local/mcuxpressoide-10.3.0_2200/ide/plugins/com.nxp.mcuxpresso.tools.linux_10.3.0.201811011841/tools/bin/../lib/gcc/arm-none-eabi/7.3.1/../../../../arm-none-eabi/lib/thumb/v7-m/libcr_c.a(printf.o)
                                         0x38 (size before relaxing)
 .rodata._Csys_alloc.str1.1
                0x000000000000333a       0x18 /usr/local/mcuxpressoide-10.3.0_2200/ide/plugins/com.nxp.mcuxpresso.tools.linux_10.3.0.201811011841/tools/bin/../lib/gcc/arm-none-eabi/7.3.1/../../../../arm-none-eabi/lib/thumb/v7-m/libcr_c.a(alloc.o)
 *fill*         0x0000000000003352        0x6 ff
 .rodata.__huge_vall
                0x0000000000003358        0x8 /usr/local/mcuxpressoide-10.3.0_2200/ide/plugins/com.nxp.mcuxpresso.tools.linux_10.3.0.201811011841/tools/bin/../lib/gcc/arm-none-eabi/7.3.1/../../../../arm-none-eabi/lib/thumb/v7-m/libcr_c.a(_hugeval.o)
                0x0000000000003358                __huge_vall
 .rodata.__num_Ciob_streams
                0x0000000000003360        0x4 /usr/local/mcuxpressoide-10.3.0_2200/ide/plugins/com.nxp.mcuxpresso.tools.linux_10.3.0.201811011841/tools/bin/../lib/gcc/arm-none-eabi/7.3.1/../../../../arm-none-eabi/lib/thumb/v7-m/libcr_semihost.a(__ciob.o)
                0x0000000000003360                __num_Ciob_streams
                0x0000000000003364                . = ALIGN (0x4)

.glue_7         0x0000000000003364        0x0
 .glue_7        0x0000000000003364        0x0 linker stubs

.glue_7t        0x0000000000003364        0x0
 .glue_7t       0x0000000000003364        0x0 linker stubs

.vfp11_veneer   0x0000000000003364        0x0
 .vfp11_veneer  0x0000000000003364        0x0 linker stubs

.v4_bx          0x0000000000003364        0x0
 .v4_bx         0x0000000000003364        0x0 linker stubs

.iplt           0x0000000000003364        0x0
 .iplt          0x0000000000003364        0x0 ./src/cr_startup_lpc175x_6x.o

.rel.dyn        0x0000000000003364        0x0
 .rel.iplt      0x0000000000003364        0x0 ./src/cr_startup_lpc175x_6x.o

.ARM.extab
 *(.ARM.extab* .gnu.linkonce.armextab.*)
                0x0000000000003364                __exidx_start = .

.ARM.exidx
 *(.ARM.exidx* .gnu.linkonce.armexidx.*)
                0x0000000000003364                __exidx_end = .
                0x0000000000003364                _etext = .

.data_RAM2      0x000000002007c000        0x0 load address 0x0000000000003364
 FILL mask 0xff
                [!provide]                        PROVIDE (__start_data_RAM2 = .)
 *(.ramfunc.$RAM2)
 *(.ramfunc.$RamAHB32)
 *(.data.$RAM2*)
 *(.data.$RamAHB32*)
                0x000000002007c000                . = ALIGN (0x4)
                [!provide]                        PROVIDE (__end_data_RAM2 = .)

.uninit_RESERVED
                0x0000000010000000        0x0
 *(.bss.$RESERVED*)
                0x0000000010000000                . = ALIGN (0x4)
                0x0000000010000000                _end_uninit_RESERVED = .

.data           0x0000000010000000        0x0 load address 0x0000000000003364
 FILL mask 0xff
                0x0000000010000000                _data = .
 *(vtable)
 *(.ramfunc*)
 *(.data*)
                0x0000000010000000                . = ALIGN (0x4)
                0x0000000010000000                _edata = .

.igot.plt       0x0000000010000000        0x0 load address 0x0000000000003364
 .igot.plt      0x0000000010000000        0x0 ./src/cr_startup_lpc175x_6x.o

.bss_RAM2       0x000000002007c000        0x0
                [!provide]                        PROVIDE (__start_bss_RAM2 = .)
 *(.bss.$RAM2*)
 *(.bss.$RamAHB32*)
                0x000000002007c000                . = ALIGN ((. != 0x0)?0x4:0x1)
                [!provide]                        PROVIDE (__end_bss_RAM2 = .)

.bss            0x0000000010000000      0x21c
                0x0000000010000000                _bss = .
 *(.bss*)
 .bss.interrupt0RxStat
                0x0000000010000000        0x4 ./src/ssp.o
                0x0000000010000000                interrupt0RxStat
 .bss.interrupt0OverRunStat
                0x0000000010000004        0x4 ./src/ssp.o
                0x0000000010000004                interrupt0OverRunStat
 .bss.interrupt0RxTimeoutStat
                0x0000000010000008        0x4 ./src/ssp.o
                0x0000000010000008                interrupt0RxTimeoutStat
 .bss.interrupt1RxStat
                0x000000001000000c        0x4 ./src/ssp.o
                0x000000001000000c                interrupt1RxStat
 .bss.interrupt1OverRunStat
                0x0000000010000010        0x4 ./src/ssp.o
                0x0000000010000010                interrupt1OverRunStat
 .bss.interrupt1RxTimeoutStat
                0x0000000010000014        0x4 ./src/ssp.o
                0x0000000010000014                interrupt1RxTimeoutStat
 .bss.screen    0x0000000010000018        0xc ./src/testHorloge.o
                0x0000000010000018                screen
 .bss.currentScreen.5199
                0x0000000010000024        0xc ./src/testHorloge.o
 .bss.errno     0x0000000010000030        0x4 /usr/local/mcuxpressoide-10.3.0_2200/ide/plugins/com.nxp.mcuxpresso.tools.linux_10.3.0.201811011841/tools/bin/../lib/gcc/arm-none-eabi/7.3.1/../../../../arm-none-eabi/lib/thumb/v7-m/libcr_c.a(errno.o)
                0x0000000010000030                errno
 .bss.__end_of_heap
                0x0000000010000034        0x4 /usr/local/mcuxpressoide-10.3.0_2200/ide/plugins/com.nxp.mcuxpresso.tools.linux_10.3.0.201811011841/tools/bin/../lib/gcc/arm-none-eabi/7.3.1/../../../../arm-none-eabi/lib/thumb/v7-m/libcr_c.a(__init_alloc.o)
                0x0000000010000034                __end_of_heap
 .bss.__heaps   0x0000000010000038        0x4 /usr/local/mcuxpressoide-10.3.0_2200/ide/plugins/com.nxp.mcuxpresso.tools.linux_10.3.0.201811011841/tools/bin/../lib/gcc/arm-none-eabi/7.3.1/../../../../arm-none-eabi/lib/thumb/v7-m/libcr_c.a(__init_alloc.o)
                0x0000000010000038                __heaps
 .bss.__Ciob    0x000000001000003c      0x1e0 /usr/local/mcuxpressoide-10.3.0_2200/ide/plugins/com.nxp.mcuxpresso.tools.linux_10.3.0.201811011841/tools/bin/../lib/gcc/arm-none-eabi/7.3.1/../../../../arm-none-eabi/lib/thumb/v7-m/libcr_semihost.a(__ciob.o)
                0x000000001000003c                __Ciob
 *(COMMON)
                0x000000001000021c                . = ALIGN (0x4)
                0x000000001000021c                _ebss = .
                [!provide]                        PROVIDE (end = .)

.noinit_RAM2    0x000000002007c000        0x0
 *(.noinit.$RAM2*)
 *(.noinit.$RamAHB32*)
                0x000000002007c000                . = ALIGN (0x4)

.noinit         0x000000001000021c        0x0
                0x000000001000021c                _noinit = .
 *(.noinit*)
                0x000000001000021c                . = ALIGN (0x4)
                0x000000001000021c                _end_noinit = .
                0x000000001000021c                PROVIDE (_pvHeapStart = DEFINED (__user_heap_base)?__user_heap_base:.)
                0x0000000010008000                PROVIDE (_vStackTop = DEFINED (__user_stack_top)?__user_stack_top:(__top_RamLoc32 - 0x0))
                0xffffffffefff74de                PROVIDE (__valid_user_code_checksum = (0x0 - ((((((_vStackTop + (ResetISR + 0x1)) + (NMI_Handler + 0x1)) + (HardFault_Handler + 0x1)) + (DEFINED (MemManage_Handler)?MemManage_Handler:0x0 + 0x1)) + (DEFINED (BusFault_Handler)?BusFault_Handler:0x0 + 0x1)) + (DEFINED (UsageFault_Handler)?UsageFault_Handler:0x0 + 0x1))))
                0x0000000000000000                _image_start = LOADADDR (.text)
                0x0000000000003364                _image_end = (LOADADDR (.data) + SIZEOF (.data))
                0x0000000000003364                _image_size = (_image_end - _image_start)
OUTPUT(testHorloge.axf elf32-littlearm)

.debug_info     0x0000000000000000     0x1b39
 .debug_info    0x0000000000000000      0x255 ./src/cr_startup_lpc175x_6x.o
 .debug_info    0x0000000000000255       0x3f ./src/crp.o
 .debug_info    0x0000000000000294      0xc46 ./src/ssp.o
 .debug_info    0x0000000000000eda      0x912 ./src/testHorloge.o
 .debug_info    0x00000000000017ec      0x34d /home/simon/Sync/Domotic/rs485/firmware/CMSIS_CORE_LPC17xx/Debug/libCMSIS_CORE_LPC17xx.a(system_LPC17xx.o)

.debug_abbrev   0x0000000000000000      0x6b6
 .debug_abbrev  0x0000000000000000      0x114 ./src/cr_startup_lpc175x_6x.o
 .debug_abbrev  0x0000000000000114       0x36 ./src/crp.o
 .debug_abbrev  0x000000000000014a      0x271 ./src/ssp.o
 .debug_abbrev  0x00000000000003bb      0x1f3 ./src/testHorloge.o
 .debug_abbrev  0x00000000000005ae      0x108 /home/simon/Sync/Domotic/rs485/firmware/CMSIS_CORE_LPC17xx/Debug/libCMSIS_CORE_LPC17xx.a(system_LPC17xx.o)

.debug_aranges  0x0000000000000000      0x158
 .debug_aranges
                0x0000000000000000       0x80 ./src/cr_startup_lpc175x_6x.o
 .debug_aranges
                0x0000000000000080       0x18 ./src/crp.o
 .debug_aranges
                0x0000000000000098       0x58 ./src/ssp.o
 .debug_aranges
                0x00000000000000f0       0x40 ./src/testHorloge.o
 .debug_aranges
                0x0000000000000130       0x28 /home/simon/Sync/Domotic/rs485/firmware/CMSIS_CORE_LPC17xx/Debug/libCMSIS_CORE_LPC17xx.a(system_LPC17xx.o)

.debug_ranges   0x0000000000000000      0x100
 .debug_ranges  0x0000000000000000       0x70 ./src/cr_startup_lpc175x_6x.o
 .debug_ranges  0x0000000000000070       0x48 ./src/ssp.o
 .debug_ranges  0x00000000000000b8       0x30 ./src/testHorloge.o
 .debug_ranges  0x00000000000000e8       0x18 /home/simon/Sync/Domotic/rs485/firmware/CMSIS_CORE_LPC17xx/Debug/libCMSIS_CORE_LPC17xx.a(system_LPC17xx.o)

.debug_macro    0x0000000000000000     0x1e93
 .debug_macro   0x0000000000000000       0x1d ./src/cr_startup_lpc175x_6x.o
 .debug_macro   0x000000000000001d       0x1a ./src/crp.o
 .debug_macro   0x0000000000000037       0x34 ./src/crp.o
 .debug_macro   0x000000000000006b       0x81 ./src/ssp.o
 .debug_macro   0x00000000000000ec       0x1c ./src/ssp.o
 .debug_macro   0x0000000000000108       0x3a ./src/ssp.o
 .debug_macro   0x0000000000000142       0x2d ./src/ssp.o
 .debug_macro   0x000000000000016f      0xbb1 ./src/ssp.o
 .debug_macro   0x0000000000000d20      0x2c7 ./src/ssp.o
 .debug_macro   0x0000000000000fe7      0x118 ./src/ssp.o
 .debug_macro   0x00000000000010ff       0xd9 ./src/testHorloge.o
 .debug_macro   0x00000000000011d8       0x82 ./src/testHorloge.o
 .debug_macro   0x000000000000125a       0xa0 ./src/testHorloge.o
 .debug_macro   0x00000000000012fa      0x12d /home/simon/Sync/Domotic/rs485/firmware/CMSIS_CORE_LPC17xx/Debug/libCMSIS_CORE_LPC17xx.a(system_LPC17xx.o)
 .debug_macro   0x0000000000001427      0xa6c /home/simon/Sync/Domotic/rs485/firmware/CMSIS_CORE_LPC17xx/Debug/libCMSIS_CORE_LPC17xx.a(system_LPC17xx.o)

.debug_line     0x0000000000000000      0xbe5
 .debug_line    0x0000000000000000       0xd3 ./src/cr_startup_lpc175x_6x.o
 .debug_line    0x00000000000000d3       0xb5 ./src/crp.o
 .debug_line    0x0000000000000188      0x361 ./src/ssp.o
 .debug_line    0x00000000000004e9      0x461 ./src/testHorloge.o
 .debug_line    0x000000000000094a      0x29b /home/simon/Sync/Domotic/rs485/firmware/CMSIS_CORE_LPC17xx/Debug/libCMSIS_CORE_LPC17xx.a(system_LPC17xx.o)

.debug_str      0x0000000000000000     0xb5b7
 .debug_str     0x0000000000000000     0x2ec2 ./src/cr_startup_lpc175x_6x.o
                                       0x2ed5 (size before relaxing)
 .debug_str     0x0000000000002ec2       0xe9 ./src/crp.o
                                       0x2de2 (size before relaxing)
 .debug_str     0x0000000000002fab     0x79e5 ./src/ssp.o
                                       0xa757 (size before relaxing)
 .debug_str     0x000000000000a990      0x830 ./src/testHorloge.o
                                       0xab08 (size before relaxing)
 .debug_str     0x000000000000b1c0      0x3f7 /home/simon/Sync/Domotic/rs485/firmware/CMSIS_CORE_LPC17xx/Debug/libCMSIS_CORE_LPC17xx.a(system_LPC17xx.o)
                                       0xa15d (size before relaxing)

.comment        0x0000000000000000       0x7f
 .comment       0x0000000000000000       0x7f ./src/cr_startup_lpc175x_6x.o
                                         0x80 (size before relaxing)
 .comment       0x000000000000007f       0x80 ./src/crp.o
 .comment       0x000000000000007f       0x80 ./src/ssp.o
 .comment       0x000000000000007f       0x80 ./src/testHorloge.o
 .comment       0x000000000000007f       0x80 /home/simon/Sync/Domotic/rs485/firmware/CMSIS_CORE_LPC17xx/Debug/libCMSIS_CORE_LPC17xx.a(system_LPC17xx.o)
 .comment       0x000000000000007f       0x80 /usr/local/mcuxpressoide-10.3.0_2200/ide/plugins/com.nxp.mcuxpresso.tools.linux_10.3.0.201811011841/tools/bin/../lib/gcc/arm-none-eabi/7.3.1/../../../../arm-none-eabi/lib/thumb/v7-m/libcr_semihost.a(_cr__main.o)
 .comment       0x000000000000007f       0x80 /usr/local/mcuxpressoide-10.3.0_2200/ide/plugins/com.nxp.mcuxpresso.tools.linux_10.3.0.201811011841/tools/bin/../lib/gcc/arm-none-eabi/7.3.1/../../../../arm-none-eabi/lib/thumb/v7-m/libcr_c.a(fpprintf.o)
 .comment       0x000000000000007f       0x80 /usr/local/mcuxpressoide-10.3.0_2200/ide/plugins/com.nxp.mcuxpresso.tools.linux_10.3.0.201811011841/tools/bin/../lib/gcc/arm-none-eabi/7.3.1/../../../../arm-none-eabi/lib/thumb/v7-m/libcr_c.a(initio.o)
 .comment       0x000000000000007f       0x80 /usr/local/mcuxpressoide-10.3.0_2200/ide/plugins/com.nxp.mcuxpresso.tools.linux_10.3.0.201811011841/tools/bin/../lib/gcc/arm-none-eabi/7.3.1/../../../../arm-none-eabi/lib/thumb/v7-m/libcr_c.a(printf.o)
 .comment       0x000000000000007f       0x80 /usr/local/mcuxpressoide-10.3.0_2200/ide/plugins/com.nxp.mcuxpresso.tools.linux_10.3.0.201811011841/tools/bin/../lib/gcc/arm-none-eabi/7.3.1/../../../../arm-none-eabi/lib/thumb/v7-m/libcr_c.a(setvbuf.o)
 .comment       0x000000000000007f       0x80 /usr/local/mcuxpressoide-10.3.0_2200/ide/plugins/com.nxp.mcuxpresso.tools.linux_10.3.0.201811011841/tools/bin/../lib/gcc/arm-none-eabi/7.3.1/../../../../arm-none-eabi/lib/thumb/v7-m/libcr_c.a(strlen.o)
 .comment       0x000000000000007f       0x80 /usr/local/mcuxpressoide-10.3.0_2200/ide/plugins/com.nxp.mcuxpresso.tools.linux_10.3.0.201811011841/tools/bin/../lib/gcc/arm-none-eabi/7.3.1/../../../../arm-none-eabi/lib/thumb/v7-m/libcr_c.a(memset.o)
 .comment       0x000000000000007f       0x80 /usr/local/mcuxpressoide-10.3.0_2200/ide/plugins/com.nxp.mcuxpresso.tools.linux_10.3.0.201811011841/tools/bin/../lib/gcc/arm-none-eabi/7.3.1/../../../../arm-none-eabi/lib/thumb/v7-m/libcr_c.a(_deferredlazyseek.o)
 .comment       0x000000000000007f       0x80 /usr/local/mcuxpressoide-10.3.0_2200/ide/plugins/com.nxp.mcuxpresso.tools.linux_10.3.0.201811011841/tools/bin/../lib/gcc/arm-none-eabi/7.3.1/../../../../arm-none-eabi/lib/thumb/v7-m/libcr_c.a(_fdopen.o)
 .comment       0x000000000000007f       0x80 /usr/local/mcuxpressoide-10.3.0_2200/ide/plugins/com.nxp.mcuxpresso.tools.linux_10.3.0.201811011841/tools/bin/../lib/gcc/arm-none-eabi/7.3.1/../../../../arm-none-eabi/lib/thumb/v7-m/libcr_c.a(_fflush.o)
 .comment       0x000000000000007f       0x80 /usr/local/mcuxpressoide-10.3.0_2200/ide/plugins/com.nxp.mcuxpresso.tools.linux_10.3.0.201811011841/tools/bin/../lib/gcc/arm-none-eabi/7.3.1/../../../../arm-none-eabi/lib/thumb/v7-m/libcr_c.a(_frexpl.o)
 .comment       0x000000000000007f       0x80 /usr/local/mcuxpressoide-10.3.0_2200/ide/plugins/com.nxp.mcuxpresso.tools.linux_10.3.0.201811011841/tools/bin/../lib/gcc/arm-none-eabi/7.3.1/../../../../arm-none-eabi/lib/thumb/v7-m/libcr_c.a(_ldexpl.o)
 .comment       0x000000000000007f       0x80 /usr/local/mcuxpressoide-10.3.0_2200/ide/plugins/com.nxp.mcuxpresso.tools.linux_10.3.0.201811011841/tools/bin/../lib/gcc/arm-none-eabi/7.3.1/../../../../arm-none-eabi/lib/thumb/v7-m/libcr_c.a(_writebuf.o)
 .comment       0x000000000000007f       0x80 /usr/local/mcuxpressoide-10.3.0_2200/ide/plugins/com.nxp.mcuxpresso.tools.linux_10.3.0.201811011841/tools/bin/../lib/gcc/arm-none-eabi/7.3.1/../../../../arm-none-eabi/lib/thumb/v7-m/libcr_c.a(alloc.o)
 .comment       0x000000000000007f       0x80 /usr/local/mcuxpressoide-10.3.0_2200/ide/plugins/com.nxp.mcuxpresso.tools.linux_10.3.0.201811011841/tools/bin/../lib/gcc/arm-none-eabi/7.3.1/../../../../arm-none-eabi/lib/thumb/v7-m/libcr_c.a(errno.o)
 .comment       0x000000000000007f       0x80 /usr/local/mcuxpressoide-10.3.0_2200/ide/plugins/com.nxp.mcuxpresso.tools.linux_10.3.0.201811011841/tools/bin/../lib/gcc/arm-none-eabi/7.3.1/../../../../arm-none-eabi/lib/thumb/v7-m/libcr_c.a(fclose.o)
 .comment       0x000000000000007f       0x80 /usr/local/mcuxpressoide-10.3.0_2200/ide/plugins/com.nxp.mcuxpresso.tools.linux_10.3.0.201811011841/tools/bin/../lib/gcc/arm-none-eabi/7.3.1/../../../../arm-none-eabi/lib/thumb/v7-m/libcr_c.a(fflush.o)
 .comment       0x000000000000007f       0x80 /usr/local/mcuxpressoide-10.3.0_2200/ide/plugins/com.nxp.mcuxpresso.tools.linux_10.3.0.201811011841/tools/bin/../lib/gcc/arm-none-eabi/7.3.1/../../../../arm-none-eabi/lib/thumb/v7-m/libcr_c.a(fseek.o)
 .comment       0x000000000000007f       0x80 /usr/local/mcuxpressoide-10.3.0_2200/ide/plugins/com.nxp.mcuxpresso.tools.linux_10.3.0.201811011841/tools/bin/../lib/gcc/arm-none-eabi/7.3.1/../../../../arm-none-eabi/lib/thumb/v7-m/libcr_c.a(ftell.o)
 .comment       0x000000000000007f       0x80 /usr/local/mcuxpressoide-10.3.0_2200/ide/plugins/com.nxp.mcuxpresso.tools.linux_10.3.0.201811011841/tools/bin/../lib/gcc/arm-none-eabi/7.3.1/../../../../arm-none-eabi/lib/thumb/v7-m/libcr_c.a(remove.o)
 .comment       0x000000000000007f       0x80 /usr/local/mcuxpressoide-10.3.0_2200/ide/plugins/com.nxp.mcuxpresso.tools.linux_10.3.0.201811011841/tools/bin/../lib/gcc/arm-none-eabi/7.3.1/../../../../arm-none-eabi/lib/thumb/v7-m/libcr_c.a(__init_alloc.o)
 .comment       0x000000000000007f       0x80 /usr/local/mcuxpressoide-10.3.0_2200/ide/plugins/com.nxp.mcuxpresso.tools.linux_10.3.0.201811011841/tools/bin/../lib/gcc/arm-none-eabi/7.3.1/../../../../arm-none-eabi/lib/thumb/v7-m/libcr_c.a(_cr_sbrk.o)
 .comment       0x000000000000007f       0x80 /usr/local/mcuxpressoide-10.3.0_2200/ide/plugins/com.nxp.mcuxpresso.tools.linux_10.3.0.201811011841/tools/bin/../lib/gcc/arm-none-eabi/7.3.1/../../../../arm-none-eabi/lib/thumb/v7-m/libcr_c.a(_do_fflush.o)
 .comment       0x000000000000007f       0x80 /usr/local/mcuxpressoide-10.3.0_2200/ide/plugins/com.nxp.mcuxpresso.tools.linux_10.3.0.201811011841/tools/bin/../lib/gcc/arm-none-eabi/7.3.1/../../../../arm-none-eabi/lib/thumb/v7-m/libcr_c.a(_hugeval.o)
 .comment       0x000000000000007f       0x80 /usr/local/mcuxpressoide-10.3.0_2200/ide/plugins/com.nxp.mcuxpresso.tools.linux_10.3.0.201811011841/tools/bin/../lib/gcc/arm-none-eabi/7.3.1/../../../../arm-none-eabi/lib/thumb/v7-m/libcr_c.a(_cr_check_heap.o)
 .comment       0x000000000000007f       0x80 /usr/local/mcuxpressoide-10.3.0_2200/ide/plugins/com.nxp.mcuxpresso.tools.linux_10.3.0.201811011841/tools/bin/../lib/gcc/arm-none-eabi/7.3.1/thumb/v7-m/libcr_eabihelpers.a(double.o)
 .comment       0x000000000000007f       0x80 /usr/local/mcuxpressoide-10.3.0_2200/ide/plugins/com.nxp.mcuxpresso.tools.linux_10.3.0.201811011841/tools/bin/../lib/gcc/arm-none-eabi/7.3.1/../../../../arm-none-eabi/lib/thumb/v7-m/libcr_semihost.a(__ciob.o)

.ARM.attributes
                0x0000000000000000       0x31
 .ARM.attributes
                0x0000000000000000       0x33 ./src/cr_startup_lpc175x_6x.o
 .ARM.attributes
                0x0000000000000033       0x33 ./src/crp.o
 .ARM.attributes
                0x0000000000000066       0x33 ./src/ssp.o
 .ARM.attributes
                0x0000000000000099       0x33 ./src/testHorloge.o
 .ARM.attributes
                0x00000000000000cc       0x33 /home/simon/Sync/Domotic/rs485/firmware/CMSIS_CORE_LPC17xx/Debug/libCMSIS_CORE_LPC17xx.a(system_LPC17xx.o)
 .ARM.attributes
                0x00000000000000ff       0x33 /usr/local/mcuxpressoide-10.3.0_2200/ide/plugins/com.nxp.mcuxpresso.tools.linux_10.3.0.201811011841/tools/bin/../lib/gcc/arm-none-eabi/7.3.1/../../../../arm-none-eabi/lib/thumb/v7-m/libcr_semihost.a(_cr__main.o)
 .ARM.attributes
                0x0000000000000132       0x33 /usr/local/mcuxpressoide-10.3.0_2200/ide/plugins/com.nxp.mcuxpresso.tools.linux_10.3.0.201811011841/tools/bin/../lib/gcc/arm-none-eabi/7.3.1/../../../../arm-none-eabi/lib/thumb/v7-m/libcr_c.a(fpprintf.o)
 .ARM.attributes
                0x0000000000000165       0x33 /usr/local/mcuxpressoide-10.3.0_2200/ide/plugins/com.nxp.mcuxpresso.tools.linux_10.3.0.201811011841/tools/bin/../lib/gcc/arm-none-eabi/7.3.1/../../../../arm-none-eabi/lib/thumb/v7-m/libcr_c.a(initio.o)
 .ARM.attributes
                0x0000000000000198       0x33 /usr/local/mcuxpressoide-10.3.0_2200/ide/plugins/com.nxp.mcuxpresso.tools.linux_10.3.0.201811011841/tools/bin/../lib/gcc/arm-none-eabi/7.3.1/../../../../arm-none-eabi/lib/thumb/v7-m/libcr_c.a(printf.o)
 .ARM.attributes
                0x00000000000001cb       0x33 /usr/local/mcuxpressoide-10.3.0_2200/ide/plugins/com.nxp.mcuxpresso.tools.linux_10.3.0.201811011841/tools/bin/../lib/gcc/arm-none-eabi/7.3.1/../../../../arm-none-eabi/lib/thumb/v7-m/libcr_c.a(setvbuf.o)
 .ARM.attributes
                0x00000000000001fe       0x33 /usr/local/mcuxpressoide-10.3.0_2200/ide/plugins/com.nxp.mcuxpresso.tools.linux_10.3.0.201811011841/tools/bin/../lib/gcc/arm-none-eabi/7.3.1/../../../../arm-none-eabi/lib/thumb/v7-m/libcr_c.a(strlen.o)
 .ARM.attributes
                0x0000000000000231       0x33 /usr/local/mcuxpressoide-10.3.0_2200/ide/plugins/com.nxp.mcuxpresso.tools.linux_10.3.0.201811011841/tools/bin/../lib/gcc/arm-none-eabi/7.3.1/../../../../arm-none-eabi/lib/thumb/v7-m/libcr_c.a(memset.o)
 .ARM.attributes
                0x0000000000000264       0x33 /usr/local/mcuxpressoide-10.3.0_2200/ide/plugins/com.nxp.mcuxpresso.tools.linux_10.3.0.201811011841/tools/bin/../lib/gcc/arm-none-eabi/7.3.1/../../../../arm-none-eabi/lib/thumb/v7-m/libcr_c.a(_deferredlazyseek.o)
 .ARM.attributes
                0x0000000000000297       0x33 /usr/local/mcuxpressoide-10.3.0_2200/ide/plugins/com.nxp.mcuxpresso.tools.linux_10.3.0.201811011841/tools/bin/../lib/gcc/arm-none-eabi/7.3.1/../../../../arm-none-eabi/lib/thumb/v7-m/libcr_c.a(_fdopen.o)
 .ARM.attributes
                0x00000000000002ca       0x33 /usr/local/mcuxpressoide-10.3.0_2200/ide/plugins/com.nxp.mcuxpresso.tools.linux_10.3.0.201811011841/tools/bin/../lib/gcc/arm-none-eabi/7.3.1/../../../../arm-none-eabi/lib/thumb/v7-m/libcr_c.a(_fflush.o)
 .ARM.attributes
                0x00000000000002fd       0x33 /usr/local/mcuxpressoide-10.3.0_2200/ide/plugins/com.nxp.mcuxpresso.tools.linux_10.3.0.201811011841/tools/bin/../lib/gcc/arm-none-eabi/7.3.1/../../../../arm-none-eabi/lib/thumb/v7-m/libcr_c.a(_frexpl.o)
 .ARM.attributes
                0x0000000000000330       0x33 /usr/local/mcuxpressoide-10.3.0_2200/ide/plugins/com.nxp.mcuxpresso.tools.linux_10.3.0.201811011841/tools/bin/../lib/gcc/arm-none-eabi/7.3.1/../../../../arm-none-eabi/lib/thumb/v7-m/libcr_c.a(_ldexpl.o)
 .ARM.attributes
                0x0000000000000363       0x33 /usr/local/mcuxpressoide-10.3.0_2200/ide/plugins/com.nxp.mcuxpresso.tools.linux_10.3.0.201811011841/tools/bin/../lib/gcc/arm-none-eabi/7.3.1/../../../../arm-none-eabi/lib/thumb/v7-m/libcr_c.a(_writebuf.o)
 .ARM.attributes
                0x0000000000000396       0x33 /usr/local/mcuxpressoide-10.3.0_2200/ide/plugins/com.nxp.mcuxpresso.tools.linux_10.3.0.201811011841/tools/bin/../lib/gcc/arm-none-eabi/7.3.1/../../../../arm-none-eabi/lib/thumb/v7-m/libcr_c.a(alloc.o)
 .ARM.attributes
                0x00000000000003c9       0x33 /usr/local/mcuxpressoide-10.3.0_2200/ide/plugins/com.nxp.mcuxpresso.tools.linux_10.3.0.201811011841/tools/bin/../lib/gcc/arm-none-eabi/7.3.1/../../../../arm-none-eabi/lib/thumb/v7-m/libcr_c.a(errno.o)
 .ARM.attributes
                0x00000000000003fc       0x33 /usr/local/mcuxpressoide-10.3.0_2200/ide/plugins/com.nxp.mcuxpresso.tools.linux_10.3.0.201811011841/tools/bin/../lib/gcc/arm-none-eabi/7.3.1/../../../../arm-none-eabi/lib/thumb/v7-m/libcr_c.a(fclose.o)
 .ARM.attributes
                0x000000000000042f       0x33 /usr/local/mcuxpressoide-10.3.0_2200/ide/plugins/com.nxp.mcuxpresso.tools.linux_10.3.0.201811011841/tools/bin/../lib/gcc/arm-none-eabi/7.3.1/../../../../arm-none-eabi/lib/thumb/v7-m/libcr_c.a(fflush.o)
 .ARM.attributes
                0x0000000000000462       0x33 /usr/local/mcuxpressoide-10.3.0_2200/ide/plugins/com.nxp.mcuxpresso.tools.linux_10.3.0.201811011841/tools/bin/../lib/gcc/arm-none-eabi/7.3.1/../../../../arm-none-eabi/lib/thumb/v7-m/libcr_c.a(fseek.o)
 .ARM.attributes
                0x0000000000000495       0x33 /usr/local/mcuxpressoide-10.3.0_2200/ide/plugins/com.nxp.mcuxpresso.tools.linux_10.3.0.201811011841/tools/bin/../lib/gcc/arm-none-eabi/7.3.1/../../../../arm-none-eabi/lib/thumb/v7-m/libcr_c.a(ftell.o)
 .ARM.attributes
                0x00000000000004c8       0x33 /usr/local/mcuxpressoide-10.3.0_2200/ide/plugins/com.nxp.mcuxpresso.tools.linux_10.3.0.201811011841/tools/bin/../lib/gcc/arm-none-eabi/7.3.1/../../../../arm-none-eabi/lib/thumb/v7-m/libcr_c.a(remove.o)
 .ARM.attributes
                0x00000000000004fb       0x33 /usr/local/mcuxpressoide-10.3.0_2200/ide/plugins/com.nxp.mcuxpresso.tools.linux_10.3.0.201811011841/tools/bin/../lib/gcc/arm-none-eabi/7.3.1/../../../../arm-none-eabi/lib/thumb/v7-m/libcr_c.a(__init_alloc.o)
 .ARM.attributes
                0x000000000000052e       0x33 /usr/local/mcuxpressoide-10.3.0_2200/ide/plugins/com.nxp.mcuxpresso.tools.linux_10.3.0.201811011841/tools/bin/../lib/gcc/arm-none-eabi/7.3.1/../../../../arm-none-eabi/lib/thumb/v7-m/libcr_c.a(_cr_sbrk.o)
 .ARM.attributes
                0x0000000000000561       0x33 /usr/local/mcuxpressoide-10.3.0_2200/ide/plugins/com.nxp.mcuxpresso.tools.linux_10.3.0.201811011841/tools/bin/../lib/gcc/arm-none-eabi/7.3.1/../../../../arm-none-eabi/lib/thumb/v7-m/libcr_c.a(_do_fflush.o)
 .ARM.attributes
                0x0000000000000594       0x33 /usr/local/mcuxpressoide-10.3.0_2200/ide/plugins/com.nxp.mcuxpresso.tools.linux_10.3.0.201811011841/tools/bin/../lib/gcc/arm-none-eabi/7.3.1/../../../../arm-none-eabi/lib/thumb/v7-m/libcr_c.a(_hugeval.o)
 .ARM.attributes
                0x00000000000005c7       0x33 /usr/local/mcuxpressoide-10.3.0_2200/ide/plugins/com.nxp.mcuxpresso.tools.linux_10.3.0.201811011841/tools/bin/../lib/gcc/arm-none-eabi/7.3.1/../../../../arm-none-eabi/lib/thumb/v7-m/libcr_c.a(_cr_check_heap.o)
 .ARM.attributes
                0x00000000000005fa       0x33 /usr/local/mcuxpressoide-10.3.0_2200/ide/plugins/com.nxp.mcuxpresso.tools.linux_10.3.0.201811011841/tools/bin/../lib/gcc/arm-none-eabi/7.3.1/thumb/v7-m/libcr_eabihelpers.a(double.o)
 .ARM.attributes
                0x000000000000062d       0x21 /usr/local/mcuxpressoide-10.3.0_2200/ide/plugins/com.nxp.mcuxpresso.tools.linux_10.3.0.201811011841/tools/bin/../lib/gcc/arm-none-eabi/7.3.1/thumb/v7-m/libcr_eabihelpers.a(memcpy.o)
 .ARM.attributes
                0x000000000000064e       0x33 /usr/local/mcuxpressoide-10.3.0_2200/ide/plugins/com.nxp.mcuxpresso.tools.linux_10.3.0.201811011841/tools/bin/../lib/gcc/arm-none-eabi/7.3.1/../../../../arm-none-eabi/lib/thumb/v7-m/libcr_semihost.a(__ciob.o)
 .ARM.attributes
                0x0000000000000681       0x21 /usr/local/mcuxpressoide-10.3.0_2200/ide/plugins/com.nxp.mcuxpresso.tools.linux_10.3.0.201811011841/tools/bin/../lib/gcc/arm-none-eabi/7.3.1/../../../../arm-none-eabi/lib/thumb/v7-m/libcr_semihost.a(__sys_appexit.o)
 .ARM.attributes
                0x00000000000006a2       0x21 /usr/local/mcuxpressoide-10.3.0_2200/ide/plugins/com.nxp.mcuxpresso.tools.linux_10.3.0.201811011841/tools/bin/../lib/gcc/arm-none-eabi/7.3.1/../../../../arm-none-eabi/lib/thumb/v7-m/libcr_semihost.a(__sys_close.o)
 .ARM.attributes
                0x00000000000006c3       0x21 /usr/local/mcuxpressoide-10.3.0_2200/ide/plugins/com.nxp.mcuxpresso.tools.linux_10.3.0.201811011841/tools/bin/../lib/gcc/arm-none-eabi/7.3.1/../../../../arm-none-eabi/lib/thumb/v7-m/libcr_semihost.a(__sys_flen.o)
 .ARM.attributes
                0x00000000000006e4       0x21 /usr/local/mcuxpressoide-10.3.0_2200/ide/plugins/com.nxp.mcuxpresso.tools.linux_10.3.0.201811011841/tools/bin/../lib/gcc/arm-none-eabi/7.3.1/../../../../arm-none-eabi/lib/thumb/v7-m/libcr_semihost.a(__sys_istty.o)
 .ARM.attributes
                0x0000000000000705       0x21 /usr/local/mcuxpressoide-10.3.0_2200/ide/plugins/com.nxp.mcuxpresso.tools.linux_10.3.0.201811011841/tools/bin/../lib/gcc/arm-none-eabi/7.3.1/../../../../arm-none-eabi/lib/thumb/v7-m/libcr_semihost.a(__sys_remove.o)
 .ARM.attributes
                0x0000000000000726       0x21 /usr/local/mcuxpressoide-10.3.0_2200/ide/plugins/com.nxp.mcuxpresso.tools.linux_10.3.0.201811011841/tools/bin/../lib/gcc/arm-none-eabi/7.3.1/../../../../arm-none-eabi/lib/thumb/v7-m/libcr_semihost.a(__sys_seek.o)
 .ARM.attributes
                0x0000000000000747       0x21 /usr/local/mcuxpressoide-10.3.0_2200/ide/plugins/com.nxp.mcuxpresso.tools.linux_10.3.0.201811011841/tools/bin/../lib/gcc/arm-none-eabi/7.3.1/../../../../arm-none-eabi/lib/thumb/v7-m/libcr_semihost.a(__sys_tmpnam.o)
 .ARM.attributes
                0x0000000000000768       0x21 /usr/local/mcuxpressoide-10.3.0_2200/ide/plugins/com.nxp.mcuxpresso.tools.linux_10.3.0.201811011841/tools/bin/../lib/gcc/arm-none-eabi/7.3.1/../../../../arm-none-eabi/lib/thumb/v7-m/libcr_semihost.a(__sys_write.o)

.debug_frame    0x0000000000000000      0x3b4
 .debug_frame   0x0000000000000000      0x170 ./src/cr_startup_lpc175x_6x.o
 .debug_frame   0x0000000000000170      0x148 ./src/ssp.o
 .debug_frame   0x00000000000002b8       0xc0 ./src/testHorloge.o
 .debug_frame   0x0000000000000378       0x3c /home/simon/Sync/Domotic/rs485/firmware/CMSIS_CORE_LPC17xx/Debug/libCMSIS_CORE_LPC17xx.a(system_LPC17xx.o)
