Archive member included to satisfy reference by file (symbol)

/usr/local/mcuxpressoide-10.3.0_2200/ide/plugins/com.nxp.mcuxpresso.tools.linux_10.3.0.201811011841/tools/bin/../lib/gcc/arm-none-eabi/7.3.1/../../../../arm-none-eabi/lib/thumb/v6-m/libcr_semihost.a(_cr__main.o)
                              ./src/cr_startup_lpc11xx.o (__main)
/usr/local/mcuxpressoide-10.3.0_2200/ide/plugins/com.nxp.mcuxpresso.tools.linux_10.3.0.201811011841/tools/bin/../lib/gcc/arm-none-eabi/7.3.1/../../../../arm-none-eabi/lib/thumb/v6-m/libcr_c.a(memcpy.o)
                              ./src/modbus.o (memcpy)
/usr/local/mcuxpressoide-10.3.0_2200/ide/plugins/com.nxp.mcuxpresso.tools.linux_10.3.0.201811011841/tools/bin/../lib/gcc/arm-none-eabi/7.3.1/../../../../arm-none-eabi/lib/thumb/v6-m/libcr_c.a(memset.o)
                              ./src/bme280.o (memset)
/usr/local/mcuxpressoide-10.3.0_2200/ide/plugins/com.nxp.mcuxpresso.tools.linux_10.3.0.201811011841/tools/bin/../lib/gcc/arm-none-eabi/7.3.1/../../../../arm-none-eabi/lib/thumb/v6-m/libcr_c.a(initio.o)
                              /usr/local/mcuxpressoide-10.3.0_2200/ide/plugins/com.nxp.mcuxpresso.tools.linux_10.3.0.201811011841/tools/bin/../lib/gcc/arm-none-eabi/7.3.1/../../../../arm-none-eabi/lib/thumb/v6-m/libcr_semihost.a(_cr__main.o) (_initio)
/usr/local/mcuxpressoide-10.3.0_2200/ide/plugins/com.nxp.mcuxpresso.tools.linux_10.3.0.201811011841/tools/bin/../lib/gcc/arm-none-eabi/7.3.1/../../../../arm-none-eabi/lib/thumb/v6-m/libcr_c.a(setvbuf.o)
                              /usr/local/mcuxpressoide-10.3.0_2200/ide/plugins/com.nxp.mcuxpresso.tools.linux_10.3.0.201811011841/tools/bin/../lib/gcc/arm-none-eabi/7.3.1/../../../../arm-none-eabi/lib/thumb/v6-m/libcr_c.a(initio.o) (setvbuf)
/usr/local/mcuxpressoide-10.3.0_2200/ide/plugins/com.nxp.mcuxpresso.tools.linux_10.3.0.201811011841/tools/bin/../lib/gcc/arm-none-eabi/7.3.1/../../../../arm-none-eabi/lib/thumb/v6-m/libcr_c.a(_fdopen.o)
                              /usr/local/mcuxpressoide-10.3.0_2200/ide/plugins/com.nxp.mcuxpresso.tools.linux_10.3.0.201811011841/tools/bin/../lib/gcc/arm-none-eabi/7.3.1/../../../../arm-none-eabi/lib/thumb/v6-m/libcr_c.a(initio.o) (_fdopen)
/usr/local/mcuxpressoide-10.3.0_2200/ide/plugins/com.nxp.mcuxpresso.tools.linux_10.3.0.201811011841/tools/bin/../lib/gcc/arm-none-eabi/7.3.1/../../../../arm-none-eabi/lib/thumb/v6-m/libcr_c.a(fclose.o)
                              /usr/local/mcuxpressoide-10.3.0_2200/ide/plugins/com.nxp.mcuxpresso.tools.linux_10.3.0.201811011841/tools/bin/../lib/gcc/arm-none-eabi/7.3.1/../../../../arm-none-eabi/lib/thumb/v6-m/libcr_c.a(initio.o) (fclose)
/usr/local/mcuxpressoide-10.3.0_2200/ide/plugins/com.nxp.mcuxpresso.tools.linux_10.3.0.201811011841/tools/bin/../lib/gcc/arm-none-eabi/7.3.1/../../../../arm-none-eabi/lib/thumb/v6-m/libcr_c.a(fflush.o)
                              /usr/local/mcuxpressoide-10.3.0_2200/ide/plugins/com.nxp.mcuxpresso.tools.linux_10.3.0.201811011841/tools/bin/../lib/gcc/arm-none-eabi/7.3.1/../../../../arm-none-eabi/lib/thumb/v6-m/libcr_c.a(fclose.o) (fflush)
/usr/local/mcuxpressoide-10.3.0_2200/ide/plugins/com.nxp.mcuxpresso.tools.linux_10.3.0.201811011841/tools/bin/../lib/gcc/arm-none-eabi/7.3.1/../../../../arm-none-eabi/lib/thumb/v6-m/libcr_c.a(fseek.o)
                              /usr/local/mcuxpressoide-10.3.0_2200/ide/plugins/com.nxp.mcuxpresso.tools.linux_10.3.0.201811011841/tools/bin/../lib/gcc/arm-none-eabi/7.3.1/../../../../arm-none-eabi/lib/thumb/v6-m/libcr_c.a(_fdopen.o) (fseek)
/usr/local/mcuxpressoide-10.3.0_2200/ide/plugins/com.nxp.mcuxpresso.tools.linux_10.3.0.201811011841/tools/bin/../lib/gcc/arm-none-eabi/7.3.1/../../../../arm-none-eabi/lib/thumb/v6-m/libcr_c.a(ftell.o)
                              /usr/local/mcuxpressoide-10.3.0_2200/ide/plugins/com.nxp.mcuxpresso.tools.linux_10.3.0.201811011841/tools/bin/../lib/gcc/arm-none-eabi/7.3.1/../../../../arm-none-eabi/lib/thumb/v6-m/libcr_c.a(fseek.o) (ftell)
/usr/local/mcuxpressoide-10.3.0_2200/ide/plugins/com.nxp.mcuxpresso.tools.linux_10.3.0.201811011841/tools/bin/../lib/gcc/arm-none-eabi/7.3.1/../../../../arm-none-eabi/lib/thumb/v6-m/libcr_c.a(remove.o)
                              /usr/local/mcuxpressoide-10.3.0_2200/ide/plugins/com.nxp.mcuxpresso.tools.linux_10.3.0.201811011841/tools/bin/../lib/gcc/arm-none-eabi/7.3.1/../../../../arm-none-eabi/lib/thumb/v6-m/libcr_c.a(fclose.o) (remove)
/usr/local/mcuxpressoide-10.3.0_2200/ide/plugins/com.nxp.mcuxpresso.tools.linux_10.3.0.201811011841/tools/bin/../lib/gcc/arm-none-eabi/7.3.1/../../../../arm-none-eabi/lib/thumb/v6-m/libcr_c.a(strlen.o)
                              /usr/local/mcuxpressoide-10.3.0_2200/ide/plugins/com.nxp.mcuxpresso.tools.linux_10.3.0.201811011841/tools/bin/../lib/gcc/arm-none-eabi/7.3.1/../../../../arm-none-eabi/lib/thumb/v6-m/libcr_c.a(remove.o) (strlen)
[...]
Memory Configuration

Name             Origin             Length             Attributes
MFlash32         0x0000000000000000 0x0000000000004000 xr
RamLoc8          0x0000000010000000 0x0000000000002000 xrw
*default*        0x0000000000000000 0xffffffffffffffff

Linker script and memory map

LOAD ./src/DS18B20.o
LOAD ./src/I2C.o
LOAD ./src/TLI4970.o
LOAD ./src/bme280.o
LOAD ./src/bme280_user.o
LOAD ./src/cr_startup_lpc11xx.o
LOAD ./src/crp.o
LOAD ./src/firmware.o
LOAD ./src/gpio.o
LOAD ./src/iap_driver.o
LOAD ./src/lcd_thermostat.o
LOAD ./src/main.o
LOAD ./src/modbus.o
LOAD ./src/oneWire.o
LOAD ./src/pwm.o
LOAD ./src/sht30.o
LOAD ./src/ssp.o
LOAD ./src/timer16.o
LOAD ./src/timer32.o
LOAD ./src/triac.o
LOAD ./src/uart.o
START GROUP
LOAD /usr/local/mcuxpressoide-10.3.0_2200/ide/plugins/com.nxp.mcuxpresso.tools.linux_10.3.0.201811011841/tools/bin/../lib/gcc/arm-none-eabi/7.3.1/../../../../arm-none-eabi/lib/thumb/v6-m/libcr_semihost.a
LOAD /usr/local/mcuxpressoide-10.3.0_2200/ide/plugins/com.nxp.mcuxpresso.tools.linux_10.3.0.201811011841/tools/bin/../lib/gcc/arm-none-eabi/7.3.1/../../../../arm-none-eabi/lib/thumb/v6-m/libcr_c.a
LOAD /usr/local/mcuxpressoide-10.3.0_2200/ide/plugins/com.nxp.mcuxpresso.tools.linux_10.3.0.201811011841/tools/bin/../lib/gcc/arm-none-eabi/7.3.1/thumb/v6-m/libcr_eabihelpers.a
END GROUP
                0x0000000000000000                __base_MFlash32 = 0x0
                0x0000000000000000                __base_Flash = 0x0
                0x0000000000004000                __top_MFlash32 = 0x4000
                0x0000000000004000                __top_Flash = 0x4000
                0x0000000010000000                __base_RamLoc8 = 0x10000000
                0x0000000010000000                __base_RAM = 0x10000000
                0x0000000010002000                __top_RamLoc8 = 0x10002000
                0x0000000010002000                __top_RAM = 0x10002000

.text           0x0000000000000000     0x26dc
 FILL mask 0xff
                0x0000000000000000                __vectors_start__ = ABSOLUTE (.)
 *(.isr_vector)
 .isr_vector    0x0000000000000000       0xc0 ./src/cr_startup_lpc11xx.o
                0x0000000000000000                g_pfnVectors
                0x00000000000000c0                . = ALIGN (0x4)
                0x00000000000000c0                __section_table_start = .
                0x00000000000000c0                __data_section_table = .
                0x00000000000000c0        0x4 LONG 0x26dc LOADADDR (.data)
                0x00000000000000c4        0x4 LONG 0x10000000 ADDR (.data)
                0x00000000000000c8        0x4 LONG 0x1a4 SIZEOF (.data)
                0x00000000000000cc                __data_section_table_end = .
                0x00000000000000cc                __bss_section_table = .
                0x00000000000000cc        0x4 LONG 0x100001a8 ADDR (.bss)
                0x00000000000000d0        0x4 LONG 0xac0 SIZEOF (.bss)
                0x00000000000000d4                __bss_section_table_end = .
                0x00000000000000d4                __section_table_end = .
 *(.after_vectors*)
 .after_vectors
                0x00000000000000d4       0x78 ./src/cr_startup_lpc11xx.o
                0x00000000000000d4                NMI_Handler
                0x00000000000000d6                HardFault_Handler
                0x00000000000000d8                SVC_Handler
                0x00000000000000da                PendSV_Handler
                0x00000000000000dc                SysTick_Handler
                0x00000000000000de                IntDefaultHandler
                0x00000000000000de                PIOINT1_IRQHandler
                0x00000000000000de                CAN_IRQHandler
                0x00000000000000de                ADC_IRQHandler
                0x00000000000000de                PIOINT2_IRQHandler
                0x00000000000000de                BOD_IRQHandler
                0x00000000000000de                WAKEUP_IRQHandler
                0x00000000000000de                I2C_IRQHandler
                0x00000000000000de                WDT_IRQHandler
                0x00000000000000de                PIOINT3_IRQHandler
                0x00000000000000e0                data_init
                0x00000000000000f6                bss_init
                0x0000000000000108                ResetISR
                0x00000000000002fc                . = 0x2fc
 *fill*         0x000000000000014c      0x1b0 ff
                0x00000000000002fc                PROVIDE (__CRP_WORD_START__ = .)
 *(.crp)
 .crp           0x00000000000002fc        0x4 ./src/crp.o
                0x00000000000002fc                CRP_WORD
                0x0000000000000300                PROVIDE (__CRP_WORD_END__ = .)
                0x0000000000000001                ASSERT (! ((__CRP_WORD_START__ == __CRP_WORD_END__)), Linker CRP Enabled, but no CRP_WORD provided within application)
 *(.text*)
 .text.firmwareStore
                0x0000000000000300       0x58 ./src/firmware.o
                0x0000000000000300                firmwareStore
 .text.firmwareDecode
                0x0000000000000358       0x30 ./src/firmware.o
                0x0000000000000358                firmwareDecode
 .text.iapInit  0x0000000000000388       0x20 ./src/iap_driver.o
                0x0000000000000388                iapInit
 .text.lcdInit  0x00000000000003a8       0xf4 ./src/lcd_thermostat.o
                0x00000000000003a8                lcdInit
 .text.lcdSet   0x000000000000049c      0x230 ./src/lcd_thermostat.o
                0x000000000000049c                lcdSet
 .text.modBusCallBackRead
                0x00000000000006cc      0x1b8 ./src/main.o
                0x00000000000006cc                modBusCallBackRead
 .text.modBusCallBackWrite
                0x0000000000000884       0x90 ./src/main.o
                0x0000000000000884                modBusCallBackWrite
 .text.configClock
                0x0000000000000914       0x6c ./src/main.o
                0x0000000000000914                configClock
 .text.main     0x0000000000000980      0x364 ./src/main.o
                0x0000000000000980                main
 .text.modeBusUartRx
                0x0000000000000ce4       0xa0 ./src/modbus.o
                0x0000000000000ce4                modeBusUartRx
 .text.modBusSetCallbackWrite
                0x0000000000000d84        0xc ./src/modbus.o
                0x0000000000000d84                modBusSetCallbackWrite
 .text.modBusSetCallbackRead
                0x0000000000000d90        0xc ./src/modbus.o
                0x0000000000000d90                modBusSetCallbackRead
 .text.modeBusInit
                0x0000000000000d9c       0x60 ./src/modbus.o
                0x0000000000000d9c                modeBusInit
 .text.modeBusSetAdresse
                0x0000000000000dfc       0x58 ./src/modbus.o
                0x0000000000000dfc                modeBusSetAdresse
 .text.modeBusCrc
                0x0000000000000e54       0x30 ./src/modbus.o
                0x0000000000000e54                modeBusCrc
 .text.modeBusSendPaquet
                0x0000000000000e84       0xa8 ./src/modbus.o
                0x0000000000000e84                modeBusSendPaquet
 .text.modeBusPaquetRead
                0x0000000000000f2c      0x1cc ./src/modbus.o
                0x0000000000000f2c                modeBusPaquetRead
 .text.TIMER32_0_IRQHandler
                0x00000000000010f8       0xb4 ./src/modbus.o
                0x00000000000010f8                TIMER32_0_IRQHandler
 .text.modeBusCompute
                0x00000000000011ac       0x48 ./src/modbus.o
                0x00000000000011ac                modeBusCompute
 .text.TIMER16_0_IRQHandler
                0x00000000000011f4      0x22c ./src/oneWire.o
                0x00000000000011f4                TIMER16_0_IRQHandler
 .text.pwmInit  0x0000000000001420       0x24 ./src/pwm.o
                0x0000000000001420                pwmInit
 .text.setPwm   0x0000000000001444       0x74 ./src/pwm.o
                0x0000000000001444                setPwm
 .text.TIMER32_1_IRQHandler
                0x00000000000014b8       0xc8 ./src/pwm.o
                0x00000000000014b8                TIMER32_1_IRQHandler
 .text.SSP0_IRQHandler
                0x0000000000001580       0x48 ./src/ssp.o
                0x0000000000001580                SSP0_IRQHandler
 .text.SSP1_IRQHandler
                0x00000000000015c8       0x48 ./src/ssp.o
                0x00000000000015c8                SSP1_IRQHandler
 .text.SSP_IOConfig
                0x0000000000001610       0x8c ./src/ssp.o
                0x0000000000001610                SSP_IOConfig
 .text.SSP_Init
                0x000000000000169c       0x84 ./src/ssp.o
                0x000000000000169c                SSP_Init
 .text.SSP_Send
                0x0000000000001720       0x64 ./src/ssp.o
                0x0000000000001720                SSP_Send
 .text.SSP_Send_16bit_nowait_end
                0x0000000000001784       0x30 ./src/ssp.o
                0x0000000000001784                SSP_Send_16bit_nowait_end
 .text.SSP_wait_end
                0x00000000000017b4       0x30 ./src/ssp.o
                0x00000000000017b4                SSP_wait_end
 .text.disable_timer16
                0x00000000000017e4       0x1c ./src/timer16.o
                0x00000000000017e4                disable_timer16
 .text.enable_timer32
                0x0000000000001800       0x1c ./src/timer32.o
                0x0000000000001800                enable_timer32
 .text.disable_timer32
                0x000000000000181c       0x1c ./src/timer32.o
                0x000000000000181c                disable_timer32
 .text.reset_timer32
                0x0000000000001838       0x24 ./src/timer32.o
                0x0000000000001838                reset_timer32
 .text.init_timer32
                0x000000000000185c       0x60 ./src/timer32.o
                0x000000000000185c                init_timer32
 .text.set_triac
                0x00000000000018bc       0x1c ./src/triac.o
                0x00000000000018bc                set_triac
 .text.PIOINT0_IRQHandler
                0x00000000000018d8       0x90 ./src/triac.o
                0x00000000000018d8                PIOINT0_IRQHandler
 .text.TIMER16_1_IRQHandler
                0x0000000000001968       0x98 ./src/triac.o
                0x0000000000001968                TIMER16_1_IRQHandler
 .text.UartSetCallback
                0x0000000000001a00        0xc ./src/uart.o
                0x0000000000001a00                UartSetCallback
 .text.UartIRQHandler
                0x0000000000001a0c       0x8c ./src/uart.o
                0x0000000000001a0c                UartIRQHandler
 .text.UartInit
                0x0000000000001a98       0xc0 ./src/uart.o
                0x0000000000001a98                UartInit
 .text.UartSend
                0x0000000000001b58       0x20 ./src/uart.o
                0x0000000000001b58                UartSend
 .text.__main   0x0000000000001b78        0xc /usr/local/mcuxpressoide-10.3.0_2200/ide/plugins/com.nxp.mcuxpresso.tools.linux_10.3.0.201811011841/tools/bin/../lib/gcc/arm-none-eabi/7.3.1/../../../../arm-none-eabi/lib/thumb/v6-m/libcr_semihost.a(_cr__main.o)
                0x0000000000001b78                __main
                0x0000000000001b78                __CR_SEMIHOST
 .text.memcpy   0x0000000000001b84        0x8 /usr/local/mcuxpressoide-10.3.0_2200/ide/plugins/com.nxp.mcuxpresso.tools.linux_10.3.0.201811011841/tools/bin/../lib/gcc/arm-none-eabi/7.3.1/../../../../arm-none-eabi/lib/thumb/v6-m/libcr_c.a(memcpy.o)
                0x0000000000001b84                memcpy
 .text.memset   0x0000000000001b8c        0x8 /usr/local/mcuxpressoide-10.3.0_2200/ide/plugins/com.nxp.mcuxpresso.tools.linux_10.3.0.201811011841/tools/bin/../lib/gcc/arm-none-eabi/7.3.1/../../../../arm-none-eabi/lib/thumb/v6-m/libcr_c.a(memset.o)
                0x0000000000001b8c                memset
 .text._initio  0x0000000000001b94       0x7c /usr/local/mcuxpressoide-10.3.0_2200/ide/plugins/com.nxp.mcuxpresso.tools.linux_10.3.0.201811011841/tools/bin/../lib/gcc/arm-none-eabi/7.3.1/../../../../arm-none-eabi/lib/thumb/v6-m/libcr_c.a(initio.o)
                0x0000000000001b94                _initio
 .text.setvbuf  0x0000000000001c10       0x48 /usr/local/mcuxpressoide-10.3.0_2200/ide/plugins/com.nxp.mcuxpresso.tools.linux_10.3.0.201811011841/tools/bin/../lib/gcc/arm-none-eabi/7.3.1/../../../../arm-none-eabi/lib/thumb/v6-m/libcr_c.a(setvbuf.o)
                0x0000000000001c10                setvbuf
 .text._fdopen  0x0000000000001c58       0x74 /usr/local/mcuxpressoide-10.3.0_2200/ide/plugins/com.nxp.mcuxpresso.tools.linux_10.3.0.201811011841/tools/bin/../lib/gcc/arm-none-eabi/7.3.1/../../../../arm-none-eabi/lib/thumb/v6-m/libcr_c.a(_fdopen.o)
                0x0000000000001c58                _fdopen
 .text.fclose   0x0000000000001ccc       0x5c /usr/local/mcuxpressoide-10.3.0_2200/ide/plugins/com.nxp.mcuxpresso.tools.linux_10.3.0.201811011841/tools/bin/../lib/gcc/arm-none-eabi/7.3.1/../../../../arm-none-eabi/lib/thumb/v6-m/libcr_c.a(fclose.o)
                0x0000000000001ccc                fclose
 .text.fflush   0x0000000000001d28       0x44 /usr/local/mcuxpressoide-10.3.0_2200/ide/plugins/com.nxp.mcuxpresso.tools.linux_10.3.0.201811011841/tools/bin/../lib/gcc/arm-none-eabi/7.3.1/../../../../arm-none-eabi/lib/thumb/v6-m/libcr_c.a(fflush.o)
                0x0000000000001d28                fflush
 .text.fseek    0x0000000000001d6c       0xf0 /usr/local/mcuxpressoide-10.3.0_2200/ide/plugins/com.nxp.mcuxpresso.tools.linux_10.3.0.201811011841/tools/bin/../lib/gcc/arm-none-eabi/7.3.1/../../../../arm-none-eabi/lib/thumb/v6-m/libcr_c.a(fseek.o)
                0x0000000000001d6c                fseek
 .text.ftell    0x0000000000001e5c       0x48 /usr/local/mcuxpressoide-10.3.0_2200/ide/plugins/com.nxp.mcuxpresso.tools.linux_10.3.0.201811011841/tools/bin/../lib/gcc/arm-none-eabi/7.3.1/../../../../arm-none-eabi/lib/thumb/v6-m/libcr_c.a(ftell.o)
                0x0000000000001e5c                ftell
 .text.remove   0x0000000000001ea4       0x12 /usr/local/mcuxpressoide-10.3.0_2200/ide/plugins/com.nxp.mcuxpresso.tools.linux_10.3.0.201811011841/tools/bin/../lib/gcc/arm-none-eabi/7.3.1/../../../../arm-none-eabi/lib/thumb/v6-m/libcr_c.a(remove.o)
                0x0000000000001ea4                remove
 *fill*         0x0000000000001eb6        0x2 ff
 .text.strlen   0x0000000000001eb8       0x58 /usr/local/mcuxpressoide-10.3.0_2200/ide/plugins/com.nxp.mcuxpresso.tools.linux_10.3.0.201811011841/tools/bin/../lib/gcc/arm-none-eabi/7.3.1/../../../../arm-none-eabi/lib/thumb/v6-m/libcr_c.a(strlen.o)
                0x0000000000001eb8                strlen
 .text._do_fflush
                0x0000000000001f10       0x44 /usr/local/mcuxpressoide-10.3.0_2200/ide/plugins/com.nxp.mcuxpresso.tools.linux_10.3.0.201811011841/tools/bin/../lib/gcc/arm-none-eabi/7.3.1/../../../../arm-none-eabi/lib/thumb/v6-m/libcr_c.a(_do_fflush.o)
                0x0000000000001f10                _do_fflush
 .text._fflush  0x0000000000001f54       0x5c /usr/local/mcuxpressoide-10.3.0_2200/ide/plugins/com.nxp.mcuxpresso.tools.linux_10.3.0.201811011841/tools/bin/../lib/gcc/arm-none-eabi/7.3.1/../../../../arm-none-eabi/lib/thumb/v6-m/libcr_c.a(_fflush.o)
                0x0000000000001f54                _fflush
 .text._Cwritebuf
                0x0000000000001fb0       0x68 /usr/local/mcuxpressoide-10.3.0_2200/ide/plugins/com.nxp.mcuxpresso.tools.linux_10.3.0.201811011841/tools/bin/../lib/gcc/arm-none-eabi/7.3.1/../../../../arm-none-eabi/lib/thumb/v6-m/libcr_c.a(_writebuf.o)
                0x0000000000001fb0                _Cwritebuf
 .text.free     0x0000000000002018       0x2c /usr/local/mcuxpressoide-10.3.0_2200/ide/plugins/com.nxp.mcuxpresso.tools.linux_10.3.0.201811011841/tools/bin/../lib/gcc/arm-none-eabi/7.3.1/../../../../arm-none-eabi/lib/thumb/v6-m/libcr_c.a(alloc.o)
                0x0000000000002018                free
 .text._deferredlazyseek
                0x0000000000002044       0x40 /usr/local/mcuxpressoide-10.3.0_2200/ide/plugins/com.nxp.mcuxpresso.tools.linux_10.3.0.201811011841/tools/bin/../lib/gcc/arm-none-eabi/7.3.1/../../../../arm-none-eabi/lib/thumb/v6-m/libcr_c.a(_deferredlazyseek.o)
                0x0000000000002044                _deferredlazyseek
 .text.__aeabi_division_idivmod
                0x0000000000002084       0x78 /usr/local/mcuxpressoide-10.3.0_2200/ide/plugins/com.nxp.mcuxpresso.tools.linux_10.3.0.201811011841/tools/bin/../lib/gcc/arm-none-eabi/7.3.1/thumb/v6-m/libcr_eabihelpers.a(division_32.o)
                0x0000000000002084                __aeabi_idiv
                0x0000000000002084                __aeabi_idivmod
                0x000000000000208a                __aeabi_uidiv
                0x000000000000208a                __aeabi_uidivmod
 .text.__aeabi_division_uldivmod
                0x00000000000020fc       0x5a /usr/local/mcuxpressoide-10.3.0_2200/ide/plugins/com.nxp.mcuxpresso.tools.linux_10.3.0.201811011841/tools/bin/../lib/gcc/arm-none-eabi/7.3.1/thumb/v6-m/libcr_eabihelpers.a(division_64.o)
                0x00000000000020fc                __aeabi_uldivmod
 .text.__aeabi_division_ldivmod
                0x0000000000002156       0x32 /usr/local/mcuxpressoide-10.3.0_2200/ide/plugins/com.nxp.mcuxpresso.tools.linux_10.3.0.201811011841/tools/bin/../lib/gcc/arm-none-eabi/7.3.1/thumb/v6-m/libcr_eabihelpers.a(division_64.o)
                0x0000000000002156                __aeabi_ldivmod
 .text.__aeabi_division_idiv0
                0x0000000000002188        0x2 /usr/local/mcuxpressoide-10.3.0_2200/ide/plugins/com.nxp.mcuxpresso.tools.linux_10.3.0.201811011841/tools/bin/../lib/gcc/arm-none-eabi/7.3.1/thumb/v6-m/libcr_eabihelpers.a(division_idiv0.o)
                0x0000000000002188                __aeabi_idiv0
 *fill*         0x000000000000218a        0x2 ff
 .text.__aeabi_ddiv
                0x000000000000218c      0x148 /usr/local/mcuxpressoide-10.3.0_2200/ide/plugins/com.nxp.mcuxpresso.tools.linux_10.3.0.201811011841/tools/bin/../lib/gcc/arm-none-eabi/7.3.1/thumb/v6-m/libcr_eabihelpers.a(double.o)
                0x000000000000218c                __aeabi_ddiv
 .text.__aeabi_d2uiz
                0x00000000000022d4       0x34 /usr/local/mcuxpressoide-10.3.0_2200/ide/plugins/com.nxp.mcuxpresso.tools.linux_10.3.0.201811011841/tools/bin/../lib/gcc/arm-none-eabi/7.3.1/thumb/v6-m/libcr_eabihelpers.a(double.o)
                0x00000000000022d4                __aeabi_d2uiz
 .text.__bhs_ui2d
                0x0000000000002308       0x5e /usr/local/mcuxpressoide-10.3.0_2200/ide/plugins/com.nxp.mcuxpresso.tools.linux_10.3.0.201811011841/tools/bin/../lib/gcc/arm-none-eabi/7.3.1/thumb/v6-m/libcr_eabihelpers.a(double.o)
                0x0000000000002308                __bhs_ui2d
 .text.__aeabi_ui2d
                0x0000000000002366        0xc /usr/local/mcuxpressoide-10.3.0_2200/ide/plugins/com.nxp.mcuxpresso.tools.linux_10.3.0.201811011841/tools/bin/../lib/gcc/arm-none-eabi/7.3.1/thumb/v6-m/libcr_eabihelpers.a(double.o)
                0x0000000000002366                __aeabi_ui2d
 .text.__aeabi_memcpy
                0x0000000000002372       0x2c /usr/local/mcuxpressoide-10.3.0_2200/ide/plugins/com.nxp.mcuxpresso.tools.linux_10.3.0.201811011841/tools/bin/../lib/gcc/arm-none-eabi/7.3.1/thumb/v6-m/libcr_eabihelpers.a(memcpy.o)
                0x0000000000002372                __aeabi_memcpy
                0x0000000000002372                __aeabi_memcpy4
                0x0000000000002372                __aeabi_memcpy8
 .text.__aeabi_memset_lowlevel
                0x000000000000239e       0x2a /usr/local/mcuxpressoide-10.3.0_2200/ide/plugins/com.nxp.mcuxpresso.tools.linux_10.3.0.201811011841/tools/bin/../lib/gcc/arm-none-eabi/7.3.1/thumb/v6-m/libcr_eabihelpers.a(memcpy.o)
                0x000000000000239e                __aeabi_lowlevel_memset
 .text.__sys_close
                0x00000000000023c8        0xc /usr/local/mcuxpressoide-10.3.0_2200/ide/plugins/com.nxp.mcuxpresso.tools.linux_10.3.0.201811011841/tools/bin/../lib/gcc/arm-none-eabi/7.3.1/../../../../arm-none-eabi/lib/thumb/v6-m/libcr_semihost.a(__sys_close.o)
                0x00000000000023c8                __sys_close
 .text.__sys_flen
                0x00000000000023d4        0xc /usr/local/mcuxpressoide-10.3.0_2200/ide/plugins/com.nxp.mcuxpresso.tools.linux_10.3.0.201811011841/tools/bin/../lib/gcc/arm-none-eabi/7.3.1/../../../../arm-none-eabi/lib/thumb/v6-m/libcr_semihost.a(__sys_flen.o)
                0x00000000000023d4                __sys_flen
 .text.__sys_istty
                0x00000000000023e0        0xc /usr/local/mcuxpressoide-10.3.0_2200/ide/plugins/com.nxp.mcuxpresso.tools.linux_10.3.0.201811011841/tools/bin/../lib/gcc/arm-none-eabi/7.3.1/../../../../arm-none-eabi/lib/thumb/v6-m/libcr_semihost.a(__sys_istty.o)
                0x00000000000023e0                __sys_istty
 .text.__sys_remove
                0x00000000000023ec        0xc /usr/local/mcuxpressoide-10.3.0_2200/ide/plugins/com.nxp.mcuxpresso.tools.linux_10.3.0.201811011841/tools/bin/../lib/gcc/arm-none-eabi/7.3.1/../../../../arm-none-eabi/lib/thumb/v6-m/libcr_semihost.a(__sys_remove.o)
                0x00000000000023ec                __sys_remove
 .text.__sys_seek
                0x00000000000023f8        0xc /usr/local/mcuxpressoide-10.3.0_2200/ide/plugins/com.nxp.mcuxpresso.tools.linux_10.3.0.201811011841/tools/bin/../lib/gcc/arm-none-eabi/7.3.1/../../../../arm-none-eabi/lib/thumb/v6-m/libcr_semihost.a(__sys_seek.o)
                0x00000000000023f8                __sys_seek
 .text.__sys_tmpnam
                0x0000000000002404        0xc /usr/local/mcuxpressoide-10.3.0_2200/ide/plugins/com.nxp.mcuxpresso.tools.linux_10.3.0.201811011841/tools/bin/../lib/gcc/arm-none-eabi/7.3.1/../../../../arm-none-eabi/lib/thumb/v6-m/libcr_semihost.a(__sys_tmpnam.o)
                0x0000000000002404                __sys_tmpnam
 .text.__sys_write
                0x0000000000002410        0xc /usr/local/mcuxpressoide-10.3.0_2200/ide/plugins/com.nxp.mcuxpresso.tools.linux_10.3.0.201811011841/tools/bin/../lib/gcc/arm-none-eabi/7.3.1/../../../../arm-none-eabi/lib/thumb/v6-m/libcr_semihost.a(__sys_write.o)
                0x0000000000002410                __sys_write
 *fill*         0x000000000000241c        0x4 ff
 .text.__sys_write.__stub
                0x0000000000002420       0x40 linker stubs
 *(.rodata .rodata.* .constdata .constdata.*)
 .rodata        0x0000000000002460        0xa ./src/lcd_thermostat.o
 *fill*         0x000000000000246a        0x2 ff
 .rodata.BIT_SW
                0x000000000000246c        0x4 ./src/main.o
 .rodata.PORT_SW
                0x0000000000002470        0x4 ./src/main.o
 .rodata.modeBusPaquetRead
                0x0000000000002474       0x44 ./src/modbus.o
 .rodata.wCRCTable
                0x00000000000024b8      0x200 ./src/modbus.o
 .rodata.TIMER16_0_IRQHandler
                0x00000000000026b8       0x18 ./src/oneWire.o
 .rodata.pwmOrder
                0x00000000000026d0        0x3 ./src/pwm.o
 .rodata._initio.str1.1
                0x00000000000026d3        0x4 /usr/local/mcuxpressoide-10.3.0_2200/ide/plugins/com.nxp.mcuxpresso.tools.linux_10.3.0.201811011841/tools/bin/../lib/gcc/arm-none-eabi/7.3.1/../../../../arm-none-eabi/lib/thumb/v6-m/libcr_c.a(initio.o)
 *fill*         0x00000000000026d7        0x1 ff
 .rodata.__num_Ciob_streams
                0x00000000000026d8        0x4 /usr/local/mcuxpressoide-10.3.0_2200/ide/plugins/com.nxp.mcuxpresso.tools.linux_10.3.0.201811011841/tools/bin/../lib/gcc/arm-none-eabi/7.3.1/../../../../arm-none-eabi/lib/thumb/v6-m/libcr_semihost.a(__ciob.o)
                0x00000000000026d8                __num_Ciob_streams
                0x00000000000026dc                . = ALIGN (0x4)

.glue_7         0x00000000000026dc        0x0
 .glue_7        0x00000000000026dc        0x0 linker stubs

.glue_7t        0x00000000000026dc        0x0
 .glue_7t       0x00000000000026dc        0x0 linker stubs

.vfp11_veneer   0x00000000000026dc        0x0
 .vfp11_veneer  0x00000000000026dc        0x0 linker stubs

.v4_bx          0x00000000000026dc        0x0
 .v4_bx         0x00000000000026dc        0x0 linker stubs

.iplt           0x00000000000026dc        0x0
 .iplt          0x00000000000026dc        0x0 ./src/cr_startup_lpc11xx.o

.rel.dyn        0x00000000000026dc        0x0
 .rel.iplt      0x00000000000026dc        0x0 ./src/cr_startup_lpc11xx.o

.ARM.extab
 *(.ARM.extab* .gnu.linkonce.armextab.*)
                0x00000000000026dc                __exidx_start = .

.ARM.exidx
 *(.ARM.exidx* .gnu.linkonce.armexidx.*)
                0x00000000000026dc                __exidx_end = .
                0x00000000000026dc                _etext = .

.uninit_RESERVED
                0x0000000010000000        0x0
 *(.bss.$RESERVED*)
                0x0000000010000000                . = ALIGN (0x4)
                0x0000000010000000                _end_uninit_RESERVED = .

.data           0x0000000010000000      0x1a4 load address 0x00000000000026dc
 FILL mask 0xff
                0x0000000010000000                _data = .
 *(vtable)
 *(.ramfunc*)
 .ramfunc.$RAM  0x0000000010000000       0xdc ./src/firmware.o
                0x0000000010000000                firmwareFlash
 .ramfunc.$RAM  0x00000000100000dc       0x78 ./src/iap_driver.o
                0x00000000100000dc                iapEraseSector
                0x0000000010000108                iapPrepareSector
                0x0000000010000128                iapCopyRamToFlash
 *fill*         0x0000000010000154        0x4 ff
 .ramfunc.$RAM.__stub
                0x0000000010000158       0x20 linker stubs
 *(.data*)
 .data.numberTo7seg
                0x0000000010000178        0xa ./src/lcd_thermostat.o
                0x0000000010000178                numberTo7seg
 *fill*         0x0000000010000182        0x2 ff
 .data.numberTo7segHour
                0x0000000010000184        0xa ./src/lcd_thermostat.o
                0x0000000010000184                numberTo7segHour
 *fill*         0x000000001000018e        0x2 ff
 .data.out      0x0000000010000190        0x8 ./src/main.o
 .data.modeBusaddress
                0x0000000010000198        0x1 ./src/modbus.o
                0x0000000010000198                modeBusaddress
 .data.state    0x0000000010000199        0x1 ./src/modbus.o
 .data.mode     0x000000001000019a        0x1 ./src/oneWire.o
 .data.state_1W
                0x000000001000019b        0x1 ./src/oneWire.o
 .data.power    0x000000001000019c        0x4 ./src/triac.o
 .data.UARTTxEmpty
                0x00000000100001a0        0x1 ./src/uart.o
                0x00000000100001a0                UARTTxEmpty
                0x00000000100001a4                . = ALIGN (0x4)
 *fill*         0x00000000100001a1        0x3 ff
                0x00000000100001a4                _edata = .

.igot.plt       0x00000000100001a4        0x0 load address 0x0000000000002880
 .igot.plt      0x00000000100001a4        0x0 ./src/cr_startup_lpc11xx.o

.bss            0x00000000100001a8      0xac0 load address 0x0000000000002880
                0x00000000100001a8                _bss = .
 *(.bss*)
 .bss.SystemCoreClock_1000
                0x00000000100001a8        0x4 ./src/iap_driver.o
                0x00000000100001a8                SystemCoreClock_1000
 .bss.cpu_split.4613
                0x00000000100001ac        0x4 ./src/lcd_thermostat.o
 .bss.data.4614
                0x00000000100001b0        0xb ./src/lcd_thermostat.o
 *fill*         0x00000000100001bb        0x5 
 .bss.ID_DS18B20
                0x00000000100001c0        0x8 ./src/main.o
 .bss.SystemCoreClock
                0x00000000100001c8        0x4 ./src/main.o
                0x00000000100001c8                SystemCoreClock
 .bss.current_sensor_enable
                0x00000000100001cc        0x1 ./src/main.o
 *fill*         0x00000000100001cd        0x3 
 .bss.flag_pressed
                0x00000000100001d0        0x4 ./src/main.o
 .bss.humidity  0x00000000100001d4        0x2 ./src/main.o
 .bss.pressure  0x00000000100001d6        0x2 ./src/main.o
 .bss.puissance230v
                0x00000000100001d8        0x2 ./src/main.o
 *fill*         0x00000000100001da        0x2 
 .bss.state_switch
                0x00000000100001dc        0x4 ./src/main.o
 .bss.temperature_DS18B20
                0x00000000100001e0        0x2 ./src/main.o
 .bss.temperature_ext
                0x00000000100001e2        0x2 ./src/main.o
 .bss.callBackRead
                0x00000000100001e4        0x4 ./src/modbus.o
                0x00000000100001e4                callBackRead
 .bss.callBackWrite
                0x00000000100001e8        0x4 ./src/modbus.o
                0x00000000100001e8                callBackWrite
 .bss.flagSendPaquet
                0x00000000100001ec        0x1 ./src/modbus.o
                0x00000000100001ec                flagSendPaquet
 *fill*         0x00000000100001ed        0x3 
 .bss.numByteaddress
                0x00000000100001f0        0x4 ./src/modbus.o
 .bss.paquet    0x00000000100001f4      0x418 ./src/modbus.o
 .bss.paquetToSend
                0x000000001000060c      0x418 ./src/modbus.o
                0x000000001000060c                paquetToSend
 .bss.data1wireRd
                0x0000000010000a24        0xa ./src/oneWire.o
 *fill*         0x0000000010000a2e        0x2 
 .bss.data1wireWr
                0x0000000010000a30        0xa ./src/oneWire.o
 *fill*         0x0000000010000a3a        0x2 
 .bss.lentgh_read
                0x0000000010000a3c        0x4 ./src/oneWire.o
 .bss.lentgh_write
                0x0000000010000a40        0x4 ./src/oneWire.o
 .bss.pos_data  0x0000000010000a44        0x4 ./src/oneWire.o
 .bss.flag_new_1ms
                0x0000000010000a48        0x1 ./src/pwm.o
                0x0000000010000a48                flag_new_1ms
 .bss.flag_new_sec
                0x0000000010000a49        0x1 ./src/pwm.o
                0x0000000010000a49                flag_new_sec
 *fill*         0x0000000010000a4a        0x6 
 .bss.time      0x0000000010000a50        0x8 ./src/pwm.o
                0x0000000010000a50                time
 .bss.time_s    0x0000000010000a58        0x8 ./src/pwm.o
                0x0000000010000a58                time_s
 .bss.interruptOverRunStat0
                0x0000000010000a60        0x4 ./src/ssp.o
                0x0000000010000a60                interruptOverRunStat0
 .bss.interruptOverRunStat1
                0x0000000010000a64        0x4 ./src/ssp.o
                0x0000000010000a64                interruptOverRunStat1
 .bss.interruptRxStat0
                0x0000000010000a68        0x4 ./src/ssp.o
                0x0000000010000a68                interruptRxStat0
 .bss.interruptRxStat1
                0x0000000010000a6c        0x4 ./src/ssp.o
                0x0000000010000a6c                interruptRxStat1
 .bss.interruptRxTimeoutStat0
                0x0000000010000a70        0x4 ./src/ssp.o
                0x0000000010000a70                interruptRxTimeoutStat0
 .bss.interruptRxTimeoutStat1
                0x0000000010000a74        0x4 ./src/ssp.o
                0x0000000010000a74                interruptRxTimeoutStat1
 .bss.flagZeroCross
                0x0000000010000a78        0x4 ./src/triac.o
                0x0000000010000a78                flagZeroCross
 .bss.UARTStatus
                0x0000000010000a7c        0x4 ./src/uart.o
                0x0000000010000a7c                UARTStatus
 .bss.uart_cb   0x0000000010000a80        0x4 ./src/uart.o
                0x0000000010000a80                uart_cb
 .bss.errno     0x0000000010000a84        0x4 /usr/local/mcuxpressoide-10.3.0_2200/ide/plugins/com.nxp.mcuxpresso.tools.linux_10.3.0.201811011841/tools/bin/../lib/gcc/arm-none-eabi/7.3.1/../../../../arm-none-eabi/lib/thumb/v6-m/libcr_c.a(errno.o)
                0x0000000010000a84                errno
 .bss.__Ciob    0x0000000010000a88      0x1e0 /usr/local/mcuxpressoide-10.3.0_2200/ide/plugins/com.nxp.mcuxpresso.tools.linux_10.3.0.201811011841/tools/bin/../lib/gcc/arm-none-eabi/7.3.1/../../../../arm-none-eabi/lib/thumb/v6-m/libcr_semihost.a(__ciob.o)
                0x0000000010000a88                __Ciob
 *(COMMON)
                0x0000000010000c68                . = ALIGN (0x4)
                0x0000000010000c68                _ebss = .
                [!provide]                        PROVIDE (end = .)

.noinit         0x0000000010000c68        0x0 load address 0x0000000000002880
                0x0000000010000c68                _noinit = .
 *(.noinit*)
                0x0000000010000c68                . = ALIGN (0x4)
                0x0000000010000c68                _end_noinit = .
                0x0000000010000c68                PROVIDE (_pvHeapStart = DEFINED (__user_heap_base)?__user_heap_base:.)
                0x0000000010002000                PROVIDE (_vStackTop = DEFINED (__user_stack_top)?__user_stack_top:(__top_RamLoc8 - 0x0))
                0xffffffffefffdd4b                PROVIDE (__valid_user_code_checksum = (0x0 - (((_vStackTop + (ResetISR + 0x1)) + (DEFINED (NMI_Handler)?NMI_Handler:M0_NMI_Handler + 0x1)) + (DEFINED (HardFault_Handler)?HardFault_Handler:M0_HardFault_Handler + 0x1))))
                0x0000000000000000                _image_start = LOADADDR (.text)
                0x0000000000002880                _image_end = (LOADADDR (.data) + SIZEOF (.data))
                0x0000000000002880                _image_size = (_image_end - _image_start)
OUTPUT(rs485.axf elf32-littlearm)

.debug_info     0x0000000000000000     0x7fb4
 .debug_info    0x0000000000000000      0x238 ./src/cr_startup_lpc11xx.o
 .debug_info    0x0000000000000238       0x3f ./src/crp.o
 .debug_info    0x0000000000000277      0x92d ./src/firmware.o
 .debug_info    0x0000000000000ba4      0x291 ./src/iap_driver.o
 .debug_info    0x0000000000000e35      0x9a0 ./src/lcd_thermostat.o
 .debug_info    0x00000000000017d5     0x14bc ./src/main.o
 .debug_info    0x0000000000002c91     0x1109 ./src/modbus.o
 .debug_info    0x0000000000003d9a      0x70e ./src/oneWire.o
 .debug_info    0x00000000000044a8      0x482 ./src/pwm.o
 .debug_info    0x000000000000492a      0xd05 ./src/ssp.o
 .debug_info    0x000000000000562f      0xd44 ./src/timer16.o
 .debug_info    0x0000000000006373      0x886 ./src/timer32.o
 .debug_info    0x0000000000006bf9      0x6c8 ./src/triac.o
 .debug_info    0x00000000000072c1      0xcf3 ./src/uart.o

.debug_abbrev   0x0000000000000000     0x1dfd
 .debug_abbrev  0x0000000000000000       0xde ./src/cr_startup_lpc11xx.o
 .debug_abbrev  0x00000000000000de       0x36 ./src/crp.o
 .debug_abbrev  0x0000000000000114      0x218 ./src/firmware.o
 .debug_abbrev  0x000000000000032c      0x156 ./src/iap_driver.o
 .debug_abbrev  0x0000000000000482      0x222 ./src/lcd_thermostat.o
 .debug_abbrev  0x00000000000006a4      0x391 ./src/main.o
 .debug_abbrev  0x0000000000000a35      0x368 ./src/modbus.o
 .debug_abbrev  0x0000000000000d9d      0x24a ./src/oneWire.o
 .debug_abbrev  0x0000000000000fe7      0x1fa ./src/pwm.o
 .debug_abbrev  0x00000000000011e1      0x28d ./src/ssp.o
 .debug_abbrev  0x000000000000146e      0x2ad ./src/timer16.o
 .debug_abbrev  0x000000000000171b      0x214 ./src/timer32.o
 .debug_abbrev  0x000000000000192f      0x257 ./src/triac.o
 .debug_abbrev  0x0000000000001b86      0x277 ./src/uart.o

.debug_loc      0x0000000000000000     0x1831
 .debug_loc     0x0000000000000000      0x1cc ./src/cr_startup_lpc11xx.o
 .debug_loc     0x00000000000001cc      0x245 ./src/firmware.o
 .debug_loc     0x0000000000000411      0x12f ./src/iap_driver.o
 .debug_loc     0x0000000000000540       0x2a ./src/lcd_thermostat.o
 .debug_loc     0x000000000000056a      0x713 ./src/main.o
 .debug_loc     0x0000000000000c7d      0x3d8 ./src/modbus.o
 .debug_loc     0x0000000000001055      0x189 ./src/oneWire.o
 .debug_loc     0x00000000000011de       0x49 ./src/pwm.o
 .debug_loc     0x0000000000001227      0x1d4 ./src/ssp.o
 .debug_loc     0x00000000000013fb      0x1e4 ./src/timer16.o
 .debug_loc     0x00000000000015df      0x10a ./src/timer32.o
 .debug_loc     0x00000000000016e9       0x32 ./src/triac.o
 .debug_loc     0x000000000000171b      0x116 ./src/uart.o

.debug_aranges  0x0000000000000000      0x368
 .debug_aranges
                0x0000000000000000       0x60 ./src/cr_startup_lpc11xx.o
 .debug_aranges
                0x0000000000000060       0x18 ./src/crp.o
 .debug_aranges
                0x0000000000000078       0x30 ./src/firmware.o
 .debug_aranges
                0x00000000000000a8       0x38 ./src/iap_driver.o
 .debug_aranges
                0x00000000000000e0       0x28 ./src/lcd_thermostat.o
 .debug_aranges
                0x0000000000000108       0x38 ./src/main.o
 .debug_aranges
                0x0000000000000140       0x68 ./src/modbus.o
 .debug_aranges
                0x00000000000001a8       0x38 ./src/oneWire.o
 .debug_aranges
                0x00000000000001e0       0x30 ./src/pwm.o
 .debug_aranges
                0x0000000000000210       0x58 ./src/ssp.o
 .debug_aranges
                0x0000000000000268       0x50 ./src/timer16.o
 .debug_aranges
                0x00000000000002b8       0x40 ./src/timer32.o
 .debug_aranges
                0x00000000000002f8       0x38 ./src/triac.o
 .debug_aranges
                0x0000000000000330       0x38 ./src/uart.o

.debug_ranges   0x0000000000000000      0x358
 .debug_ranges  0x0000000000000000       0x50 ./src/cr_startup_lpc11xx.o
 .debug_ranges  0x0000000000000050       0x38 ./src/firmware.o
 .debug_ranges  0x0000000000000088       0x28 ./src/iap_driver.o
 .debug_ranges  0x00000000000000b0       0x18 ./src/lcd_thermostat.o
 .debug_ranges  0x00000000000000c8       0x58 ./src/main.o
 .debug_ranges  0x0000000000000120       0xd0 ./src/modbus.o
 .debug_ranges  0x00000000000001f0       0x40 ./src/oneWire.o
 .debug_ranges  0x0000000000000230       0x20 ./src/pwm.o
 .debug_ranges  0x0000000000000250       0x48 ./src/ssp.o
 .debug_ranges  0x0000000000000298       0x40 ./src/timer16.o
 .debug_ranges  0x00000000000002d8       0x30 ./src/timer32.o
 .debug_ranges  0x0000000000000308       0x28 ./src/triac.o
 .debug_ranges  0x0000000000000330       0x28 ./src/uart.o

.debug_macro    0x0000000000000000      0xf26
 .debug_macro   0x0000000000000000       0x1d ./src/cr_startup_lpc11xx.o
 .debug_macro   0x000000000000001d       0x1a ./src/crp.o
 .debug_macro   0x0000000000000037       0x34 ./src/crp.o
 .debug_macro   0x000000000000006b       0xf2 ./src/firmware.o
 .debug_macro   0x000000000000015d       0x82 ./src/firmware.o
 .debug_macro   0x00000000000001df       0x10 ./src/firmware.o
 .debug_macro   0x00000000000001ef       0x10 ./src/firmware.o
 .debug_macro   0x00000000000001ff       0xa0 ./src/firmware.o
 .debug_macro   0x000000000000029f       0x2e ./src/firmware.o
 .debug_macro   0x00000000000002cd       0x16 ./src/firmware.o
 .debug_macro   0x00000000000002e3       0xd2 ./src/firmware.o
 .debug_macro   0x00000000000003b5       0xd3 ./src/iap_driver.o
 .debug_macro   0x0000000000000488      0x15b ./src/lcd_thermostat.o
 .debug_macro   0x00000000000005e3      0x1c7 ./src/main.o
 .debug_macro   0x00000000000007aa       0x16 ./src/main.o
 .debug_macro   0x00000000000007c0       0x52 ./src/main.o
 .debug_macro   0x0000000000000812       0xc4 ./src/main.o
 .debug_macro   0x00000000000008d6       0x10 ./src/main.o
 .debug_macro   0x00000000000008e6       0x10 ./src/main.o
 .debug_macro   0x00000000000008f6      0x11a ./src/modbus.o
 .debug_macro   0x0000000000000a10       0x28 ./src/modbus.o
 .debug_macro   0x0000000000000a38       0xc2 ./src/oneWire.o
 .debug_macro   0x0000000000000afa       0xb7 ./src/pwm.o
 .debug_macro   0x0000000000000bb1       0xc2 ./src/ssp.o
 .debug_macro   0x0000000000000c73       0x8d ./src/timer16.o
 .debug_macro   0x0000000000000d00       0x8e ./src/timer32.o
 .debug_macro   0x0000000000000d8e       0xd6 ./src/triac.o
 .debug_macro   0x0000000000000e64       0xc2 ./src/uart.o

.debug_line     0x0000000000000000     0x2a52
 .debug_line    0x0000000000000000       0x9c ./src/cr_startup_lpc11xx.o
 .debug_line    0x000000000000009c       0xb5 ./src/crp.o
 .debug_line    0x0000000000000151      0x42b ./src/firmware.o
 .debug_line    0x000000000000057c      0x2df ./src/iap_driver.o
 .debug_line    0x000000000000085b      0x2e4 ./src/lcd_thermostat.o
 .debug_line    0x0000000000000b3f      0x544 ./src/main.o
 .debug_line    0x0000000000001083      0x510 ./src/modbus.o
 .debug_line    0x0000000000001593      0x324 ./src/oneWire.o
 .debug_line    0x00000000000018b7      0x291 ./src/pwm.o
 .debug_line    0x0000000000001b48      0x387 ./src/ssp.o
 .debug_line    0x0000000000001ecf      0x337 ./src/timer16.o
 .debug_line    0x0000000000002206      0x2b8 ./src/timer32.o
 .debug_line    0x00000000000024be      0x2c0 ./src/triac.o
 .debug_line    0x000000000000277e      0x2d4 ./src/uart.o

.debug_str      0x0000000000000000     0xa37e
 .debug_str     0x0000000000000000     0x2e57 ./src/cr_startup_lpc11xx.o
                                       0x2e6a (size before relaxing)
 .debug_str     0x0000000000002e57       0xe9 ./src/crp.o
                                       0x2dba (size before relaxing)
 .debug_str     0x0000000000002f40     0x43b0 ./src/firmware.o
                                       0x71fa (size before relaxing)
 .debug_str     0x00000000000072f0      0x133 ./src/iap_driver.o
                                       0x68da (size before relaxing)
 .debug_str     0x0000000000007423     0x10de ./src/lcd_thermostat.o
                                       0x77bc (size before relaxing)
 .debug_str     0x0000000000008501     0x1642 ./src/main.o
                                       0x9480 (size before relaxing)
 .debug_str     0x0000000000009b43      0x2dd ./src/modbus.o
                                       0x7da8 (size before relaxing)
 .debug_str     0x0000000000009e20      0x239 ./src/oneWire.o
                                       0x6fe3 (size before relaxing)
 .debug_str     0x000000000000a059       0x32 ./src/pwm.o
                                       0x6ded (size before relaxing)
 .debug_str     0x000000000000a08b      0x112 ./src/ssp.o
                                       0x71f7 (size before relaxing)
 .debug_str     0x000000000000a19d       0xaa ./src/timer16.o
                                       0x6b67 (size before relaxing)
 .debug_str     0x000000000000a247       0x1b ./src/timer32.o
                                       0x6842 (size before relaxing)
 .debug_str     0x000000000000a262       0x80 ./src/triac.o
                                       0x70b6 (size before relaxing)
 .debug_str     0x000000000000a2e2       0x9c ./src/uart.o
                                       0x700a (size before relaxing)

.comment        0x0000000000000000       0x7f
 .comment       0x0000000000000000       0x7f ./src/cr_startup_lpc11xx.o
                                         0x80 (size before relaxing)
 .comment       0x000000000000007f       0x80 ./src/crp.o
 .comment       0x000000000000007f       0x80 ./src/firmware.o
 .comment       0x000000000000007f       0x80 ./src/iap_driver.o
 .comment       0x000000000000007f       0x80 ./src/lcd_thermostat.o
 .comment       0x000000000000007f       0x80 ./src/main.o
 .comment       0x000000000000007f       0x80 ./src/modbus.o
 .comment       0x000000000000007f       0x80 ./src/oneWire.o
 .comment       0x000000000000007f       0x80 ./src/pwm.o
 .comment       0x000000000000007f       0x80 ./src/ssp.o
 .comment       0x000000000000007f       0x80 ./src/timer16.o
 .comment       0x000000000000007f       0x80 ./src/timer32.o
 .comment       0x000000000000007f       0x80 ./src/triac.o
 .comment       0x000000000000007f       0x80 ./src/uart.o
 .comment       0x000000000000007f       0x80 /usr/local/mcuxpressoide-10.3.0_2200/ide/plugins/com.nxp.mcuxpresso.tools.linux_10.3.0.201811011841/tools/bin/../lib/gcc/arm-none-eabi/7.3.1/../../../../arm-none-eabi/lib/thumb/v6-m/libcr_semihost.a(_cr__main.o)
 .comment       0x000000000000007f       0x80 /usr/local/mcuxpressoide-10.3.0_2200/ide/plugins/com.nxp.mcuxpresso.tools.linux_10.3.0.201811011841/tools/bin/../lib/gcc/arm-none-eabi/7.3.1/../../../../arm-none-eabi/lib/thumb/v6-m/libcr_c.a(memcpy.o)
 .comment       0x000000000000007f       0x80 /usr/local/mcuxpressoide-10.3.0_2200/ide/plugins/com.nxp.mcuxpresso.tools.linux_10.3.0.201811011841/tools/bin/../lib/gcc/arm-none-eabi/7.3.1/../../../../arm-none-eabi/lib/thumb/v6-m/libcr_c.a(memset.o)
 .comment       0x000000000000007f       0x80 /usr/local/mcuxpressoide-10.3.0_2200/ide/plugins/com.nxp.mcuxpresso.tools.linux_10.3.0.201811011841/tools/bin/../lib/gcc/arm-none-eabi/7.3.1/../../../../arm-none-eabi/lib/thumb/v6-m/libcr_c.a(initio.o)
 .comment       0x000000000000007f       0x80 /usr/local/mcuxpressoide-10.3.0_2200/ide/plugins/com.nxp.mcuxpresso.tools.linux_10.3.0.201811011841/tools/bin/../lib/gcc/arm-none-eabi/7.3.1/../../../../arm-none-eabi/lib/thumb/v6-m/libcr_c.a(setvbuf.o)
 .comment       0x000000000000007f       0x80 /usr/local/mcuxpressoide-10.3.0_2200/ide/plugins/com.nxp.mcuxpresso.tools.linux_10.3.0.201811011841/tools/bin/../lib/gcc/arm-none-eabi/7.3.1/../../../../arm-none-eabi/lib/thumb/v6-m/libcr_c.a(_fdopen.o)
 .comment       0x000000000000007f       0x80 /usr/local/mcuxpressoide-10.3.0_2200/ide/plugins/com.nxp.mcuxpresso.tools.linux_10.3.0.201811011841/tools/bin/../lib/gcc/arm-none-eabi/7.3.1/../../../../arm-none-eabi/lib/thumb/v6-m/libcr_c.a(fclose.o)
 .comment       0x000000000000007f       0x80 /usr/local/mcuxpressoide-10.3.0_2200/ide/plugins/com.nxp.mcuxpresso.tools.linux_10.3.0.201811011841/tools/bin/../lib/gcc/arm-none-eabi/7.3.1/../../../../arm-none-eabi/lib/thumb/v6-m/libcr_c.a(fflush.o)
 .comment       0x000000000000007f       0x80 /usr/local/mcuxpressoide-10.3.0_2200/ide/plugins/com.nxp.mcuxpresso.tools.linux_10.3.0.201811011841/tools/bin/../lib/gcc/arm-none-eabi/7.3.1/../../../../arm-none-eabi/lib/thumb/v6-m/libcr_c.a(fseek.o)
 .comment       0x000000000000007f       0x80 /usr/local/mcuxpressoide-10.3.0_2200/ide/plugins/com.nxp.mcuxpresso.tools.linux_10.3.0.201811011841/tools/bin/../lib/gcc/arm-none-eabi/7.3.1/../../../../arm-none-eabi/lib/thumb/v6-m/libcr_c.a(ftell.o)
 .comment       0x000000000000007f       0x80 /usr/local/mcuxpressoide-10.3.0_2200/ide/plugins/com.nxp.mcuxpresso.tools.linux_10.3.0.201811011841/tools/bin/../lib/gcc/arm-none-eabi/7.3.1/../../../../arm-none-eabi/lib/thumb/v6-m/libcr_c.a(remove.o)
 .comment       0x000000000000007f       0x80 /usr/local/mcuxpressoide-10.3.0_2200/ide/plugins/com.nxp.mcuxpresso.tools.linux_10.3.0.201811011841/tools/bin/../lib/gcc/arm-none-eabi/7.3.1/../../../../arm-none-eabi/lib/thumb/v6-m/libcr_c.a(strlen.o)
 .comment       0x000000000000007f       0x80 /usr/local/mcuxpressoide-10.3.0_2200/ide/plugins/com.nxp.mcuxpresso.tools.linux_10.3.0.201811011841/tools/bin/../lib/gcc/arm-none-eabi/7.3.1/../../../../arm-none-eabi/lib/thumb/v6-m/libcr_c.a(_do_fflush.o)
 .comment       0x000000000000007f       0x80 /usr/local/mcuxpressoide-10.3.0_2200/ide/plugins/com.nxp.mcuxpresso.tools.linux_10.3.0.201811011841/tools/bin/../lib/gcc/arm-none-eabi/7.3.1/../../../../arm-none-eabi/lib/thumb/v6-m/libcr_c.a(_fflush.o)
 .comment       0x000000000000007f       0x80 /usr/local/mcuxpressoide-10.3.0_2200/ide/plugins/com.nxp.mcuxpresso.tools.linux_10.3.0.201811011841/tools/bin/../lib/gcc/arm-none-eabi/7.3.1/../../../../arm-none-eabi/lib/thumb/v6-m/libcr_c.a(_writebuf.o)
 .comment       0x000000000000007f       0x80 /usr/local/mcuxpressoide-10.3.0_2200/ide/plugins/com.nxp.mcuxpresso.tools.linux_10.3.0.201811011841/tools/bin/../lib/gcc/arm-none-eabi/7.3.1/../../../../arm-none-eabi/lib/thumb/v6-m/libcr_c.a(alloc.o)
 .comment       0x000000000000007f       0x80 /usr/local/mcuxpressoide-10.3.0_2200/ide/plugins/com.nxp.mcuxpresso.tools.linux_10.3.0.201811011841/tools/bin/../lib/gcc/arm-none-eabi/7.3.1/../../../../arm-none-eabi/lib/thumb/v6-m/libcr_c.a(errno.o)
 .comment       0x000000000000007f       0x80 /usr/local/mcuxpressoide-10.3.0_2200/ide/plugins/com.nxp.mcuxpresso.tools.linux_10.3.0.201811011841/tools/bin/../lib/gcc/arm-none-eabi/7.3.1/../../../../arm-none-eabi/lib/thumb/v6-m/libcr_c.a(_deferredlazyseek.o)
 .comment       0x000000000000007f       0x80 /usr/local/mcuxpressoide-10.3.0_2200/ide/plugins/com.nxp.mcuxpresso.tools.linux_10.3.0.201811011841/tools/bin/../lib/gcc/arm-none-eabi/7.3.1/thumb/v6-m/libcr_eabihelpers.a(double.o)
 .comment       0x000000000000007f       0x80 /usr/local/mcuxpressoide-10.3.0_2200/ide/plugins/com.nxp.mcuxpresso.tools.linux_10.3.0.201811011841/tools/bin/../lib/gcc/arm-none-eabi/7.3.1/../../../../arm-none-eabi/lib/thumb/v6-m/libcr_semihost.a(__ciob.o)

.ARM.attributes
                0x0000000000000000       0x2f
 .ARM.attributes
                0x0000000000000000       0x31 ./src/cr_startup_lpc11xx.o
 .ARM.attributes
                0x0000000000000031       0x31 ./src/crp.o
 .ARM.attributes
                0x0000000000000062       0x31 ./src/firmware.o
 .ARM.attributes
                0x0000000000000093       0x31 ./src/iap_driver.o
 .ARM.attributes
                0x00000000000000c4       0x31 ./src/lcd_thermostat.o
 .ARM.attributes
                0x00000000000000f5       0x31 ./src/main.o
 .ARM.attributes
                0x0000000000000126       0x31 ./src/modbus.o
 .ARM.attributes
                0x0000000000000157       0x31 ./src/oneWire.o
 .ARM.attributes
                0x0000000000000188       0x31 ./src/pwm.o
 .ARM.attributes
                0x00000000000001b9       0x31 ./src/ssp.o
 .ARM.attributes
                0x00000000000001ea       0x31 ./src/timer16.o
 .ARM.attributes
                0x000000000000021b       0x31 ./src/timer32.o
 .ARM.attributes
                0x000000000000024c       0x31 ./src/triac.o
 .ARM.attributes
                0x000000000000027d       0x31 ./src/uart.o
 .ARM.attributes
                0x00000000000002ae       0x31 /usr/local/mcuxpressoide-10.3.0_2200/ide/plugins/com.nxp.mcuxpresso.tools.linux_10.3.0.201811011841/tools/bin/../lib/gcc/arm-none-eabi/7.3.1/../../../../arm-none-eabi/lib/thumb/v6-m/libcr_semihost.a(_cr__main.o)
 .ARM.attributes
                0x00000000000002df       0x31 /usr/local/mcuxpressoide-10.3.0_2200/ide/plugins/com.nxp.mcuxpresso.tools.linux_10.3.0.201811011841/tools/bin/../lib/gcc/arm-none-eabi/7.3.1/../../../../arm-none-eabi/lib/thumb/v6-m/libcr_c.a(memcpy.o)
 .ARM.attributes
                0x0000000000000310       0x31 /usr/local/mcuxpressoide-10.3.0_2200/ide/plugins/com.nxp.mcuxpresso.tools.linux_10.3.0.201811011841/tools/bin/../lib/gcc/arm-none-eabi/7.3.1/../../../../arm-none-eabi/lib/thumb/v6-m/libcr_c.a(memset.o)
 .ARM.attributes
                0x0000000000000341       0x31 /usr/local/mcuxpressoide-10.3.0_2200/ide/plugins/com.nxp.mcuxpresso.tools.linux_10.3.0.201811011841/tools/bin/../lib/gcc/arm-none-eabi/7.3.1/../../../../arm-none-eabi/lib/thumb/v6-m/libcr_c.a(initio.o)
 .ARM.attributes
                0x0000000000000372       0x31 /usr/local/mcuxpressoide-10.3.0_2200/ide/plugins/com.nxp.mcuxpresso.tools.linux_10.3.0.201811011841/tools/bin/../lib/gcc/arm-none-eabi/7.3.1/../../../../arm-none-eabi/lib/thumb/v6-m/libcr_c.a(setvbuf.o)
 .ARM.attributes
                0x00000000000003a3       0x31 /usr/local/mcuxpressoide-10.3.0_2200/ide/plugins/com.nxp.mcuxpresso.tools.linux_10.3.0.201811011841/tools/bin/../lib/gcc/arm-none-eabi/7.3.1/../../../../arm-none-eabi/lib/thumb/v6-m/libcr_c.a(_fdopen.o)
 .ARM.attributes
                0x00000000000003d4       0x31 /usr/local/mcuxpressoide-10.3.0_2200/ide/plugins/com.nxp.mcuxpresso.tools.linux_10.3.0.201811011841/tools/bin/../lib/gcc/arm-none-eabi/7.3.1/../../../../arm-none-eabi/lib/thumb/v6-m/libcr_c.a(fclose.o)
 .ARM.attributes
                0x0000000000000405       0x31 /usr/local/mcuxpressoide-10.3.0_2200/ide/plugins/com.nxp.mcuxpresso.tools.linux_10.3.0.201811011841/tools/bin/../lib/gcc/arm-none-eabi/7.3.1/../../../../arm-none-eabi/lib/thumb/v6-m/libcr_c.a(fflush.o)
 .ARM.attributes
                0x0000000000000436       0x31 /usr/local/mcuxpressoide-10.3.0_2200/ide/plugins/com.nxp.mcuxpresso.tools.linux_10.3.0.201811011841/tools/bin/../lib/gcc/arm-none-eabi/7.3.1/../../../../arm-none-eabi/lib/thumb/v6-m/libcr_c.a(fseek.o)
 .ARM.attributes
                0x0000000000000467       0x31 /usr/local/mcuxpressoide-10.3.0_2200/ide/plugins/com.nxp.mcuxpresso.tools.linux_10.3.0.201811011841/tools/bin/../lib/gcc/arm-none-eabi/7.3.1/../../../../arm-none-eabi/lib/thumb/v6-m/libcr_c.a(ftell.o)
 .ARM.attributes
                0x0000000000000498       0x31 /usr/local/mcuxpressoide-10.3.0_2200/ide/plugins/com.nxp.mcuxpresso.tools.linux_10.3.0.201811011841/tools/bin/../lib/gcc/arm-none-eabi/7.3.1/../../../../arm-none-eabi/lib/thumb/v6-m/libcr_c.a(remove.o)
 .ARM.attributes
                0x00000000000004c9       0x31 /usr/local/mcuxpressoide-10.3.0_2200/ide/plugins/com.nxp.mcuxpresso.tools.linux_10.3.0.201811011841/tools/bin/../lib/gcc/arm-none-eabi/7.3.1/../../../../arm-none-eabi/lib/thumb/v6-m/libcr_c.a(strlen.o)
 .ARM.attributes
                0x00000000000004fa       0x31 /usr/local/mcuxpressoide-10.3.0_2200/ide/plugins/com.nxp.mcuxpresso.tools.linux_10.3.0.201811011841/tools/bin/../lib/gcc/arm-none-eabi/7.3.1/../../../../arm-none-eabi/lib/thumb/v6-m/libcr_c.a(_do_fflush.o)
 .ARM.attributes
                0x000000000000052b       0x31 /usr/local/mcuxpressoide-10.3.0_2200/ide/plugins/com.nxp.mcuxpresso.tools.linux_10.3.0.201811011841/tools/bin/../lib/gcc/arm-none-eabi/7.3.1/../../../../arm-none-eabi/lib/thumb/v6-m/libcr_c.a(_fflush.o)
 .ARM.attributes
                0x000000000000055c       0x31 /usr/local/mcuxpressoide-10.3.0_2200/ide/plugins/com.nxp.mcuxpresso.tools.linux_10.3.0.201811011841/tools/bin/../lib/gcc/arm-none-eabi/7.3.1/../../../../arm-none-eabi/lib/thumb/v6-m/libcr_c.a(_writebuf.o)
 .ARM.attributes
                0x000000000000058d       0x31 /usr/local/mcuxpressoide-10.3.0_2200/ide/plugins/com.nxp.mcuxpresso.tools.linux_10.3.0.201811011841/tools/bin/../lib/gcc/arm-none-eabi/7.3.1/../../../../arm-none-eabi/lib/thumb/v6-m/libcr_c.a(alloc.o)
 .ARM.attributes
                0x00000000000005be       0x31 /usr/local/mcuxpressoide-10.3.0_2200/ide/plugins/com.nxp.mcuxpresso.tools.linux_10.3.0.201811011841/tools/bin/../lib/gcc/arm-none-eabi/7.3.1/../../../../arm-none-eabi/lib/thumb/v6-m/libcr_c.a(errno.o)
 .ARM.attributes
                0x00000000000005ef       0x31 /usr/local/mcuxpressoide-10.3.0_2200/ide/plugins/com.nxp.mcuxpresso.tools.linux_10.3.0.201811011841/tools/bin/../lib/gcc/arm-none-eabi/7.3.1/../../../../arm-none-eabi/lib/thumb/v6-m/libcr_c.a(_deferredlazyseek.o)
 .ARM.attributes
                0x0000000000000620       0x21 /usr/local/mcuxpressoide-10.3.0_2200/ide/plugins/com.nxp.mcuxpresso.tools.linux_10.3.0.201811011841/tools/bin/../lib/gcc/arm-none-eabi/7.3.1/thumb/v6-m/libcr_eabihelpers.a(division_32.o)
 .ARM.attributes
                0x0000000000000641       0x21 /usr/local/mcuxpressoide-10.3.0_2200/ide/plugins/com.nxp.mcuxpresso.tools.linux_10.3.0.201811011841/tools/bin/../lib/gcc/arm-none-eabi/7.3.1/thumb/v6-m/libcr_eabihelpers.a(division_64.o)
 .ARM.attributes
                0x0000000000000662       0x21 /usr/local/mcuxpressoide-10.3.0_2200/ide/plugins/com.nxp.mcuxpresso.tools.linux_10.3.0.201811011841/tools/bin/../lib/gcc/arm-none-eabi/7.3.1/thumb/v6-m/libcr_eabihelpers.a(division_idiv0.o)
 .ARM.attributes
                0x0000000000000683       0x31 /usr/local/mcuxpressoide-10.3.0_2200/ide/plugins/com.nxp.mcuxpresso.tools.linux_10.3.0.201811011841/tools/bin/../lib/gcc/arm-none-eabi/7.3.1/thumb/v6-m/libcr_eabihelpers.a(double.o)
 .ARM.attributes
                0x00000000000006b4       0x21 /usr/local/mcuxpressoide-10.3.0_2200/ide/plugins/com.nxp.mcuxpresso.tools.linux_10.3.0.201811011841/tools/bin/../lib/gcc/arm-none-eabi/7.3.1/thumb/v6-m/libcr_eabihelpers.a(memcpy.o)
 .ARM.attributes
                0x00000000000006d5       0x31 /usr/local/mcuxpressoide-10.3.0_2200/ide/plugins/com.nxp.mcuxpresso.tools.linux_10.3.0.201811011841/tools/bin/../lib/gcc/arm-none-eabi/7.3.1/../../../../arm-none-eabi/lib/thumb/v6-m/libcr_semihost.a(__ciob.o)
 .ARM.attributes
                0x0000000000000706       0x21 /usr/local/mcuxpressoide-10.3.0_2200/ide/plugins/com.nxp.mcuxpresso.tools.linux_10.3.0.201811011841/tools/bin/../lib/gcc/arm-none-eabi/7.3.1/../../../../arm-none-eabi/lib/thumb/v6-m/libcr_semihost.a(__sys_close.o)
 .ARM.attributes
                0x0000000000000727       0x21 /usr/local/mcuxpressoide-10.3.0_2200/ide/plugins/com.nxp.mcuxpresso.tools.linux_10.3.0.201811011841/tools/bin/../lib/gcc/arm-none-eabi/7.3.1/../../../../arm-none-eabi/lib/thumb/v6-m/libcr_semihost.a(__sys_flen.o)
 .ARM.attributes
                0x0000000000000748       0x21 /usr/local/mcuxpressoide-10.3.0_2200/ide/plugins/com.nxp.mcuxpresso.tools.linux_10.3.0.201811011841/tools/bin/../lib/gcc/arm-none-eabi/7.3.1/../../../../arm-none-eabi/lib/thumb/v6-m/libcr_semihost.a(__sys_istty.o)
 .ARM.attributes
                0x0000000000000769       0x21 /usr/local/mcuxpressoide-10.3.0_2200/ide/plugins/com.nxp.mcuxpresso.tools.linux_10.3.0.201811011841/tools/bin/../lib/gcc/arm-none-eabi/7.3.1/../../../../arm-none-eabi/lib/thumb/v6-m/libcr_semihost.a(__sys_remove.o)
 .ARM.attributes
                0x000000000000078a       0x21 /usr/local/mcuxpressoide-10.3.0_2200/ide/plugins/com.nxp.mcuxpresso.tools.linux_10.3.0.201811011841/tools/bin/../lib/gcc/arm-none-eabi/7.3.1/../../../../arm-none-eabi/lib/thumb/v6-m/libcr_semihost.a(__sys_seek.o)
 .ARM.attributes
                0x00000000000007ab       0x21 /usr/local/mcuxpressoide-10.3.0_2200/ide/plugins/com.nxp.mcuxpresso.tools.linux_10.3.0.201811011841/tools/bin/../lib/gcc/arm-none-eabi/7.3.1/../../../../arm-none-eabi/lib/thumb/v6-m/libcr_semihost.a(__sys_tmpnam.o)
 .ARM.attributes
                0x00000000000007cc       0x21 /usr/local/mcuxpressoide-10.3.0_2200/ide/plugins/com.nxp.mcuxpresso.tools.linux_10.3.0.201811011841/tools/bin/../lib/gcc/arm-none-eabi/7.3.1/../../../../arm-none-eabi/lib/thumb/v6-m/libcr_semihost.a(__sys_write.o)

.debug_frame    0x0000000000000000      0x6f0
 .debug_frame   0x0000000000000000       0xb0 ./src/cr_startup_lpc11xx.o
 .debug_frame   0x00000000000000b0       0x68 ./src/firmware.o
 .debug_frame   0x0000000000000118       0x70 ./src/iap_driver.o
 .debug_frame   0x0000000000000188       0x5c ./src/lcd_thermostat.o
 .debug_frame   0x00000000000001e4       0x80 ./src/main.o
 .debug_frame   0x0000000000000264      0x128 ./src/modbus.o
 .debug_frame   0x000000000000038c       0x68 ./src/oneWire.o
 .debug_frame   0x00000000000003f4       0x5c ./src/pwm.o
 .debug_frame   0x0000000000000450       0xc4 ./src/ssp.o
 .debug_frame   0x0000000000000514       0xa8 ./src/timer16.o
 .debug_frame   0x00000000000005bc       0x74 ./src/timer32.o
 .debug_frame   0x0000000000000630       0x58 ./src/triac.o
 .debug_frame   0x0000000000000688       0x68 ./src/uart.o
